-- The CXX compiler identification is GNU 14.3.0
-- The C compiler identification is GNU 14.3.0
-- Detecting CXX compiler ABI info
-- Detecting CXX compiler ABI info - done
-- Check for working CXX compiler: /nix/store/5nqpcyrc0amf9z9qy7grgrg61z8781jv-aarch64-unknown-linux-musl-gcc-wrapper-14.3.0/bin/aarch64-unknown-linux-musl-g++ - skipped
-- Detecting CXX compile features
-- Detecting CXX compile features - done
-- Detecting C compiler ABI info
-- Detecting C compiler ABI info - done
-- Check for working C compiler: /nix/store/5nqpcyrc0amf9z9qy7grgrg61z8781jv-aarch64-unknown-linux-musl-gcc-wrapper-14.3.0/bin/aarch64-unknown-linux-musl-gcc - skipped
-- Detecting C compile features
-- Detecting C compile features - done
-- Performing Test CMAKE_HAVE_LIBC_PTHREAD
-- Performing Test CMAKE_HAVE_LIBC_PTHREAD - Success
-- Found Threads: TRUE
-- Found PkgConfig: /nix/store/zagidnf23wrrm7b089ws3y3pn2lswv48-pkg-config-0.29.2/bin/pkg-config (found version "0.29.2")
-- Checking for module 'libusb-1.0'
--   Found libusb-1.0, version 1.0.29
-- Found Python3: /home/gilankpam/.nix-profile/bin/python3.13 (found version "3.13.12") found components: Interpreter
-- Configuring done (0.5s)
-- Generating done (0.1s)
-- Build files have been written to: /home/gilankpam/Projects/drone/mabur/build-arm64-losssim
[  0%] Building CXX object devourer/CMakeFiles/devourer.dir/src/ParsedRadioPacket.cpp.o
[  6%] Building C object devourer/CMakeFiles/devourer.dir/src/Radiotap.c.o
[  6%] Building CXX object devourer/CMakeFiles/devourer.dir/src/UsbTransport.cpp.o
[  6%] Building CXX object devourer/CMakeFiles/devourer.dir/src/HalmacCfgParam.cpp.o
[ 13%] Building CXX object common/CMakeFiles/mabur_common.dir/src/gf256.cpp.o
[ 13%] Building CXX object devourer/CMakeFiles/devourer.dir/src/RadiotapBuilder.cpp.o
[ 13%] Building CXX object devourer/CMakeFiles/devourer.dir/src/RtlAdapter.cpp.o
[ 13%] Building CXX object common/CMakeFiles/mabur_common.dir/src/crc16.cpp.o
[ 13%] Building CXX object common/CMakeFiles/mabur_common.dir/src/frag.cpp.o
[ 13%] Building CXX object devourer/CMakeFiles/devourer.dir/src/TxMode.cpp.o
[ 17%] Building CXX object devourer/CMakeFiles/devourer.dir/src/UsbDeviceLock.cpp.o
[ 20%] Building CXX object common/CMakeFiles/mabur_common.dir/src/nal.cpp.o
[ 20%] Building CXX object devourer/CMakeFiles/devourer.dir/src/UsbOpen.cpp.o
[ 24%] Building CXX object common/CMakeFiles/mabur_common.dir/src/sbi.cpp.o
[ 24%] Building CXX object common/CMakeFiles/mabur_common.dir/src/uep_decoder.cpp.o
[ 24%] Building CXX object common/CMakeFiles/mabur_common.dir/src/rc_proto.cpp.o
[ 24%] Building CXX object devourer/CMakeFiles/devourer.dir/src/TxPower.cpp.o
[ 24%] Building CXX object common/CMakeFiles/mabur_common.dir/src/uep_encoder.cpp.o
[ 27%] Building CXX object devourer/CMakeFiles/devourer.dir/src/chanmig/ChannelScore.cpp.o
[ 27%] Building CXX object devourer/CMakeFiles/devourer.dir/src/LinkHealth.cpp.o
[ 31%] Building CXX object devourer/CMakeFiles/devourer.dir/src/chanmig/MigGate.cpp.o
[ 34%] Building CXX object common/CMakeFiles/mabur_common.dir/src/profile.cpp.o
[ 34%] Building CXX object devourer/CMakeFiles/devourer.dir/src/SignalStop.cpp.o
[ 34%] Building CXX object common/CMakeFiles/mabur_common.dir/src/node.cpp.o
/home/gilankpam/Projects/drone/devourer/src/Radiotap.c: In function ‘ieee80211_radiotap_iterator_init’:
/home/gilankpam/Projects/drone/devourer/src/Radiotap.c:225:28: warning: taking address of packed member of ‘struct ieee80211_radiotap_header’ may result in an unaligned pointer value [-Waddress-of-packed-member]
  225 |   iterator->_next_bitmap = &radiotap_header->it_present; // NOLINT(clang-diagnostic-address-of-packed-member)
      |                            ^~~~~~~~~~~~~~~~~~~~~~~~~~~~
[ 34%] Building CXX object common/CMakeFiles/mabur_common.dir/src/sw_wire.cpp.o
[ 37%] Building CXX object common/CMakeFiles/mabur_common.dir/src/sw_encoder.cpp.o
[ 37%] Building CXX object common/CMakeFiles/mabur_common.dir/src/sw_decoder.cpp.o
[ 41%] Building CXX object devourer/CMakeFiles/devourer.dir/src/WiFiDriver.cpp.o
[ 44%] Building CXX object common/CMakeFiles/mabur_common.dir/src/msp_dp.cpp.o
[ 44%] Building CXX object devourer/CMakeFiles/devourer.dir/src/LaCapture.cpp.o
[ 44%] Building CXX object common/CMakeFiles/mabur_common.dir/src/msp_source.cpp.o
[ 48%] Building CXX object common/CMakeFiles/mabur_common.dir/src/fec_worker.cpp.o
In file included from /nix/store/zql8xpi2jn308l6jf7cvcgmls2l6npy6-aarch64-unknown-linux-musl-gcc-14.3.0/include/c++/14.3.0/aarch64-unknown-linux-musl/bits/c++allocator.h:33,
                 from /nix/store/zql8xpi2jn308l6jf7cvcgmls2l6npy6-aarch64-unknown-linux-musl-gcc-14.3.0/include/c++/14.3.0/bits/allocator.h:46,
                 from /nix/store/zql8xpi2jn308l6jf7cvcgmls2l6npy6-aarch64-unknown-linux-musl-gcc-14.3.0/include/c++/14.3.0/vector:63,
                 from /home/gilankpam/Projects/drone/mabur/common/include/mabur/sbi.h:4,
                 from /home/gilankpam/Projects/drone/mabur/common/src/sbi.cpp:1:
In member function ‘void std::__new_allocator<_Tp>::deallocate(_Tp*, size_type) [with _Tp = unsigned char]’,
    inlined from ‘constexpr void std::allocator< <template-parameter-1-1> >::deallocate(_Tp*, std::size_t) [with _Tp = unsigned char]’ at /nix/store/zql8xpi2jn308l6jf7cvcgmls2l6npy6-aarch64-unknown-linux-musl-gcc-14.3.0/include/c++/14.3.0/bits/allocator.h:208:35,
    inlined from ‘static constexpr void std::allocator_traits<std::allocator<_Up> >::deallocate(allocator_type&, pointer, size_type) [with _Tp = unsigned char]’ at /nix/store/zql8xpi2jn308l6jf7cvcgmls2l6npy6-aarch64-unknown-linux-musl-gcc-14.3.0/include/c++/14.3.0/bits/alloc_traits.h:550:23,
    inlined from ‘constexpr std::vector<_Tp, _Alloc>::_M_realloc_append(_Args&& ...)::_Guard::~_Guard() [with _Args = {unsigned char}; _Tp = unsigned char; _Alloc = std::allocator<unsigned char>]’ at /nix/store/zql8xpi2jn308l6jf7cvcgmls2l6npy6-aarch64-unknown-linux-musl-gcc-14.3.0/include/c++/14.3.0/bits/vector.tcc:616:18,
    inlined from ‘constexpr void std::vector<_Tp, _Alloc>::_M_realloc_append(_Args&& ...) [with _Args = {unsigned char}; _Tp = unsigned char; _Alloc = std::allocator<unsigned char>]’ at /nix/store/zql8xpi2jn308l6jf7cvcgmls2l6npy6-aarch64-unknown-linux-musl-gcc-14.3.0/include/c++/14.3.0/bits/vector.tcc:688:7,
    inlined from ‘constexpr std::vector<_Tp, _Alloc>::reference std::vector<_Tp, _Alloc>::emplace_back(_Args&& ...) [with _Args = {unsigned char}; _Tp = unsigned char; _Alloc = std::allocator<unsigned char>]’ at /nix/store/zql8xpi2jn308l6jf7cvcgmls2l6npy6-aarch64-unknown-linux-musl-gcc-14.3.0/include/c++/14.3.0/bits/vector.tcc:123:21,
    inlined from ‘constexpr void std::vector<_Tp, _Alloc>::push_back(value_type&&) [with _Tp = unsigned char; _Alloc = std::allocator<unsigned char>]’ at /nix/store/zql8xpi2jn308l6jf7cvcgmls2l6npy6-aarch64-unknown-linux-musl-gcc-14.3.0/include/c++/14.3.0/bits/stl_vector.h:1314:21,
    inlined from ‘std::vector<unsigned char> mabur::SbiPacker::build_body(const std::vector<std::vector<unsigned char> >&)’ at /home/gilankpam/Projects/drone/mabur/common/src/sbi.cpp:41:16:
/nix/store/zql8xpi2jn308l6jf7cvcgmls2l6npy6-aarch64-unknown-linux-musl-gcc-14.3.0/include/c++/14.3.0/bits/new_allocator.h:172:33: warning: ‘void operator delete(void*, std::size_t)’ called on pointer ‘<unknown>’ with nonzero offset [1, 9223372036854775807] [-Wfree-nonheap-object]
  172 |         _GLIBCXX_OPERATOR_DELETE(_GLIBCXX_SIZED_DEALLOC(__p, __n));
      |                                 ^
In member function ‘_Tp* std::__new_allocator<_Tp>::allocate(size_type, const void*) [with _Tp = unsigned char]’,
    inlined from ‘constexpr _Tp* std::allocator< <template-parameter-1-1> >::allocate(std::size_t) [with _Tp = unsigned char]’ at /nix/store/zql8xpi2jn308l6jf7cvcgmls2l6npy6-aarch64-unknown-linux-musl-gcc-14.3.0/include/c++/14.3.0/bits/allocator.h:196:40,
    inlined from ‘static constexpr _Tp* std::allocator_traits<std::allocator<_Up> >::allocate(allocator_type&, size_type) [with _Tp = unsigned char]’ at /nix/store/zql8xpi2jn308l6jf7cvcgmls2l6npy6-aarch64-unknown-linux-musl-gcc-14.3.0/include/c++/14.3.0/bits/alloc_traits.h:515:28,
    inlined from ‘constexpr std::_Vector_base<_Tp, _Alloc>::pointer std::_Vector_base<_Tp, _Alloc>::_M_allocate(std::size_t) [with _Tp = unsigned char; _Alloc = std::allocator<unsigned char>]’ at /nix/store/zql8xpi2jn308l6jf7cvcgmls2l6npy6-aarch64-unknown-linux-musl-gcc-14.3.0/include/c++/14.3.0/bits/stl_vector.h:383:33,
    inlined from ‘constexpr void std::vector<_Tp, _Alloc>::reserve(size_type) [with _Tp = unsigned char; _Alloc = std::allocator<unsigned char>]’ at /nix/store/zql8xpi2jn308l6jf7cvcgmls2l6npy6-aarch64-unknown-linux-musl-gcc-14.3.0/include/c++/14.3.0/bits/vector.tcc:79:33,
    inlined from ‘std::vector<unsigned char> mabur::SbiPacker::build_body(const std::vector<std::vector<unsigned char> >&)’ at /home/gilankpam/Projects/drone/mabur/common/src/sbi.cpp:38:14:
/nix/store/zql8xpi2jn308l6jf7cvcgmls2l6npy6-aarch64-unknown-linux-musl-gcc-14.3.0/include/c++/14.3.0/bits/new_allocator.h:151:55: note: returned from ‘void* operator new(std::size_t)’
  151 |         return static_cast<_Tp*>(_GLIBCXX_OPERATOR_NEW(__n * sizeof(_Tp)));
      |                                                       ^
[ 48%] Building CXX object common/CMakeFiles/mabur_common.dir/src/frame_wire.cpp.o
In file included from /nix/store/zql8xpi2jn308l6jf7cvcgmls2l6npy6-aarch64-unknown-linux-musl-gcc-14.3.0/include/c++/14.3.0/aarch64-unknown-linux-musl/bits/c++allocator.h:33,
                 from /nix/store/zql8xpi2jn308l6jf7cvcgmls2l6npy6-aarch64-unknown-linux-musl-gcc-14.3.0/include/c++/14.3.0/bits/allocator.h:46,
                 from /nix/store/zql8xpi2jn308l6jf7cvcgmls2l6npy6-aarch64-unknown-linux-musl-gcc-14.3.0/include/c++/14.3.0/vector:63,
                 from /home/gilankpam/Projects/drone/mabur/common/include/mabur/node.h:5,
                 from /home/gilankpam/Projects/drone/mabur/common/src/node.cpp:1:
In member function ‘void std::__new_allocator<_Tp>::deallocate(_Tp*, size_type) [with _Tp = unsigned char]’,
    inlined from ‘constexpr void std::allocator< <template-parameter-1-1> >::deallocate(_Tp*, std::size_t) [with _Tp = unsigned char]’ at /nix/store/zql8xpi2jn308l6jf7cvcgmls2l6npy6-aarch64-unknown-linux-musl-gcc-14.3.0/include/c++/14.3.0/bits/allocator.h:208:35,
    inlined from ‘static constexpr void std::allocator_traits<std::allocator<_Up> >::deallocate(allocator_type&, pointer, size_type) [with _Tp = unsigned char]’ at /nix/store/zql8xpi2jn308l6jf7cvcgmls2l6npy6-aarch64-unknown-linux-musl-gcc-14.3.0/include/c++/14.3.0/bits/alloc_traits.h:550:23,
    inlined from ‘constexpr std::vector<_Tp, _Alloc>::_M_realloc_append(_Args&& ...)::_Guard::~_Guard() [with _Args = {unsigned char}; _Tp = unsigned char; _Alloc = std::allocator<unsigned char>]’ at /nix/store/zql8xpi2jn308l6jf7cvcgmls2l6npy6-aarch64-unknown-linux-musl-gcc-14.3.0/include/c++/14.3.0/bits/vector.tcc:616:18,
    inlined from ‘constexpr void std::vector<_Tp, _Alloc>::_M_realloc_append(_Args&& ...) [with _Args = {unsigned char}; _Tp = unsigned char; _Alloc = std::allocator<unsigned char>]’ at /nix/store/zql8xpi2jn308l6jf7cvcgmls2l6npy6-aarch64-unknown-linux-musl-gcc-14.3.0/include/c++/14.3.0/bits/vector.tcc:688:7,
    inlined from ‘constexpr std::vector<_Tp, _Alloc>::reference std::vector<_Tp, _Alloc>::emplace_back(_Args&& ...) [with _Args = {unsigned char}; _Tp = unsigned char; _Alloc = std::allocator<unsigned char>]’ at /nix/store/zql8xpi2jn308l6jf7cvcgmls2l6npy6-aarch64-unknown-linux-musl-gcc-14.3.0/include/c++/14.3.0/bits/vector.tcc:123:21,
    inlined from ‘constexpr void std::vector<_Tp, _Alloc>::push_back(value_type&&) [with _Tp = unsigned char; _Alloc = std::allocator<unsigned char>]’ at /nix/store/zql8xpi2jn308l6jf7cvcgmls2l6npy6-aarch64-unknown-linux-musl-gcc-14.3.0/include/c++/14.3.0/bits/stl_vector.h:1314:21,
    inlined from ‘void mabur::node::{anonymous}::put_u16(std::vector<unsigned char>&, uint16_t)’ at /home/gilankpam/Projects/drone/mabur/common/src/node.cpp:11:14,
    inlined from ‘std::vector<unsigned char> mabur::node::pack_rx_body(const RxBody&)’ at /home/gilankpam/Projects/drone/mabur/common/src/node.cpp:37:10:
/nix/store/zql8xpi2jn308l6jf7cvcgmls2l6npy6-aarch64-unknown-linux-musl-gcc-14.3.0/include/c++/14.3.0/bits/new_allocator.h:172:33: warning: ‘void operator delete(void*, std::size_t)’ called on pointer ‘<unknown>’ with nonzero offset [1, 9223372036854775807] [-Wfree-nonheap-object]
  172 |         _GLIBCXX_OPERATOR_DELETE(_GLIBCXX_SIZED_DEALLOC(__p, __n));
      |                                 ^
In member function ‘_Tp* std::__new_allocator<_Tp>::allocate(size_type, const void*) [with _Tp = unsigned char]’,
    inlined from ‘constexpr _Tp* std::allocator< <template-parameter-1-1> >::allocate(std::size_t) [with _Tp = unsigned char]’ at /nix/store/zql8xpi2jn308l6jf7cvcgmls2l6npy6-aarch64-unknown-linux-musl-gcc-14.3.0/include/c++/14.3.0/bits/allocator.h:196:40,
    inlined from ‘static constexpr _Tp* std::allocator_traits<std::allocator<_Up> >::allocate(allocator_type&, size_type) [with _Tp = unsigned char]’ at /nix/store/zql8xpi2jn308l6jf7cvcgmls2l6npy6-aarch64-unknown-linux-musl-gcc-14.3.0/include/c++/14.3.0/bits/alloc_traits.h:515:28,
    inlined from ‘constexpr std::_Vector_base<_Tp, _Alloc>::pointer std::_Vector_base<_Tp, _Alloc>::_M_allocate(std::size_t) [with _Tp = unsigned char; _Alloc = std::allocator<unsigned char>]’ at /nix/store/zql8xpi2jn308l6jf7cvcgmls2l6npy6-aarch64-unknown-linux-musl-gcc-14.3.0/include/c++/14.3.0/bits/stl_vector.h:383:33,
    inlined from ‘constexpr void std::vector<_Tp, _Alloc>::reserve(size_type) [with _Tp = unsigned char; _Alloc = std::allocator<unsigned char>]’ at /nix/store/zql8xpi2jn308l6jf7cvcgmls2l6npy6-aarch64-unknown-linux-musl-gcc-14.3.0/include/c++/14.3.0/bits/vector.tcc:79:33,
    inlined from ‘std::vector<unsigned char> mabur::node::pack_rx_body(const RxBody&)’ at /home/gilankpam/Projects/drone/mabur/common/src/node.cpp:36:12:
/nix/store/zql8xpi2jn308l6jf7cvcgmls2l6npy6-aarch64-unknown-linux-musl-gcc-14.3.0/include/c++/14.3.0/bits/new_allocator.h:151:55: note: returned from ‘void* operator new(std::size_t)’
  151 |         return static_cast<_Tp*>(_GLIBCXX_OPERATOR_NEW(__n * sizeof(_Tp)));
      |                                                       ^
[ 48%] Building CXX object devourer/CMakeFiles/devourer.dir/src/PhyTableLoader.cpp.o
[ 51%] Building CXX object devourer/CMakeFiles/devourer.dir/src/jaguar3/RtlJaguar3Device.cpp.o
[ 51%] Building CXX object devourer/CMakeFiles/devourer.dir/src/jaguar3/HalJaguar3.cpp.o
[ 55%] Building CXX object devourer/CMakeFiles/devourer.dir/src/jaguar3/HalmacJaguar3Fw.cpp.o
[ 55%] Building CXX object devourer/CMakeFiles/devourer.dir/src/jaguar3/HalmacJaguar3MacInit.cpp.o
In file included from /home/gilankpam/Projects/drone/devourer/src/jaguar3/FrameParserJaguar3.h:8,
                 from /home/gilankpam/Projects/drone/devourer/src/jaguar3/RtlJaguar3Device.cpp:20:
/home/gilankpam/Projects/drone/devourer/hal/basic_types.h:22:9: warning: "le32_to_cpu" redefined
   22 | #define le32_to_cpu(x) ((__u32)(x))
      |         ^~~~~~~~~~~
In file included from /home/gilankpam/Projects/drone/devourer/src/RadiotapPeek.h:19,
                 from /home/gilankpam/Projects/drone/devourer/src/jaguar3/RtlJaguar3Device.cpp:12:
/home/gilankpam/Projects/drone/devourer/src/ieee80211_radiotap.h:26:9: note: this is the location of the previous definition
   26 | #define le32_to_cpu(x) (x)
      |         ^~~~~~~~~~~
/home/gilankpam/Projects/drone/devourer/hal/basic_types.h:24:9: warning: "le16_to_cpu" redefined
   24 | #define le16_to_cpu(x) ((__u16)(x))
      |         ^~~~~~~~~~~
/home/gilankpam/Projects/drone/devourer/src/ieee80211_radiotap.h:22:9: note: this is the location of the previous definition
   22 | #define le16_to_cpu(x) (x)
      |         ^~~~~~~~~~~
[ 58%] Building CXX object devourer/CMakeFiles/devourer.dir/src/jaguar3/RadioManagementJaguar3.cpp.o
[ 58%] Building CXX object devourer/CMakeFiles/devourer.dir/src/jaguar3/PhydmRuntimeJaguar3.cpp.o
[ 58%] Building CXX object devourer/CMakeFiles/devourer.dir/src/jaguar3/PhyTableLoaderJaguar3.cpp.o
[ 62%] Building CXX object devourer/CMakeFiles/devourer.dir/src/jaguar3/Phy8822cTables.cpp.o
[ 62%] Building CXX object devourer/CMakeFiles/devourer.dir/src/jaguar3/Halrf8822c.cpp.o
[ 65%] Building C object devourer/CMakeFiles/devourer.dir/hal/hal8822e_fw.c.o
[ 65%] Building C object devourer/CMakeFiles/devourer.dir/hal/phydm/rtl8822e/Hal8822e_PhyTables.c.o
[ 65%] Building CXX object devourer/CMakeFiles/devourer.dir/src/jaguar3/Phy8822eTables.cpp.o
[ 68%] Building CXX object devourer/CMakeFiles/devourer.dir/src/jaguar3/Halrf8822e.cpp.o
[ 68%] Linking CXX static library libmabur_common.a
[ 68%] Built target mabur_common
[ 72%] Building CXX object gs/CMakeFiles/mabur_gs_core.dir/src/udp_sink.cpp.o
[ 72%] Building CXX object gs/CMakeFiles/mabur_gs_core.dir/src/frame_file_source.cpp.o
[ 72%] Building CXX object gs/CMakeFiles/mabur_gs_core.dir/src/aggregator.cpp.o
[ 75%] Building CXX object gs/CMakeFiles/mabur_gs_core.dir/src/rendezvous.cpp.o
[ 79%] Building CXX object gs/CMakeFiles/mabur_gs_core.dir/src/config.cpp.o
[ 82%] Building CXX object gs/CMakeFiles/mabur_gs_core.dir/src/ladder_controller.cpp.o
[ 82%] Building CXX object gs/CMakeFiles/mabur_gs_core.dir/src/rung_store.cpp.o
[ 82%] Building CXX object gs/CMakeFiles/mabur_gs_core.dir/src/vrx_controller.cpp.o
[ 82%] Building CXX object gs/CMakeFiles/mabur_gs_core.dir/src/ctl_log.cpp.o
[ 86%] Building CXX object gs/CMakeFiles/mabur_gs_core.dir/src/tx_selector.cpp.o
[ 86%] Building CXX object gs/CMakeFiles/mabur_gs_core.dir/src/msp_sink.cpp.o
[ 89%] Building CXX object gs/CMakeFiles/mabur_gs_core.dir/src/frame_stream.cpp.o
[ 89%] Building CXX object gs/CMakeFiles/mabur_gs_core.dir/src/au_ring.cpp.o
[ 93%] Building CXX object gs/CMakeFiles/mabur_gs_core.dir/src/stats_exporter.cpp.o
[ 93%] Building CXX object gs/CMakeFiles/mabur_gs_core.dir/src/au_doorbell.cpp.o
[ 93%] Linking CXX static library libdevourer.a
[ 93%] Built target devourer
[ 93%] Linking CXX static library libmabur_gs_core.a
[ 93%] Built target mabur_gs_core
[ 96%] Building CXX object gs/CMakeFiles/mabur_gs_radio.dir/src/radio_frontend.cpp.o
[ 96%] Linking CXX static library libmabur_gs_radio.a
[ 96%] Built target mabur_gs_radio
[ 96%] Building CXX object gs/CMakeFiles/maburgs.dir/src/main.cpp.o
[100%] Linking CXX executable maburgs
[100%] Built target maburgs
out/arm64/maburgs.losssim: ELF 64-bit LSB executable, ARM aarch64, version 1 (SYSV), statically linked, stripped
