Using udevCheckHook
-- Configuring done (0.1s)
-- Generating done (0.1s)
-- Build files have been written to: /home/gilankpam/Projects/drone/mabur/build-arm64
[  3%] Building CXX object common/CMakeFiles/mabur_common.dir/src/uep_encoder.cpp.o
[  6%] Building CXX object common/CMakeFiles/mabur_common.dir/src/profile.cpp.o
[  6%] Building CXX object common/CMakeFiles/mabur_common.dir/src/uep_decoder.cpp.o
[ 51%] Built target devourer
[ 51%] Linking CXX static library libmabur_common.a
[ 68%] Built target mabur_common
[ 72%] Building CXX object gs/CMakeFiles/mabur_gs_core.dir/src/config.cpp.o
[ 72%] Building CXX object gs/CMakeFiles/mabur_gs_core.dir/src/ladder_controller.cpp.o
[ 75%] Building CXX object gs/CMakeFiles/mabur_gs_core.dir/src/aggregator.cpp.o
[ 75%] Building CXX object gs/CMakeFiles/mabur_gs_core.dir/src/stats_exporter.cpp.o
[ 75%] Linking CXX static library libmabur_gs_core.a
[ 93%] Built target mabur_gs_core
[ 96%] Built target mabur_gs_radio
[100%] Building CXX object gs/CMakeFiles/maburgs.dir/src/main.cpp.o
[100%] Linking CXX executable maburgs
[100%] Built target maburgs
[ 44%] Built target devourer
[ 68%] Built target mabur_common
[ 93%] Built target mabur_gs_core
[ 96%] Built target mabur_gs_radio
[ 96%] Linking CXX executable linkbench-rx
[100%] Built target linkbench-rx
[ 24%] Built target mabur_common
[ 68%] Built target devourer
[ 93%] Built target mabur_gs_core
[ 96%] Built target mabur_gs_radio
[ 96%] Linking CXX executable txagcbench-rx
[100%] Built target txagcbench-rx
[ 26%] Built target mabur_common
[ 53%] Built target mabur_gs_core
[ 84%] Built target mabur_player_core
[ 88%] Linking CXX executable maburplay
[100%] Built target maburplay
[ 30%] Built target mabur_common
[ 60%] Built target mabur_gs_core
[ 95%] Built target mabur_player_core
[ 95%] Linking CXX executable encosd
[100%] Built target encosd
out/arm64/maburgs:       ELF 64-bit LSB executable, ARM aarch64, version 1 (SYSV), statically linked, stripped
out/arm64/linkbench-rx:  ELF 64-bit LSB executable, ARM aarch64, version 1 (SYSV), statically linked, stripped
out/arm64/txagcbench-rx: ELF 64-bit LSB executable, ARM aarch64, version 1 (SYSV), statically linked, stripped
out/arm64/maburplay:     ELF 64-bit LSB executable, ARM aarch64, version 1 (SYSV), statically linked, stripped
out/arm64/encosd:        ELF 64-bit LSB executable, ARM aarch64, version 1 (SYSV), statically linked, stripped
