ctllog 3 ladder=0/100,1/100,2/50,3/50,4/25,5/25 down_util=0.35 up_util=0.15
S 8831 0 0.0000 nan 0.0000 0.0000 0.0000 nan 0.0000 nan nan
S 15044 0 0.0000 nan 0.0000 0.0000 0.0000 nan 0.0000 nan nan
S 16054 0 0.0000 nan 0.0000 0.0000 0.0000 nan 0.0000 nan nan
S 17054 0 0.0000 nan 0.0000 0.0000 0.0000 nan 0.0000 nan nan
S 18065 0 0.0000 nan 0.0000 0.0000 0.0000 nan 0.0000 nan nan
S 19065 0 0.0000 nan 0.0000 0.0000 0.0000 nan 0.0000 nan nan
S 20069 0 0.0000 nan 0.0000 0.0000 0.0000 nan 0.0000 nan nan
S 21072 0 0.0000 nan 0.0000 0.0000 0.0000 nan 0.0000 nan nan
S 22080 0 0.0000 nan 0.0000 0.0000 0.0000 nan 0.0000 nan nan
S 23091 0 0.0000 nan 0.0000 0.0000 0.0000 nan 0.0000 nan nan
S 24102 0 0.0000 nan 0.0000 0.0000 0.0000 nan 0.0000 nan nan
S 25104 0 0.0000 nan 0.0000 0.0000 0.0000 nan 0.0000 nan nan
S 26114 0 0.0000 nan 0.0000 0.0000 0.0000 nan 0.0000 nan nan
S 27125 0 0.0000 nan 0.0000 0.0000 0.0000 nan 0.0000 nan nan
S 28127 0 0.0000 nan 0.0000 0.0000 0.0000 nan 0.0000 nan nan
S 29128 0 0.0000 nan 0.0000 0.0000 0.0000 nan 0.0000 nan nan
S 30137 0 0.0000 nan 0.0000 0.0000 0.0000 nan 0.0000 nan nan
S 31147 0 0.0000 nan 0.0000 0.0000 0.0000 nan 0.0000 nan nan
S 32148 0 0.0000 nan 0.0000 0.0000 0.0000 nan 0.0000 nan nan
S 33156 0 0.0000 nan 0.0000 0.0000 0.0000 nan 0.0000 nan nan
S 34167 0 0.0000 nan 0.0000 0.0000 0.0000 nan 0.0000 nan nan
S 35170 0 0.0000 nan 0.0000 0.0000 0.0000 nan 0.0000 nan nan
S 36180 0 0.0000 nan 0.0000 0.0000 0.0000 nan 0.0000 nan nan
S 37183 0 0.0000 nan 0.0000 0.0000 0.0000 nan 0.0000 nan nan
S 38193 0 0.0000 nan 0.0000 0.0000 0.0000 nan 0.0000 nan nan
S 39199 0 0.0000 nan 0.0000 0.0000 0.0000 nan 0.0000 nan nan
S 40207 0 0.0000 nan 0.0000 0.0000 0.0000 nan 0.0000 nan nan
S 41212 0 0.0000 nan 0.0000 0.0000 0.0000 nan 0.0000 nan nan
S 42212 0 0.6176 34.2 0.0000 0.0000 0.0000 -14.6 0.0000 2.0 1.4
S 43216 0 0.1599 35.6 0.0000 0.1406 0.0000 -14.8 0.0000 -0.1 -0.2
S 44216 0 0.3718 35.3 0.0000 0.2222 0.0000 -14.1 0.0000 0.1 -0.3
S 45225 0 0.0000 33.7 0.0000 0.0000 0.0000 -14.2 0.0000 3.4 0.0
R 45225 0 0.0161 0.0011 0.1158 0.0000 -14.5 0.08 62 0.0 0.0000 0
S 46227 0 0.0437 33.6 0.0000 0.0000 0.0000 -14.2 0.0000 -0.0 0.0
S 47233 0 0.0273 34.4 0.0000 0.0000 0.0000 -13.9 0.0000 -0.3 -0.1
S 48242 0 0.0370 34.3 0.0000 0.0220 0.0000 -14.3 0.0000 -2.8 -0.3
S 49242 0 0.0000 34.1 0.0000 0.0000 0.0000 -14.0 0.0000 1.1 0.1
S 50243 0 0.0000 34.4 0.0000 0.0000 0.0000 -14.0 0.0000 -0.2 0.1
S 51243 0 0.0000 34.2 0.0000 0.0000 0.0000 -13.8 0.0000 -1.3 0.2
E 51578 0 1 promote 0.0000 35.1 -13.8
R 51578 0 0.0173 0.0020 0.1075 0.0000 -14.4 0.16 176 0.0 0.0000 0
R 51578 1 0.0000 0.0000 0.0000 0.0000 nan nan 0 -1.0 0.0000 35
P 51578 1 pass 35.1 0.0000 2035 -13.8
S 52243 1 0.0571 nan 0.0000 0.0309 0.0000 nan 0.0000 -0.5 -0.0
S 53244 1 0.0049 34.7 0.0000 0.0000 0.0000 -14.4 0.0000 0.0 0.0
S 54252 1 0.0212 34.9 0.0000 0.0230 0.0000 -14.4 0.0000 0.0 0.0
S 55257 1 0.0329 34.9 0.0000 0.0000 0.0000 -14.3 0.0000 -1.0 -0.1
R 55257 0 0.0173 0.0020 0.1075 0.0000 -14.4 0.16 176 3.7 0.0000 0
R 55257 1 0.0403 0.0000 0.0643 0.0000 -14.6 0.07 66 0.0 0.0000 35
S 56257 1 0.0161 34.8 0.0000 0.0000 0.0000 -14.2 0.0000 2.1 0.2
S 57258 1 0.0000 34.7 0.0000 0.0000 0.0000 -14.0 0.0000 -0.4 0.3
S 58259 1 0.0456 34.8 0.0000 0.0000 0.0000 -14.2 0.0000 -0.1 -0.1
E 58721 1 2 promote 0.0154 34.5 -14.2
R 58721 0 0.0173 0.0020 0.1075 0.0000 -14.4 0.16 176 7.1 0.0000 0
R 58721 1 0.0387 0.0000 0.0623 0.0000 -14.6 0.13 128 0.0 0.0000 35
R 58721 2 0.0000 0.0000 0.0000 0.0000 nan nan 0 -1.0 0.0005 37
P 58721 2 pass 34.5 0.0000 2027 -14.2
S 59259 2 0.0000 35.0 0.0000 0.0345 0.0000 -14.0 0.0000 0.0 0.0
S 60259 2 0.0196 34.2 0.0000 0.0000 0.0000 -14.3 0.0000 -0.1 0.0
S 61260 2 0.0184 34.2 0.0000 0.0204 0.0000 -14.6 0.0000 0.1 -0.4
S 62260 2 0.0150 35.4 0.0000 0.0552 0.0000 -14.2 0.0000 -0.1 -0.1
S 63261 2 0.0289 33.9 0.0000 0.0268 0.0000 -14.1 0.0000 -0.2 0.4
S 64261 2 0.0163 35.2 0.0000 0.0000 0.0000 -14.0 0.0000 0.3 -0.1
S 65261 2 0.0119 34.5 0.0000 0.0000 0.0000 -14.1 0.0000 -0.8 0.1
R 65261 0 0.0173 0.0020 0.1075 0.0000 -14.4 0.16 176 13.7 0.0000 0
R 65261 1 0.0387 0.0000 0.0623 0.0000 -14.6 0.13 128 6.5 0.0000 35
R 65261 2 0.0187 0.0000 0.0024 0.0000 -14.3 0.08 115 0.0 0.0005 37
R 65261 3 0.0000 0.0000 0.0000 0.0000 nan nan 0 -1.0 0.0157 26
E 65834 2 3 promote 0.0129 33.6 -14.0
R 65834 0 0.0173 0.0020 0.1075 0.0000 -14.4 0.16 176 14.3 0.0000 0
R 65834 1 0.0387 0.0000 0.0623 0.0000 -14.6 0.13 128 7.1 0.0000 35
R 65834 2 0.0187 0.0000 0.0024 0.0000 -14.3 0.08 127 0.0 0.0005 37
R 65834 3 0.0000 0.0000 0.0000 0.0000 nan nan 0 -1.0 0.0155 38
P 65834 3 pass 33.6 0.0000 2036 -14.0
S 66261 3 0.0112 34.5 0.0000 0.0425 0.0000 -14.9 0.0000 -0.0 -0.0
S 67266 3 0.0073 34.6 0.0000 0.0447 0.0000 -15.0 0.0000 -0.2 0.0
S 68266 3 0.0112 34.2 0.0000 0.0154 0.0000 -15.0 0.0000 0.0 -0.1
S 69267 3 0.0149 35.1 0.0000 0.0148 0.0000 -14.9 0.0000 -0.1 -0.0
S 70267 3 0.0213 34.1 0.0000 0.0000 0.0000 -15.0 0.0000 0.0 0.0
S 71267 3 0.0099 34.9 0.0000 0.0000 0.0000 -14.9 0.0000 0.0 0.1
S 72272 3 0.0000 34.2 0.0000 0.0000 0.0000 -14.9 0.0000 0.0 0.0
E 72945 3 4 promote 0.0044 34.0 -15.0
R 72945 0 0.0173 0.0020 0.1075 0.0000 -14.4 0.16 176 21.4 0.0000 0
R 72945 1 0.0387 0.0000 0.0623 0.0000 -14.6 0.13 128 14.2 0.0000 35
R 72945 2 0.0187 0.0000 0.0024 0.0000 -14.3 0.08 127 7.1 0.0005 37
R 72945 3 0.0087 0.0000 0.0391 0.0000 -15.0 0.02 129 0.0 0.0155 38
R 72945 4 0.0000 0.0000 0.0000 0.0000 nan nan 0 -1.0 0.0003 38
P 72945 4 pass 34.0 0.0340 2045 -15.0
S 73273 4 0.0210 32.5 0.0000 0.1149 0.0000 -19.6 0.0000 0.0 0.0
S 74279 4 0.0072 33.8 0.0000 0.0000 0.0000 -19.8 0.0000 0.1 1.0
S 75279 4 0.0207 34.3 0.0000 0.0291 0.0000 -20.4 0.0000 2.2 0.4
R 75279 0 0.0173 0.0020 0.1075 0.0000 -14.4 0.16 176 23.7 0.0000 0
R 75279 1 0.0387 0.0000 0.0623 0.0000 -14.6 0.13 128 16.6 0.0000 35
R 75279 2 0.0187 0.0000 0.0024 0.0000 -14.3 0.08 127 9.4 0.0005 37
R 75279 3 0.0087 0.0000 0.0391 0.0000 -15.0 0.02 129 2.3 0.0155 38
R 75279 4 0.0209 0.0000 0.1116 0.0000 -19.6 0.14 38 0.0 0.0003 38
S 76280 4 0.0443 35.3 0.0000 0.0000 0.0000 -19.4 0.0000 0.0 0.0
S 77280 4 0.0332 33.9 0.0000 0.0223 0.0000 -19.5 0.0000 -0.3 -0.1
S 78281 4 0.0273 32.7 0.0000 0.0000 0.0000 -19.4 0.0000 0.2 -0.2
S 79282 4 0.0168 33.9 0.0000 0.0000 0.0000 -19.6 0.0000 1.4 0.2
E 80111 4 5 promote 0.0161 34.5 -19.6
R 80111 0 0.0173 0.0020 0.1075 0.0000 -14.4 0.16 176 28.5 0.0000 0
R 80111 1 0.0387 0.0000 0.0623 0.0000 -14.6 0.13 128 21.4 0.0000 35
R 80111 2 0.0187 0.0000 0.0024 0.0000 -14.3 0.08 127 14.3 0.0005 37
R 80111 3 0.0087 0.0000 0.0391 0.0000 -15.0 0.02 129 7.2 0.0155 38
R 80111 4 0.0205 0.0000 0.1062 0.0000 -19.6 0.15 126 0.0 0.0003 38
R 80111 5 0.0000 0.0000 0.0000 0.0000 nan nan 0 -1.0 0.0004 37
P 80111 5 pass 34.5 0.0000 2029 -19.6
S 80282 5 0.0290 35.3 0.0000 0.0000 0.0000 -28.2 0.0000 -0.0 -0.4
S 81282 5 0.0310 33.2 0.0000 0.0214 0.0000 -28.2 0.0000 0.0 0.0
S 82282 5 0.0360 34.3 0.0000 0.0000 0.0000 -28.7 0.0000 -0.0 -0.3
S 83290 5 0.0568 33.0 0.0000 0.0845 0.0000 -28.6 0.0000 0.0 0.0
S 84295 5 0.0209 34.0 0.0000 0.0186 0.0000 -28.7 0.0000 -0.0 -0.3
S 85295 5 0.0026 34.4 0.0000 0.0217 0.0000 -28.5 0.0000 0.0 0.0
R 85295 0 0.0173 0.0020 0.1075 0.0000 -14.4 0.16 176 33.7 0.0000 0
R 85295 1 0.0387 0.0000 0.0623 0.0000 -14.6 0.13 128 26.6 0.0000 35
R 85295 2 0.0187 0.0000 0.0024 0.0000 -14.3 0.08 127 19.5 0.0005 37
R 85295 3 0.0087 0.0000 0.0391 0.0000 -15.0 0.02 129 12.3 0.0155 38
R 85295 4 0.0205 0.0000 0.1062 0.0000 -19.6 0.15 126 5.2 0.0003 38
R 85295 5 0.0276 0.0000 0.0274 0.0000 -28.3 0.08 94 0.0 0.0004 37
S 86296 5 0.0103 33.1 0.0000 0.0259 0.0000 -28.6 0.0000 0.0 0.0
S 87299 5 0.0000 33.9 0.0000 0.0436 0.0000 -28.2 0.0000 0.0 0.0
S 88302 5 0.0185 33.3 0.0000 0.0000 0.0000 -28.1 0.0000 2.6 0.2
S 89303 5 0.0212 32.7 0.0000 0.0000 0.0000 -28.2 0.0000 -1.0 1.1
S 90304 5 0.0053 32.6 0.0000 0.0574 0.0000 -28.3 0.0000 -0.9 0.3
S 91310 5 0.0228 32.1 0.0000 0.0000 0.0000 -28.3 0.0000 1.4 -0.2
S 92313 5 0.0359 34.7 0.0000 0.0265 0.0000 -27.8 0.0000 -0.4 0.2
S 93313 5 0.0201 33.9 0.0000 0.0442 0.0000 -28.5 0.0000 0.0 0.0
S 94316 5 0.0187 nan 0.0000 0.0000 0.0000 nan 0.0000 3.4 0.4
S 95320 5 0.0381 33.2 0.0000 0.0000 0.0000 -28.0 0.0000 -1.3 -0.0
R 95320 0 0.0173 0.0020 0.1075 0.0000 -14.4 0.16 176 43.7 0.0000 0
R 95320 1 0.0387 0.0000 0.0623 0.0000 -14.6 0.13 128 36.6 0.0000 35
R 95320 2 0.0187 0.0000 0.0024 0.0000 -14.3 0.08 127 29.5 0.0005 37
R 95320 3 0.0087 0.0000 0.0391 0.0000 -15.0 0.02 129 22.4 0.0155 38
R 95320 4 0.0205 0.0000 0.1062 0.0000 -19.6 0.15 126 15.2 0.0003 38
R 95320 5 0.0253 0.0000 0.0248 0.0000 -28.3 0.16 286 0.0 0.0004 37
S 96320 5 0.0324 30.8 0.0000 0.0000 0.0000 -26.9 0.0000 0.0 0.0
S 97327 5 0.0241 32.4 0.0000 0.0402 0.0000 -27.2 0.0000 0.0 -0.0
S 98335 5 0.0219 26.4 0.0000 0.0252 0.0000 -24.7 0.0000 1.3 0.8
S 99335 5 0.0467 30.5 0.0000 0.0000 0.0000 -26.8 0.0000 -0.9 -0.4
S 100338 5 0.0059 31.1 0.0000 0.0238 0.0000 -27.4 0.0000 0.3 0.1
S 101338 5 0.0000 nan 0.0000 0.0000 0.0000 nan 0.0000 -0.6 -0.0
S 102339 5 0.0080 25.8 0.0000 0.0246 0.0000 -24.7 0.0000 0.0 0.0
S 103340 5 0.0199 24.4 0.0000 0.1009 0.0000 -22.8 0.0000 -0.2 0.8
S 104344 5 0.0056 21.2 0.0000 0.1471 0.0000 -21.4 0.0000 0.3 0.3
S 105344 5 0.1534 nan 0.0000 0.0952 0.0000 nan 0.0000 1.3 2.0
R 105344 0 0.0173 0.0020 0.1075 0.0000 -14.4 0.16 176 53.8 0.0000 0
R 105344 1 0.0387 0.0000 0.0623 0.0000 -14.6 0.13 128 46.6 0.0000 35
R 105344 2 0.0187 0.0000 0.0024 0.0000 -14.3 0.08 127 39.5 0.0005 37
R 105344 3 0.0087 0.0000 0.0391 0.0000 -15.0 0.02 129 32.4 0.0155 38
R 105344 4 0.0205 0.0000 0.1062 0.0000 -19.6 0.15 126 25.2 0.0003 38
R 105344 5 0.0241 0.0000 0.0248 0.0000 -27.8 1.39 478 0.0 0.0004 37
E 106068 5 4 residual 0.0981 18.2 -20.3
R 106068 0 0.0173 0.0020 0.1075 0.0000 -14.4 0.16 176 54.5 0.0000 0
R 106068 1 0.0387 0.0000 0.0623 0.0000 -14.6 0.13 128 47.3 0.0000 35
R 106068 2 0.0187 0.0000 0.0024 0.0000 -14.3 0.08 127 40.2 0.0005 37
R 106068 3 0.0087 0.0000 0.0391 0.0000 -15.0 0.02 129 33.1 0.0155 38
R 106068 4 0.0205 0.0000 0.1062 0.0000 -19.6 0.15 126 26.0 0.0003 38
R 106068 5 0.0262 0.0012 0.0265 0.0035 -27.7 1.57 490 0.0 0.0004 37
S 106344 4 0.0598 22.3 0.0000 0.0000 0.0253 -17.8 0.0000 0.0 0.0
E 106481 4 3 s3_residual 0.2317 20.0 -16.8
R 106481 0 0.0173 0.0020 0.1075 0.0000 -14.4 0.16 176 54.9 0.0000 0
R 106481 1 0.0387 0.0000 0.0623 0.0000 -14.6 0.13 128 47.8 0.0000 35
R 106481 2 0.0187 0.0000 0.0024 0.0000 -14.3 0.08 127 40.6 0.0005 37
R 106481 3 0.0087 0.0000 0.0391 0.0000 -15.0 0.02 129 33.5 0.0155 38
R 106481 4 0.0205 0.0000 0.1067 0.0035 -19.6 0.21 129 0.0 0.0003 38
R 106481 5 0.0262 0.0012 0.0265 0.0035 -27.7 1.57 490 0.4 0.0004 37
S 107346 3 0.0257 24.3 0.0000 0.0070 0.0000 -14.4 0.0000 -3.4 -3.3
S 108346 3 0.0129 23.2 0.0000 0.0373 0.0000 -14.6 0.0000 -0.2 -0.2
S 109348 3 0.0137 22.1 0.0000 0.0537 0.0000 -14.5 0.0000 1.2 1.1
S 110352 3 0.0076 19.7 0.0000 0.0670 0.0000 -14.4 0.0000 0.7 0.9
S 111352 3 0.0111 19.1 0.0000 0.0122 0.0000 -14.3 0.0000 1.3 1.7
P 111976 4 fail 21.1 0.2200 413 -14.2
N 111976 4 1 121976
S 112352 3 0.0398 20.3 0.0000 0.0724 0.0000 -14.5 0.0000 0.4 0.0
S 113352 3 0.1162 21.7 0.0000 0.2085 0.0000 -14.2 0.0000 -0.4 -0.3
S 114352 3 0.1168 18.3 0.0000 0.3255 0.0000 -14.2 0.0000 0.2 0.3
E 114474 3 2 s3_util 0.2854 15.4 -13.9
R 114474 0 0.0173 0.0020 0.1075 0.0000 -14.4 0.16 176 62.9 0.0000 0
R 114474 1 0.0387 0.0000 0.0623 0.0000 -14.6 0.13 128 55.8 0.0000 35
R 114474 2 0.0187 0.0000 0.0024 0.0000 -14.3 0.08 127 48.6 0.0005 37
R 114474 3 0.0131 0.0000 0.0448 0.0000 -14.9 0.25 270 0.0 0.0155 38
R 114474 4 0.0205 0.0000 0.1067 0.0035 -19.6 0.21 129 8.0 0.0013 44
R 114474 5 0.0262 0.0012 0.0265 0.0035 -27.7 1.57 490 8.4 0.0004 37
S 115356 2 0.0028 15.6 0.0000 0.0550 0.0000 -12.1 0.0000 0.8 -0.6
R 115356 0 0.0173 0.0020 0.1075 0.0000 -14.4 0.16 176 63.8 0.0000 0
R 115356 1 0.0387 0.0000 0.0623 0.0000 -14.6 0.13 128 56.6 0.0000 35
R 115356 2 0.0187 0.0000 0.0028 0.0000 -14.3 0.24 138 0.0 0.0005 37
R 115356 3 0.0131 0.0000 0.0448 0.0000 -14.9 0.25 270 0.9 0.0155 38
R 115356 4 0.0205 0.0000 0.1067 0.0035 -19.6 0.21 129 8.9 0.0013 44
R 115356 5 0.0262 0.0012 0.0265 0.0035 -27.7 1.57 490 9.3 0.0004 37
S 116366 2 0.0329 19.6 0.0000 0.0625 0.0000 -13.1 0.0000 -1.0 -1.5
S 117366 2 0.0252 21.5 0.0000 0.0000 0.0000 -13.3 0.0000 -0.3 -0.2
S 118366 2 0.0237 19.6 0.0000 0.0611 0.0000 -13.2 0.0000 -0.1 0.8
S 119366 2 0.0233 22.0 0.0000 0.0084 0.0000 -13.3 0.0000 1.5 1.5
S 120367 2 0.0207 26.1 0.0000 0.0000 0.0000 -14.2 0.0000 0.0 -0.2
S 121367 2 0.0400 27.0 0.0000 0.0000 0.0000 -13.9 0.0000 -5.0 -2.6
E 121559 2 3 promote 0.0226 28.6 -14.3
R 121559 0 0.0173 0.0020 0.1075 0.0000 -14.4 0.16 176 70.0 0.0000 0
R 121559 1 0.0387 0.0000 0.0623 0.0000 -14.6 0.13 128 62.8 0.0000 35
R 121559 2 0.0190 0.0000 0.0062 0.0000 -14.2 0.48 254 0.0 0.0005 37
R 121559 3 0.0131 0.0000 0.0448 0.0000 -14.9 0.25 270 7.1 0.0155 74
R 121559 4 0.0205 0.0000 0.1067 0.0035 -19.6 0.21 129 15.1 0.0013 44
R 121559 5 0.0262 0.0012 0.0265 0.0035 -27.7 1.57 490 15.5 0.0004 37
P 121559 3 pass 28.6 0.0094 2024 -14.3
S 122367 3 0.0287 nan 0.0000 0.0000 0.0000 nan 0.0000 -1.0 -0.3
S 123367 3 0.0153 31.8 0.0000 0.0152 0.0000 -15.0 0.0000 -0.1 0.1
S 124369 3 0.0140 29.1 0.0000 0.0332 0.0000 -14.9 0.0000 -0.6 -0.3
S 125375 3 0.0133 30.0 0.0000 0.0256 0.0000 -14.7 0.0000 -0.2 -0.3
R 125375 0 0.0173 0.0020 0.1075 0.0000 -14.4 0.16 176 73.8 0.0000 0
R 125375 1 0.0387 0.0000 0.0623 0.0000 -14.6 0.13 128 66.7 0.0000 35
R 125375 2 0.0190 0.0000 0.0062 0.0000 -14.2 0.48 254 3.8 0.0005 37
R 125375 3 0.0133 0.0000 0.0433 0.0000 -14.9 0.24 339 0.0 0.0155 74
R 125375 4 0.0205 0.0000 0.1067 0.0035 -19.6 0.21 129 18.9 0.0013 44
R 125375 5 0.0262 0.0012 0.0265 0.0035 -27.7 1.57 490 19.3 0.0004 37
S 126375 3 0.0130 25.8 0.0000 0.0000 0.0000 -14.8 0.0000 0.0 0.0
S 127375 3 0.0243 26.1 0.0000 0.0000 0.0000 -14.5 0.0000 0.5 0.4
S 128375 3 0.0070 21.3 0.0000 0.0000 0.0000 -14.3 0.0000 0.4 -0.1
E 128706 3 4 promote 0.0070 21.9 -14.4
R 128706 0 0.0173 0.0020 0.1075 0.0000 -14.4 0.16 176 77.1 0.0000 0
R 128706 1 0.0387 0.0000 0.0623 0.0000 -14.6 0.13 128 70.0 0.0000 35
R 128706 2 0.0190 0.0000 0.0062 0.0000 -14.2 0.48 254 7.1 0.0005 37
R 128706 3 0.0132 0.0000 0.0428 0.0000 -14.9 0.25 400 0.0 0.0155 74
R 128706 4 0.0205 0.0000 0.1067 0.0035 -19.6 0.21 129 22.2 0.0019 82
R 128706 5 0.0262 0.0012 0.0265 0.0035 -27.7 1.57 490 22.6 0.0004 37
P 128706 4 pass 21.9 0.0000 2049 -14.4
S 129377 4 0.0728 18.0 0.0000 0.1248 0.0000 -15.8 0.0000 -0.1 0.0
E 129955 4 3 residual 0.1295 17.2 -15.4
R 129955 0 0.0173 0.0020 0.1075 0.0000 -14.4 0.16 176 78.4 0.0000 0
R 129955 1 0.0387 0.0000 0.0623 0.0000 -14.6 0.13 128 71.2 0.0000 35
R 129955 2 0.0190 0.0000 0.0062 0.0000 -14.2 0.48 254 8.4 0.0005 37
R 129955 3 0.0132 0.0000 0.0428 0.0000 -14.9 0.25 400 1.2 0.0155 74
R 129955 4 0.0215 0.0012 0.1066 0.0068 -19.6 0.54 148 0.0 0.0019 82
R 129955 5 0.0262 0.0012 0.0265 0.0035 -27.7 1.57 490 23.9 0.0004 37
N 129955 4 2 149955
E 130370 3 2 s3_util 0.2127 17.9 -13.9
R 130370 0 0.0173 0.0020 0.1075 0.0000 -14.4 0.16 176 78.8 0.0000 0
R 130370 1 0.0387 0.0000 0.0623 0.0000 -14.6 0.13 128 71.6 0.0000 35
R 130370 2 0.0190 0.0000 0.0062 0.0000 -14.2 0.48 254 8.8 0.0005 37
R 130370 3 0.0136 0.0000 0.0435 0.0023 -14.9 0.25 403 0.0 0.0155 74
R 130370 4 0.0215 0.0012 0.1066 0.0068 -19.6 0.54 148 0.4 0.0019 82
R 130370 5 0.0262 0.0012 0.0265 0.0035 -27.7 1.57 490 24.3 0.0004 37
S 130384 2 0.1134 18.6 0.0000 0.2127 0.0000 -13.9 0.0000 0.4 0.3
S 131385 2 0.0099 22.6 0.0000 0.0519 0.0000 -12.9 0.0000 -0.0 -0.0
S 132389 2 0.0164 25.9 0.0000 0.0269 0.0000 -13.7 0.0000 -0.0 -0.2
S 133390 2 0.0282 32.6 0.0000 0.0183 0.0000 -14.2 0.0000 0.0 0.0
S 134392 2 0.0196 31.2 0.0000 0.0000 0.0000 -14.0 0.0000 -0.9 -0.3
S 135393 2 0.0351 33.2 0.0000 0.0000 0.0000 -14.3 0.0000 0.1 -0.2
R 135393 0 0.0173 0.0020 0.1075 0.0000 -14.4 0.16 176 83.8 0.0000 0
R 135393 1 0.0387 0.0000 0.0623 0.0000 -14.6 0.13 128 76.7 0.0000 35
R 135393 2 0.0188 0.0000 0.0077 0.0000 -14.1 0.50 346 0.0 0.0005 37
R 135393 3 0.0136 0.0000 0.0435 0.0023 -14.9 0.25 403 5.0 0.0155 74
R 135393 4 0.0215 0.0012 0.1066 0.0068 -19.6 0.54 148 5.4 0.0019 82
R 135393 5 0.0262 0.0012 0.0265 0.0035 -27.7 1.57 490 29.3 0.0004 37
S 136394 2 0.0324 33.3 0.0000 0.0000 0.0000 -14.3 0.0000 0.4 0.3
S 137394 2 0.0066 34.3 0.0000 0.0000 0.0000 -14.2 0.0000 0.0 0.0
E 137466 2 3 promote 0.0031 33.0 -14.1
R 137466 0 0.0173 0.0020 0.1075 0.0000 -14.4 0.16 176 85.9 0.0000 0
R 137466 1 0.0387 0.0000 0.0623 0.0000 -14.6 0.13 128 78.7 0.0000 35
R 137466 2 0.0188 0.0000 0.0077 0.0000 -14.1 0.49 382 0.0 0.0005 37
R 137466 3 0.0136 0.0000 0.0435 0.0023 -14.9 0.25 403 7.1 0.0154 112
R 137466 4 0.0215 0.0012 0.1066 0.0068 -19.6 0.54 148 7.5 0.0019 82
R 137466 5 0.0262 0.0012 0.0265 0.0035 -27.7 1.57 490 31.4 0.0004 37
P 137466 3 pass 33.0 0.0163 2039 -14.1
S 138394 3 0.0225 33.5 0.0000 0.0078 0.0000 -14.9 0.0000 -0.3 0.0
S 139394 3 0.0098 33.0 0.0000 0.0427 0.0000 -15.0 0.0000 -0.2 -0.2
S 140394 3 0.0128 31.6 0.0000 0.0000 0.0000 -14.9 0.0000 0.0 0.0
S 141395 3 0.0070 30.8 0.0000 0.0133 0.0000 -14.8 0.0000 0.0 0.0
S 142395 3 0.0215 23.7 0.0000 0.0123 0.0000 -14.5 0.0000 0.0 0.0
S 143397 3 0.0431 19.9 0.0000 0.0000 0.0000 -14.1 0.0000 0.1 0.4
S 144397 3 0.0105 18.9 0.0000 0.0735 0.0000 -13.9 0.0000 -0.0 -0.0
S 145397 3 0.0478 19.1 0.0000 0.0508 0.0000 -14.1 0.0000 0.4 0.3
R 145397 0 0.0173 0.0020 0.1075 0.0000 -14.4 0.16 176 93.8 0.0000 0
R 145397 1 0.0387 0.0000 0.0623 0.0000 -14.6 0.13 128 86.7 0.0000 35
R 145397 2 0.0188 0.0000 0.0077 0.0000 -14.1 0.49 382 7.9 0.0005 37
R 145397 3 0.0142 0.0000 0.0411 0.0019 -14.8 0.30 552 0.0 0.0154 112
R 145397 4 0.0215 0.0012 0.1066 0.0068 -19.6 0.54 148 15.4 0.0019 82
R 145397 5 0.0262 0.0012 0.0265 0.0035 -27.7 1.57 490 39.3 0.0004 37
S 146397 3 0.0276 18.7 0.0000 0.1081 0.0000 -13.9 0.0000 0.1 -0.1
S 147397 3 0.0460 17.6 0.0000 0.0609 0.0000 -14.2 0.0000 0.0 0.4
E 147956 3 2 s3_util 0.3742 20.0 -14.2
R 147956 0 0.0173 0.0020 0.1075 0.0000 -14.4 0.16 176 96.4 0.0000 0
R 147956 1 0.0387 0.0000 0.0623 0.0000 -14.6 0.13 128 89.2 0.0000 35
R 147956 2 0.0188 0.0000 0.0077 0.0000 -14.1 0.49 382 10.5 0.0005 37
R 147956 3 0.0160 0.0000 0.0459 0.0018 -14.8 0.34 602 0.0 0.0154 112
R 147956 4 0.0215 0.0012 0.1066 0.0068 -19.6 0.54 148 18.0 0.0019 82
R 147956 5 0.0262 0.0012 0.0265 0.0035 -27.7 1.57 490 41.9 0.0004 37
S 148397 2 0.0361 17.1 0.0000 0.0581 0.0000 -12.4 0.0000 -1.0 -0.4
S 149400 2 0.0086 17.7 0.0000 0.0247 0.0000 -12.3 0.0000 0.2 0.6
S 150403 2 0.0371 21.5 0.0000 0.0160 0.0000 -13.4 0.0000 0.0 0.0
S 151411 2 0.0069 22.7 0.0000 0.0590 0.0000 -13.4 0.0000 -0.9 -1.1
S 152418 2 0.0156 31.0 0.0000 0.0233 0.0000 -14.5 0.0000 1.1 1.2
S 153420 2 0.0314 31.6 0.0000 0.0000 0.0000 -14.3 0.0000 0.0 0.0
S 154420 2 0.0221 31.7 0.0000 0.0000 0.0000 -14.1 0.0000 0.0 0.0
E 155037 2 3 promote 0.0029 32.9 -14.3
R 155037 0 0.0173 0.0020 0.1075 0.0000 -14.4 0.16 176 103.5 0.0000 0
R 155037 1 0.0387 0.0000 0.0623 0.0000 -14.6 0.13 128 96.3 0.0000 35
R 155037 2 0.0185 0.0000 0.0096 0.0000 -14.0 0.56 510 0.0 0.0005 37
R 155037 3 0.0160 0.0000 0.0459 0.0018 -14.8 0.34 602 7.1 0.0154 149
R 155037 4 0.0215 0.0012 0.1066 0.0068 -19.6 0.54 148 25.1 0.0019 82
R 155037 5 0.0262 0.0012 0.0265 0.0035 -27.7 1.57 490 49.0 0.0004 37
P 155037 3 pass 32.9 0.0211 2017 -14.3
S 155420 3 0.0025 32.3 0.0000 0.0209 0.0000 -14.9 0.0000 -0.3 0.0
R 155420 0 0.0173 0.0020 0.1075 0.0000 -14.4 0.16 176 103.8 0.0000 0
R 155420 1 0.0387 0.0000 0.0623 0.0000 -14.6 0.13 128 96.7 0.0000 35
R 155420 2 0.0185 0.0000 0.0096 0.0000 -14.0 0.56 510 0.4 0.0005 37
R 155420 3 0.0160 0.0000 0.0458 0.0018 -14.8 0.34 604 0.0 0.0154 149
R 155420 4 0.0215 0.0012 0.1066 0.0068 -19.6 0.54 148 25.5 0.0019 82
R 155420 5 0.0262 0.0012 0.0265 0.0035 -27.7 1.57 490 49.4 0.0004 37
S 156421 3 0.0171 30.1 0.0000 0.0243 0.0000 -14.8 0.0000 0.0 0.0
S 157426 3 0.0169 29.6 0.0000 0.0207 0.0000 -14.7 0.0000 0.8 0.3
S 158431 3 0.0051 30.2 0.0000 0.0000 0.0000 -14.9 0.0000 -0.4 -0.0
S 159431 3 0.0153 nan 0.0000 0.0383 0.0000 nan 0.0000 -0.4 -0.0
S 160431 3 0.0000 28.9 0.0000 0.0000 0.0000 -14.7 0.0000 -0.1 -0.0
S 161432 3 0.0127 25.3 0.0000 0.0000 0.0000 -14.7 0.0000 -4.6 -3.3
E 162149 3 4 promote 0.0142 30.1 -14.7
R 162149 0 0.0173 0.0020 0.1075 0.0000 -14.4 0.16 176 110.6 0.0000 0
R 162149 1 0.0387 0.0000 0.0623 0.0000 -14.6 0.13 128 103.4 0.0000 35
R 162149 2 0.0185 0.0000 0.0096 0.0000 -14.0 0.56 510 7.1 0.0005 37
R 162149 3 0.0154 0.0000 0.0435 0.0016 -14.8 0.32 731 0.0 0.0154 149
R 162149 4 0.0215 0.0012 0.1066 0.0068 -19.6 0.54 148 32.2 0.0023 119
R 162149 5 0.0262 0.0012 0.0265 0.0035 -27.7 1.57 490 56.1 0.0004 37
P 162149 4 pass 30.1 0.0000 2012 -14.7
S 162435 4 0.0259 24.3 0.0000 0.0000 0.0000 -18.1 0.0000 1.1 0.7
E 162665 4 3 residual 0.0800 16.9 -15.7
R 162665 0 0.0173 0.0020 0.1075 0.0000 -14.4 0.16 176 111.1 0.0000 0
R 162665 1 0.0387 0.0000 0.0623 0.0000 -14.6 0.13 128 103.9 0.0000 35
R 162665 2 0.0185 0.0000 0.0096 0.0000 -14.0 0.56 510 7.6 0.0005 37
R 162665 3 0.0154 0.0000 0.0435 0.0016 -14.8 0.32 731 0.5 0.0154 149
R 162665 4 0.0218 0.0023 0.1062 0.0068 -19.5 0.58 153 0.0 0.0023 119
R 162665 5 0.0262 0.0012 0.0265 0.0035 -27.7 1.57 490 56.6 0.0004 37
N 162665 4 3 202665
S 163435 3 0.0381 23.5 0.0000 0.0000 0.0000 -14.6 0.0000 0.4 0.7
S 164438 3 0.0504 18.3 0.0000 0.0135 0.0000 -14.0 0.0000 0.6 0.3
S 165439 3 0.1577 15.1 0.0000 0.0641 0.0000 -13.6 0.0000 -0.0 0.0
R 165439 0 0.0173 0.0020 0.1075 0.0000 -14.4 0.16 176 113.9 0.0000 0
R 165439 1 0.0387 0.0000 0.0623 0.0000 -14.6 0.13 128 106.7 0.0000 35
R 165439 2 0.0185 0.0000 0.0096 0.0000 -14.0 0.56 510 10.4 0.0005 37
R 165439 3 0.0190 0.0000 0.0451 0.0016 -14.8 0.34 780 0.0 0.0154 149
R 165439 4 0.0218 0.0023 0.1062 0.0068 -19.5 0.58 153 2.8 0.0023 119
R 165439 5 0.0262 0.0012 0.0265 0.0035 -27.7 1.57 490 59.4 0.0004 37
E 165489 3 2 residual 0.2369 15.8 -13.7
R 165489 0 0.0173 0.0020 0.1075 0.0000 -14.4 0.16 176 113.9 0.0000 0
R 165489 1 0.0387 0.0000 0.0623 0.0000 -14.6 0.13 128 106.8 0.0000 35
R 165489 2 0.0185 0.0000 0.0096 0.0000 -14.0 0.56 510 10.5 0.0005 37
R 165489 3 0.0192 0.0012 0.0451 0.0016 -14.8 0.34 781 0.0 0.0154 149
R 165489 4 0.0218 0.0023 0.1062 0.0068 -19.5 0.58 153 2.8 0.0023 119
R 165489 5 0.0262 0.0012 0.0265 0.0035 -27.7 1.57 490 59.4 0.0004 37
E 165913 2 1 s3_util 0.2400 12.5 -11.3
R 165913 0 0.0173 0.0020 0.1075 0.0000 -14.4 0.16 176 114.3 0.0000 0
R 165913 1 0.0387 0.0000 0.0623 0.0000 -14.6 0.13 128 107.2 0.0000 35
R 165913 2 0.0192 0.0000 0.0104 0.0000 -14.0 0.57 513 0.0 0.0005 37
R 165913 3 0.0192 0.0012 0.0451 0.0016 -14.8 0.34 781 0.4 0.0154 149
R 165913 4 0.0218 0.0023 0.1062 0.0068 -19.5 0.58 153 3.2 0.0023 119
R 165913 5 0.0262 0.0012 0.0265 0.0035 -27.7 1.57 490 59.8 0.0004 37
S 166439 1 0.0369 20.5 0.0000 0.0000 0.0000 -13.4 0.0000 0.0 0.0
S 167439 1 0.0455 27.9 0.0000 0.0190 0.0000 -13.9 0.0000 0.4 0.3
S 168439 1 0.0051 21.0 0.0000 0.0000 0.0000 -13.4 0.0000 0.0 0.0
S 169443 1 0.0137 23.5 0.0000 0.1171 0.0000 -13.5 0.0000 -0.3 -0.2
S 170443 1 0.0496 25.2 0.0000 0.0603 0.0000 -13.7 0.0000 -0.8 -0.4
S 171444 1 0.0056 24.2 0.0000 0.0000 0.0000 -13.9 0.0000 -1.2 -0.7
S 172445 1 0.0254 27.8 0.0000 0.0000 0.0000 -14.1 0.0000 -0.0 -0.0
E 173010 1 2 promote 0.0000 29.0 -13.9
R 173010 0 0.0173 0.0020 0.1075 0.0000 -14.4 0.16 176 121.4 0.0000 0
R 173010 1 0.0362 0.0000 0.0580 0.0000 -14.5 0.42 257 0.0 0.0000 35
R 173010 2 0.0192 0.0000 0.0104 0.0000 -14.0 0.57 513 7.1 0.0011 74
R 173010 3 0.0192 0.0012 0.0451 0.0016 -14.8 0.34 781 7.5 0.0154 149
R 173010 4 0.0218 0.0023 0.1062 0.0068 -19.5 0.58 153 10.3 0.0023 119
R 173010 5 0.0262 0.0012 0.0265 0.0035 -27.7 1.57 490 66.9 0.0004 37
P 173010 2 pass 29.0 0.0139 2016 -13.9
S 173445 2 0.0331 31.0 0.0000 0.0256 0.0000 -14.1 0.0000 0.0 0.0
S 174446 2 0.0062 23.1 0.0000 0.0000 0.0000 -13.6 0.0000 0.0 0.0
S 175446 2 0.0074 28.5 0.0000 0.0376 0.0000 -13.8 0.0000 -0.7 -0.5
R 175446 0 0.0173 0.0020 0.1075 0.0000 -14.4 0.16 176 123.9 0.0000 0
R 175446 1 0.0362 0.0000 0.0580 0.0000 -14.5 0.42 257 2.4 0.0000 35
R 175446 2 0.0191 0.0000 0.0107 0.0000 -14.0 0.56 556 0.0 0.0011 74
R 175446 3 0.0192 0.0012 0.0451 0.0016 -14.8 0.34 781 10.0 0.0154 149
R 175446 4 0.0218 0.0023 0.1062 0.0068 -19.5 0.58 153 12.8 0.0023 119
R 175446 5 0.0262 0.0012 0.0265 0.0035 -27.7 1.57 490 69.4 0.0004 37
S 176446 2 0.0090 27.3 0.0000 0.0922 0.0000 -14.1 0.0000 0.2 -0.4
S 177446 2 0.0067 23.0 0.0000 0.0473 0.0000 -13.5 0.0000 0.0 0.0
S 178456 2 0.0217 13.6 0.0000 0.0000 0.0000 -10.6 0.0000 2.0 2.7
P 178979 3 fail 16.5 0.2109 875 -12.1
N 178979 3 1 188979
S 179456 2 0.0069 16.8 0.0000 0.1714 0.0000 -12.4 0.0000 0.0 0.0
S 180456 2 0.0277 23.3 0.0000 0.0602 0.0000 -13.3 0.0000 -1.7 -1.3
S 181457 2 0.0099 20.4 0.0000 0.0167 0.0000 -13.2 0.0000 2.1 2.8
S 182462 2 0.0189 25.4 0.0000 0.0201 0.0000 -13.8 0.0000 0.0 0.0
S 183471 2 0.0000 29.8 0.0000 0.0269 0.0000 -14.1 0.0000 0.0 0.0
S 184478 2 0.0121 28.6 0.0000 0.0621 0.0000 -13.8 0.0000 0.0 0.0
S 185487 2 0.0091 25.6 0.0000 0.0220 0.0000 -14.0 0.0000 1.7 0.9
R 185487 0 0.0173 0.0020 0.1075 0.0000 -14.4 0.16 176 133.9 0.0000 0
R 185487 1 0.0362 0.0000 0.0580 0.0000 -14.5 0.42 257 12.5 0.0000 35
R 185487 2 0.0182 0.0000 0.0151 0.0000 -13.9 0.61 741 0.0 0.0011 74
R 185487 3 0.0192 0.0012 0.0451 0.0016 -14.8 0.34 781 20.0 0.0163 164
R 185487 4 0.0218 0.0023 0.1062 0.0068 -19.5 0.58 153 22.8 0.0023 119
R 185487 5 0.0262 0.0012 0.0265 0.0035 -27.7 1.57 490 79.4 0.0004 37
S 186496 2 0.0156 25.5 0.0000 0.0411 0.0000 -13.8 0.0000 0.0 0.0
S 187504 2 0.0193 25.2 0.0000 0.0275 0.0000 -13.8 0.0000 0.2 -0.1
S 188504 2 0.0211 nan 0.0000 0.0259 0.0000 nan 0.0000 -1.8 -1.1
S 189504 2 0.0188 26.1 0.0000 0.0000 0.0000 -14.2 0.0000 -0.2 -0.2
S 190505 2 0.0000 27.8 0.0000 0.0000 0.0000 -13.7 0.0000 -0.3 -0.1
E 191062 2 3 promote 0.0174 28.7 -13.7
R 191062 0 0.0173 0.0020 0.1075 0.0000 -14.4 0.16 176 139.5 0.0000 0
R 191062 1 0.0362 0.0000 0.0580 0.0000 -14.5 0.42 257 18.1 0.0000 35
R 191062 2 0.0178 0.0000 0.0175 0.0000 -13.9 0.58 845 0.0 0.0011 74
R 191062 3 0.0192 0.0012 0.0451 0.0016 -14.8 0.34 781 25.6 0.0158 202
R 191062 4 0.0218 0.0023 0.1062 0.0068 -19.5 0.58 153 28.4 0.0023 119
R 191062 5 0.0262 0.0012 0.0265 0.0035 -27.7 1.57 490 85.0 0.0004 37
P 191062 3 pass 28.7 0.0000 2045 -13.7
S 191505 3 0.0120 31.6 0.0000 0.0159 0.0000 -14.8 0.0000 -1.6 -0.5
S 192505 3 0.0000 28.7 0.0000 0.0520 0.0000 -14.6 0.0000 0.3 0.2
S 193512 3 0.0242 32.6 0.0000 0.0200 0.0000 -14.7 0.0000 -0.2 -0.3
S 194520 3 0.0287 35.2 0.0000 0.0000 0.0000 -14.9 0.0000 -0.9 -0.4
S 195521 3 0.0000 34.3 0.0000 0.0000 0.0000 -15.0 0.0000 -0.1 0.1
R 195521 0 0.0173 0.0020 0.1075 0.0000 -14.4 0.16 176 143.9 0.0000 0
R 195521 1 0.0362 0.0000 0.0580 0.0000 -14.5 0.42 257 22.5 0.0000 35
R 195521 2 0.0178 0.0000 0.0175 0.0000 -13.9 0.58 845 4.5 0.0011 74
R 195521 3 0.0189 0.0011 0.0423 0.0014 -14.8 0.33 862 0.0 0.0158 202
R 195521 4 0.0218 0.0023 0.1062 0.0068 -19.5 0.58 153 32.9 0.0023 119
R 195521 5 0.0262 0.0012 0.0265 0.0035 -27.7 1.57 490 89.5 0.0004 37
S 196521 3 0.0154 34.2 0.0000 0.0495 0.0000 -14.7 0.0000 0.9 0.2
S 197524 3 0.0172 32.4 0.0000 0.0541 0.0000 -14.9 0.0000 0.0 0.0
S 198524 3 0.0095 28.3 0.0000 0.0216 0.0000 -14.9 0.0000 1.8 0.8
S 199531 3 0.0193 32.8 0.0000 0.0000 0.0000 -15.0 0.0000 0.3 0.1
S 200532 3 0.0110 34.0 0.0000 0.0336 0.0000 -14.9 0.0000 -0.4 0.2
S 201532 3 0.0029 32.4 0.0000 0.0150 0.0000 -14.8 0.0000 0.3 0.1
S 202532 3 0.0121 29.7 0.0000 0.0186 0.0000 -14.7 0.0000 -0.1 -0.1
S 203532 3 0.0133 23.4 0.0000 0.0000 0.0000 -14.1 0.0000 0.2 0.2
S 204532 3 0.0335 21.3 0.0000 0.0000 0.0000 -13.9 0.0000 0.0 0.0
E 204736 3 4 promote 0.0126 23.7 -14.2
R 204736 0 0.0173 0.0020 0.1075 0.0000 -14.4 0.16 176 153.2 0.0000 0
R 204736 1 0.0362 0.0000 0.0580 0.0000 -14.5 0.42 257 31.7 0.0000 35
R 204736 2 0.0178 0.0000 0.0175 0.0000 -13.9 0.58 845 13.7 0.0011 74
R 204736 3 0.0185 0.0009 0.0396 0.0012 -14.7 0.34 1038 0.0 0.0158 202
R 204736 4 0.0218 0.0023 0.1062 0.0068 -19.5 0.58 153 42.1 0.0056 157
R 204736 5 0.0262 0.0012 0.0265 0.0035 -27.7 1.57 490 98.7 0.0004 37
P 204736 4 pass 23.7 0.1111 2032 -14.2
S 205532 4 0.0263 30.9 0.0000 0.0100 0.0000 -18.8 0.0000 -0.0 -0.1
R 205532 0 0.0173 0.0020 0.1075 0.0000 -14.4 0.16 176 154.0 0.0000 0
R 205532 1 0.0362 0.0000 0.0580 0.0000 -14.5 0.42 257 32.5 0.0000 35
R 205532 2 0.0178 0.0000 0.0175 0.0000 -13.9 0.58 845 14.5 0.0011 74
R 205532 3 0.0185 0.0009 0.0396 0.0012 -14.7 0.34 1038 0.8 0.0158 202
R 205532 4 0.0217 0.0023 0.1052 0.0067 -19.5 0.62 163 0.0 0.0056 157
R 205532 5 0.0262 0.0012 0.0265 0.0035 -27.7 1.57 490 99.5 0.0004 37
E 206078 4 3 s3_residual 0.1659 28.6 -18.4
R 206078 0 0.0173 0.0020 0.1075 0.0000 -14.4 0.16 176 154.5 0.0000 0
R 206078 1 0.0362 0.0000 0.0580 0.0000 -14.5 0.42 257 33.1 0.0000 35
R 206078 2 0.0178 0.0000 0.0175 0.0000 -13.9 0.58 845 15.0 0.0011 74
R 206078 3 0.0185 0.0009 0.0396 0.0012 -14.7 0.34 1038 1.3 0.0158 202
R 206078 4 0.0217 0.0022 0.1062 0.0193 -19.5 0.63 174 0.0 0.0056 157
R 206078 5 0.0262 0.0012 0.0265 0.0035 -27.7 1.57 490 100.0 0.0004 37
N 206078 4 4 266078
S 206532 3 0.0184 30.9 0.0000 0.0000 0.0000 -14.6 0.0000 0.0 0.0
S 207534 3 0.0068 32.1 0.0000 0.0128 0.0000 -14.9 0.0000 0.0 0.0
S 208535 3 0.0000 30.1 0.0000 0.0473 0.0000 -14.7 0.0000 0.4 0.2
S 209535 3 0.0136 31.1 0.0000 0.0204 0.0000 -15.0 0.0000 -0.2 -0.0
S 210543 3 0.0095 32.7 0.0000 0.0587 0.0000 -15.0 0.0000 0.0 0.0
S 211543 3 0.0175 32.2 0.0000 0.0000 0.0000 -15.0 0.0000 0.0 0.0
S 212543 3 0.0023 29.7 0.0000 0.0000 0.0000 -15.0 0.0000 0.0 0.0
S 213545 3 0.0153 32.2 0.0000 0.0000 0.0000 -14.9 0.0000 0.2 0.2
S 214545 3 0.0000 23.0 0.0000 0.0385 0.0000 -14.1 0.0000 0.7 0.7
S 215551 3 0.0254 19.3 0.0000 0.0543 0.0000 -13.9 0.0000 0.3 0.4
R 215551 0 0.0173 0.0020 0.1075 0.0000 -14.4 0.16 176 164.0 0.0000 0
R 215551 1 0.0362 0.0000 0.0580 0.0000 -14.5 0.42 257 42.5 0.0000 35
R 215551 2 0.0178 0.0000 0.0175 0.0000 -13.9 0.58 845 24.5 0.0011 74
R 215551 3 0.0173 0.0007 0.0364 0.0010 -14.7 0.34 1218 0.0 0.0158 202
R 215551 4 0.0217 0.0022 0.1062 0.0193 -19.5 0.63 174 9.5 0.0056 157
R 215551 5 0.0262 0.0012 0.0265 0.0035 -27.7 1.57 490 109.5 0.0004 37
S 216551 3 0.0202 20.4 0.0000 0.0927 0.0000 -14.2 0.0000 0.0 0.0
S 217551 3 0.0071 20.1 0.0000 0.0123 0.0000 -14.1 0.0000 0.0 0.0
S 218551 3 0.0316 24.5 0.0000 0.0364 0.0000 -14.5 0.0000 0.0 0.0
S 219551 3 0.0072 27.6 0.0000 0.0407 0.0000 -14.9 0.0000 -0.4 0.2
S 220552 3 0.0026 25.0 0.0000 0.0000 0.0000 -14.8 0.0000 -0.4 -0.0
S 221552 3 0.0186 27.2 0.0000 0.0000 0.0000 -14.8 0.0000 1.4 1.1
S 222559 3 0.0268 24.3 0.0000 0.0488 0.0000 -14.4 0.0000 1.0 0.3
S 223565 3 0.0112 19.0 0.0000 0.0339 0.0000 -14.0 0.0000 0.7 0.6
S 224569 3 0.0900 17.3 0.0000 0.1753 0.0000 -13.9 0.0000 0.0 0.0
S 225569 3 0.0117 19.0 0.0000 0.1302 0.0267 -14.3 0.0000 0.0 0.0
R 225569 0 0.0173 0.0020 0.1075 0.0000 -14.4 0.16 176 174.0 0.0000 0
R 225569 1 0.0362 0.0000 0.0580 0.0000 -14.5 0.42 257 52.6 0.0000 35
R 225569 2 0.0178 0.0000 0.0175 0.0000 -13.9 0.58 845 34.5 0.0011 74
R 225569 3 0.0177 0.0006 0.0390 0.0077 -14.7 0.36 1414 0.0 0.0158 202
R 225569 4 0.0217 0.0022 0.1062 0.0193 -19.5 0.63 174 19.5 0.0056 157
R 225569 5 0.0262 0.0012 0.0265 0.0035 -27.7 1.57 490 119.5 0.0004 37
S 226573 3 0.1309 14.6 0.0000 0.1069 0.0000 -13.7 0.0000 0.1 0.2
E 227173 3 2 s3_util 0.6000 19.5 -14.3
R 227173 0 0.0173 0.0020 0.1075 0.0000 -14.4 0.16 176 175.6 0.0000 0
R 227173 1 0.0362 0.0000 0.0580 0.0000 -14.5 0.42 257 54.2 0.0000 35
R 227173 2 0.0178 0.0000 0.0175 0.0000 -13.9 0.58 845 36.1 0.0011 74
R 227173 3 0.0204 0.0005 0.0440 0.0131 -14.7 0.37 1446 0.0 0.0158 202
R 227173 4 0.0217 0.0022 0.1062 0.0193 -19.5 0.63 174 21.1 0.0056 157
R 227173 5 0.0262 0.0012 0.0265 0.0035 -27.7 1.57 490 121.1 0.0004 37
S 227573 2 0.1107 17.9 0.0000 0.3087 0.0724 -13.2 0.0000 -0.8 -0.4
E 227585 2 1 s3_residual 0.3097 17.8 -12.8
R 227585 0 0.0173 0.0020 0.1075 0.0000 -14.4 0.16 176 176.0 0.0000 0
R 227585 1 0.0362 0.0000 0.0580 0.0000 -14.5 0.42 257 54.6 0.0000 35
R 227585 2 0.0181 0.0000 0.0185 0.0035 -13.9 0.59 848 0.0 0.0011 74
R 227585 3 0.0204 0.0005 0.0440 0.0131 -14.7 0.37 1446 0.4 0.0158 202
R 227585 4 0.0217 0.0022 0.1062 0.0193 -19.5 0.63 174 21.5 0.0056 157
R 227585 5 0.0262 0.0012 0.0265 0.0035 -27.7 1.57 490 121.5 0.0004 37
S 228573 1 0.0280 15.0 0.0000 0.0918 0.0000 -12.2 0.0000 0.0 0.0
S 229573 1 0.0350 19.9 0.0000 0.0000 0.0000 -13.1 0.0000 -0.2 -0.2
S 230574 1 0.0197 20.2 0.0000 0.0299 0.0000 -13.0 0.0000 -0.7 -0.8
S 231574 1 0.0332 23.3 0.0000 0.0279 0.0000 -13.4 0.0000 0.0 -0.3
S 232574 1 0.0529 25.4 0.0000 0.0000 0.0000 -13.6 0.0000 0.0 0.0
S 233575 1 0.0328 29.3 0.0000 0.0000 0.0000 -13.7 0.0000 0.0 0.0
S 234575 1 0.0342 32.9 0.0000 0.0000 0.0000 -13.9 0.0000 -0.7 -0.2
E 234663 1 2 promote 0.0435 32.2 -13.9
R 234663 0 0.0173 0.0020 0.1075 0.0000 -14.4 0.16 176 183.1 0.0000 0
R 234663 1 0.0340 0.0000 0.0553 0.0000 -14.3 0.69 383 0.0 0.0000 35
R 234663 2 0.0181 0.0000 0.0185 0.0035 -13.9 0.59 848 7.1 0.0015 111
R 234663 3 0.0204 0.0005 0.0440 0.0131 -14.7 0.37 1446 7.5 0.0158 202
R 234663 4 0.0217 0.0022 0.1062 0.0193 -19.5 0.63 174 28.6 0.0056 157
R 234663 5 0.0262 0.0012 0.0265 0.0035 -27.7 1.57 490 128.6 0.0004 37
P 234663 2 pass 32.2 0.0000 2027 -13.9
S 235576 2 0.0269 32.9 0.0000 0.0340 0.0000 -13.8 0.0000 -0.1 -0.2
R 235576 0 0.0173 0.0020 0.1075 0.0000 -14.4 0.16 176 184.0 0.0000 0
R 235576 1 0.0340 0.0000 0.0553 0.0000 -14.3 0.69 383 0.9 0.0000 35
R 235576 2 0.0180 0.0000 0.0186 0.0034 -13.9 0.58 860 0.0 0.0015 111
R 235576 3 0.0204 0.0005 0.0440 0.0131 -14.7 0.37 1446 8.4 0.0158 202
R 235576 4 0.0217 0.0022 0.1062 0.0193 -19.5 0.63 174 29.5 0.0056 157
R 235576 5 0.0262 0.0012 0.0265 0.0035 -27.7 1.57 490 129.5 0.0004 37
S 236583 2 0.0173 30.9 0.0000 0.0156 0.0000 -14.1 0.0000 -0.2 0.0
S 237588 2 0.0099 28.0 0.0000 0.0348 0.0000 -14.0 0.0000 -0.6 -0.5
S 238588 2 0.0214 26.9 0.0000 0.0259 0.0000 -14.0 0.0000 0.0 0.0
S 239588 2 0.0000 28.3 0.0000 0.0250 0.0000 -13.7 0.0000 -2.5 -1.7
S 240588 2 0.0088 26.2 0.0000 0.0000 0.0000 -14.3 0.0000 0.6 0.5
S 241590 2 0.0150 28.0 0.0000 0.0000 0.0000 -14.0 0.0000 1.6 0.5
E 241799 2 3 promote 0.0119 24.0 -13.7
R 241799 0 0.0173 0.0020 0.1075 0.0000 -14.4 0.16 176 190.2 0.0000 0
R 241799 1 0.0340 0.0000 0.0553 0.0000 -14.3 0.69 383 7.1 0.0000 35
R 241799 2 0.0176 0.0000 0.0192 0.0031 -13.9 0.55 978 0.0 0.0015 111
R 241799 3 0.0204 0.0005 0.0440 0.0131 -14.7 0.37 1446 14.6 0.0154 240
R 241799 4 0.0217 0.0022 0.1062 0.0193 -19.5 0.63 174 35.7 0.0056 157
R 241799 5 0.0262 0.0012 0.0265 0.0035 -27.7 1.57 490 135.7 0.0004 37
P 241799 3 pass 24.0 0.0000 2041 -13.7
S 242590 3 0.0142 24.4 0.0000 0.0440 0.0000 -14.6 0.0000 0.6 -0.7
S 243591 3 0.0062 23.4 0.0000 0.0164 0.0000 -14.5 0.0000 0.0 0.0
S 244599 3 0.0167 25.7 0.0000 0.0000 0.0000 -14.7 0.0000 0.4 -0.1
S 245608 3 0.0192 27.6 0.0000 0.0118 0.0000 -14.8 0.0000 -1.6 -1.8
R 245608 0 0.0173 0.0020 0.1075 0.0000 -14.4 0.16 176 194.0 0.0000 0
R 245608 1 0.0340 0.0000 0.0553 0.0000 -14.3 0.69 383 10.9 0.0000 35
R 245608 2 0.0176 0.0000 0.0192 0.0031 -13.9 0.55 978 3.8 0.0015 111
R 245608 3 0.0202 0.0005 0.0427 0.0121 -14.7 0.37 1515 0.0 0.0154 240
R 245608 4 0.0217 0.0022 0.1062 0.0193 -19.5 0.63 174 39.5 0.0056 157
R 245608 5 0.0262 0.0012 0.0265 0.0035 -27.7 1.57 490 139.5 0.0004 37
E 246567 3 2 s3_util 0.2938 15.5 -13.9
R 246567 0 0.0173 0.0020 0.1075 0.0000 -14.4 0.16 176 195.0 0.0000 0
R 246567 1 0.0340 0.0000 0.0553 0.0000 -14.3 0.69 383 11.9 0.0000 35
R 246567 2 0.0176 0.0000 0.0192 0.0031 -13.9 0.55 978 4.8 0.0015 111
R 246567 3 0.0227 0.0005 0.0440 0.0118 -14.6 0.37 1534 0.0 0.0154 240
R 246567 4 0.0217 0.0022 0.1062 0.0193 -19.5 0.63 174 40.5 0.0056 157
R 246567 5 0.0262 0.0012 0.0265 0.0035 -27.7 1.57 490 140.5 0.0004 37
S 246609 2 0.3218 15.3 0.0000 0.2938 0.0000 -13.6 0.0000 0.0 0.0
S 247609 2 0.0675 15.1 0.0000 0.0346 0.0000 -12.6 0.0000 -0.9 -0.5
S 248609 2 0.0118 18.3 0.0000 0.0960 0.0000 -13.1 0.0000 0.0 0.0
S 249612 2 0.0204 19.2 0.0000 0.0522 0.0000 -12.9 0.0000 0.0 0.0
S 250612 2 0.0065 24.9 0.0000 0.0398 0.0000 -13.9 0.0000 -0.6 -0.5
S 251612 2 0.0065 28.1 0.0000 0.0355 0.0000 -14.1 0.0000 0.0 0.0
S 252612 2 0.0000 29.5 0.0000 0.0000 0.0000 -14.1 0.0000 2.7 2.4
S 253617 2 0.0122 18.0 0.0000 0.0000 0.0000 -12.3 0.0000 1.7 2.0
E 254121 2 3 promote 0.0242 18.6 -12.2
R 254121 0 0.0173 0.0020 0.1075 0.0000 -14.4 0.16 176 202.5 0.0000 0
R 254121 1 0.0340 0.0000 0.0553 0.0000 -14.3 0.69 383 19.5 0.0000 35
R 254121 2 0.0184 0.0000 0.0219 0.0028 -13.8 0.63 1115 0.0 0.0015 111
R 254121 3 0.0227 0.0005 0.0440 0.0118 -14.6 0.37 1534 7.6 0.0159 278
R 254121 4 0.0217 0.0022 0.1062 0.0193 -19.5 0.63 174 48.0 0.0056 157
R 254121 5 0.0262 0.0012 0.0265 0.0035 -27.7 1.57 490 148.1 0.0004 37
P 254121 3 pass 18.6 0.0203 2015 -12.2
S 254617 3 0.0453 19.3 0.0000 0.0253 0.0000 -14.1 0.0000 0.0 0.0
E 255383 3 2 residual 0.2124 17.7 -13.9
R 255383 0 0.0173 0.0020 0.1075 0.0000 -14.4 0.16 176 203.8 0.0000 0
R 255383 1 0.0340 0.0000 0.0553 0.0000 -14.3 0.69 383 20.7 0.0000 35
R 255383 2 0.0184 0.0000 0.0219 0.0028 -13.8 0.63 1115 1.3 0.0015 111
R 255383 3 0.0249 0.0016 0.0456 0.0115 -14.6 0.38 1554 0.0 0.0159 278
R 255383 4 0.0217 0.0022 0.1062 0.0193 -19.5 0.63 174 49.3 0.0056 157
R 255383 5 0.0262 0.0012 0.0265 0.0035 -27.7 1.57 490 149.3 0.0004 37
N 255383 3 1 265383
S 255618 2 0.1839 14.3 0.0000 0.0000 0.0000 -11.1 0.0000 0.4 0.5
R 255618 0 0.0173 0.0020 0.1075 0.0000 -14.4 0.16 176 204.0 0.0000 0
R 255618 1 0.0340 0.0000 0.0553 0.0000 -14.3 0.69 383 21.0 0.0000 35
R 255618 2 0.0184 0.0000 0.0219 0.0028 -13.8 0.63 1115 1.5 0.0015 111
R 255618 3 0.0249 0.0016 0.0456 0.0115 -14.6 0.38 1554 0.2 0.0159 278
R 255618 4 0.0217 0.0022 0.1062 0.0193 -19.5 0.63 174 49.5 0.0056 157
R 255618 5 0.0262 0.0012 0.0265 0.0035 -27.7 1.57 490 149.6 0.0004 37
S 256618 2 0.0237 16.3 0.0000 0.0239 0.0000 -12.1 0.0000 0.0 0.0
S 257619 2 0.0245 23.3 0.0000 0.0350 0.0000 -13.7 0.0000 -0.6 -0.8
S 258619 2 0.0087 14.9 0.0000 0.0434 0.0000 -11.3 0.0000 0.5 0.3
S 259619 2 0.0330 18.4 0.0000 0.0000 0.0000 -12.9 0.0000 -0.2 -0.4
S 260626 2 0.0110 20.2 0.0000 0.0000 0.0000 -12.9 0.0000 -0.1 0.1
S 261626 2 0.0193 23.7 0.0000 0.0144 0.0000 -13.7 0.0000 0.0 0.0
S 262628 2 0.0126 30.1 0.0000 0.0490 0.0000 -13.9 0.0000 0.0 -0.0
S 263628 2 0.0100 19.8 0.0000 0.1003 0.0000 -13.3 0.0000 0.8 0.5
S 264631 2 0.0246 22.2 0.0000 0.0688 0.0000 -13.5 0.0000 0.0 0.0
S 265635 2 0.0136 23.1 0.0000 0.0000 0.0000 -13.5 0.0000 -0.0 0.1
R 265635 0 0.0173 0.0020 0.1075 0.0000 -14.4 0.16 176 214.1 0.0000 0
R 265635 1 0.0340 0.0000 0.0553 0.0000 -14.3 0.69 383 31.0 0.0000 35
R 265635 2 0.0189 0.0000 0.0248 0.0022 -13.7 0.70 1307 0.2 0.0015 111
R 265635 3 0.0249 0.0016 0.0456 0.0115 -14.6 0.38 1554 10.3 0.0159 280
R 265635 4 0.0217 0.0022 0.1062 0.0193 -19.5 0.63 174 59.6 0.0056 157
R 265635 5 0.0262 0.0012 0.0265 0.0035 -27.7 1.57 490 159.6 0.0004 37
S 266635 2 0.0151 22.9 0.0000 0.0000 0.0000 -13.8 0.0000 1.2 1.0
E 267417 2 3 promote 0.0217 27.2 -13.7
R 267417 0 0.0173 0.0020 0.1075 0.0000 -14.4 0.16 176 215.8 0.0000 0
R 267417 1 0.0340 0.0000 0.0553 0.0000 -14.3 0.69 383 32.8 0.0000 35
R 267417 2 0.0189 0.0000 0.0248 0.0022 -13.7 0.69 1341 0.0 0.0015 111
R 267417 3 0.0249 0.0016 0.0456 0.0115 -14.6 0.38 1554 12.0 0.0163 315
R 267417 4 0.0217 0.0022 0.1062 0.0193 -19.5 0.63 174 61.3 0.0056 157
R 267417 5 0.0262 0.0012 0.0265 0.0035 -27.7 1.57 490 161.3 0.0004 37
P 267417 3 pass 27.2 0.0147 2012 -13.7
S 267636 3 0.0112 25.5 0.0000 0.0000 0.0000 -14.7 0.0000 0.8 0.3
S 268636 3 0.0114 28.8 0.0000 0.0307 0.0000 -15.0 0.0000 -2.9 -2.0
S 269636 3 0.0201 28.7 0.0000 0.0178 0.0000 -14.8 0.0000 0.0 -0.1
S 270636 3 0.0057 30.6 0.0000 0.0502 0.0000 -14.6 0.0000 0.7 0.6
S 271638 3 0.0085 32.9 0.0000 0.0000 0.0000 -14.9 0.0000 0.0 0.0
S 272648 3 0.0042 33.6 0.0000 0.0000 0.0000 -15.0 0.0000 0.3 0.3
S 273654 3 0.0077 32.5 0.0000 0.0000 0.0000 -14.8 0.0000 -0.2 -0.3
E 274474 3 4 promote 0.0000 33.4 -14.9
R 274474 0 0.0173 0.0020 0.1075 0.0000 -14.4 0.16 176 222.9 0.0000 0
R 274474 1 0.0340 0.0000 0.0553 0.0000 -14.3 0.69 383 39.8 0.0000 35
R 274474 2 0.0189 0.0000 0.0248 0.0022 -13.7 0.69 1341 7.1 0.0015 111
R 274474 3 0.0232 0.0014 0.0427 0.0104 -14.6 0.36 1682 0.0 0.0163 315
R 274474 4 0.0217 0.0022 0.1062 0.0193 -19.5 0.63 174 68.4 0.0056 194
R 274474 5 0.0262 0.0012 0.0265 0.0035 -27.7 1.57 490 168.4 0.0004 37
P 274474 4 pass 33.4 0.0110 2007 -14.9
S 274664 4 0.0158 33.2 0.0000 0.0000 0.0000 -19.2 0.0000 0.0 0.0
S 275666 4 0.0220 31.9 0.0000 0.0266 0.0000 -19.1 0.0000 -0.9 -0.2
R 275666 0 0.0173 0.0020 0.1075 0.0000 -14.4 0.16 176 224.1 0.0000 0
R 275666 1 0.0340 0.0000 0.0553 0.0000 -14.3 0.69 383 41.0 0.0000 35
R 275666 2 0.0189 0.0000 0.0248 0.0022 -13.7 0.69 1341 8.2 0.0015 111
R 275666 3 0.0232 0.0014 0.0427 0.0104 -14.6 0.36 1682 1.2 0.0163 315
R 275666 4 0.0217 0.0022 0.1046 0.0189 -19.5 0.62 190 0.0 0.0056 194
R 275666 5 0.0262 0.0012 0.0265 0.0035 -27.7 1.57 490 169.6 0.0004 37
S 276666 4 0.0077 32.3 0.0000 0.0219 0.0000 -19.0 0.0000 0.0 0.0
S 277667 4 0.0194 28.3 0.0000 0.0207 0.0000 -18.9 0.0000 0.0 0.0
S 278670 4 0.0061 23.8 0.0000 0.0504 0.0000 -18.2 0.0000 -0.5 -0.2
S 279678 4 0.0128 22.6 0.0000 0.0000 0.0000 -16.5 0.0000 -0.9 -0.7
P 280033 5 fail 22.5 0.5226 480 -17.3
N 280033 5 1 290033
S 280678 4 0.0387 19.9 0.0000 0.0657 0.0000 -17.5 0.0000 0.0 -0.2
S 281688 4 0.0532 16.8 0.0000 0.1136 0.0000 -15.4 0.0000 0.0 0.0
E 281749 4 3 residual 0.0753 17.7 -15.3
R 281749 0 0.0173 0.0020 0.1075 0.0000 -14.4 0.16 176 230.2 0.0000 0
R 281749 1 0.0340 0.0000 0.0553 0.0000 -14.3 0.69 383 47.1 0.0000 35
R 281749 2 0.0189 0.0000 0.0248 0.0022 -13.7 0.69 1341 14.3 0.0015 111
R 281749 3 0.0232 0.0014 0.0427 0.0104 -14.6 0.36 1682 7.3 0.0163 315
R 281749 4 0.0218 0.0031 0.1004 0.0213 -19.3 0.84 297 0.0 0.0056 194
R 281749 5 0.0262 0.0012 0.0265 0.0035 -27.7 1.57 490 175.7 0.0010 44
E 282188 3 2 s3_util 0.2802 20.8 -14.1
R 282188 0 0.0173 0.0020 0.1075 0.0000 -14.4 0.16 176 230.6 0.0000 0
R 282188 1 0.0340 0.0000 0.0553 0.0000 -14.3 0.69 383 47.5 0.0000 35
R 282188 2 0.0189 0.0000 0.0248 0.0022 -13.7 0.69 1341 14.8 0.0015 111
R 282188 3 0.0238 0.0014 0.0435 0.0103 -14.6 0.36 1685 0.0 0.0163 315
R 282188 4 0.0218 0.0031 0.1004 0.0213 -19.3 0.84 297 0.4 0.0056 194
R 282188 5 0.0262 0.0012 0.0265 0.0035 -27.7 1.57 490 176.1 0.0010 44
S 282696 2 0.1261 17.6 0.0000 0.1091 0.0000 -11.8 0.0000 0.8 0.6
S 283696 2 0.0125 18.3 0.0000 0.0465 0.0000 -12.5 0.0000 0.0 0.0
S 284696 2 0.0204 18.3 0.0000 0.0392 0.0000 -13.1 0.0000 0.2 0.6
S 285696 2 0.0282 15.9 0.0000 0.0276 0.0000 -11.9 0.0000 0.3 0.8
R 285696 0 0.0173 0.0020 0.1075 0.0000 -14.4 0.16 176 234.1 0.0000 0
R 285696 1 0.0340 0.0000 0.0553 0.0000 -14.3 0.69 383 51.0 0.0000 35
R 285696 2 0.0196 0.0000 0.0258 0.0021 -13.7 0.71 1404 0.0 0.0015 111
R 285696 3 0.0238 0.0014 0.0435 0.0103 -14.6 0.36 1685 3.5 0.0163 315
R 285696 4 0.0218 0.0031 0.1004 0.0213 -19.3 0.84 297 3.9 0.0056 194
R 285696 5 0.0262 0.0012 0.0265 0.0035 -27.7 1.57 490 179.6 0.0010 44
S 286701 2 0.0242 16.2 0.0000 0.0251 0.0000 -11.9 0.0000 0.0 0.0
S 287709 2 0.0263 18.3 0.0000 0.0000 0.0000 -13.0 0.0000 0.0 0.0
P 288297 3 fail 20.0 0.2415 622 -12.4
N 288297 3 1 298297
S 288715 2 0.0242 nan 0.0000 0.1925 0.0000 nan 0.0000 0.0 0.0
S 289723 2 0.0171 22.2 0.0000 0.0000 0.0000 -13.8 0.0000 -0.6 -0.7
S 290729 2 0.0148 26.3 0.0000 0.0200 0.0000 -13.8 0.0000 -0.6 -0.5
S 291729 2 0.0309 nan 0.0000 0.0416 0.0000 nan 0.0000 -5.3 -3.6
S 292729 2 0.0062 31.8 0.0000 0.0136 0.0000 -14.0 0.0000 0.0 0.0
S 293729 2 0.0113 25.5 0.0000 0.0831 0.0000 -13.7 0.0000 3.1 1.7
S 294729 2 0.0107 26.6 0.0000 0.0197 0.0000 -14.0 0.0000 0.6 0.8
S 295729 2 0.0092 31.2 0.0000 0.0369 0.0000 -14.0 0.0000 -0.2 0.0
R 295729 0 0.0173 0.0020 0.1075 0.0000 -14.4 0.16 176 244.2 0.0000 0
R 295729 1 0.0340 0.0000 0.0553 0.0000 -14.3 0.69 383 61.1 0.0000 35
R 295729 2 0.0188 0.0000 0.0273 0.0017 -13.6 0.72 1590 0.0 0.0015 111
R 295729 3 0.0238 0.0014 0.0435 0.0103 -14.6 0.36 1685 13.5 0.0169 325
R 295729 4 0.0218 0.0031 0.1004 0.0213 -19.3 0.84 297 14.0 0.0056 194
R 295729 5 0.0262 0.0012 0.0265 0.0035 -27.7 1.57 490 189.7 0.0010 44
S 296730 2 0.0249 32.0 0.0000 0.0263 0.0000 -14.0 0.0000 -6.3 -3.0
S 297738 2 0.0067 32.1 0.0000 0.0557 0.0000 -14.4 0.0000 0.0 0.0
S 298741 2 0.0164 34.5 0.0000 0.0000 0.0000 -14.1 0.0000 -0.0 0.2
S 299747 2 0.0143 33.3 0.0000 0.0000 0.0000 -14.0 0.0000 0.0 0.0
E 300319 2 3 promote 0.0114 34.7 -13.8
R 300319 0 0.0173 0.0020 0.1075 0.0000 -14.4 0.16 176 248.7 0.0000 0
R 300319 1 0.0340 0.0000 0.0553 0.0000 -14.3 0.69 383 65.7 0.0000 35
R 300319 2 0.0185 0.0000 0.0276 0.0016 -13.7 0.70 1674 0.0 0.0015 111
R 300319 3 0.0238 0.0014 0.0435 0.0103 -14.6 0.36 1685 18.1 0.0167 362
R 300319 4 0.0218 0.0031 0.1004 0.0213 -19.3 0.84 297 18.6 0.0056 194
R 300319 5 0.0262 0.0012 0.0265 0.0035 -27.7 1.57 490 194.3 0.0010 44
P 300319 3 pass 34.7 0.0000 2002 -13.8
S 300750 3 0.0161 33.7 0.0000 0.0264 0.0000 -14.6 0.0000 1.1 -0.1
S 301753 3 0.0164 33.0 0.0000 0.0268 0.0000 -15.0 0.0000 0.3 0.0
S 302753 3 0.0373 32.7 0.0000 0.0577 0.0000 -14.9 0.0000 -0.0 0.1
S 303763 3 0.0201 30.1 0.0000 0.0196 0.0000 -14.7 0.0000 0.0 0.0
S 304771 3 0.0168 33.4 0.0000 0.0000 0.0000 -14.8 0.0000 0.1 -0.2
S 305772 3 0.0092 34.6 0.0000 0.0000 0.0000 -14.8 0.0000 1.3 -0.3
R 305772 0 0.0173 0.0020 0.1075 0.0000 -14.4 0.16 176 254.2 0.0000 0
R 305772 1 0.0340 0.0000 0.0553 0.0000 -14.3 0.69 383 71.1 0.0000 35
R 305772 2 0.0185 0.0000 0.0276 0.0016 -13.7 0.70 1674 5.5 0.0015 111
R 305772 3 0.0233 0.0013 0.0409 0.0093 -14.7 0.35 1781 0.0 0.0167 362
R 305772 4 0.0218 0.0031 0.1004 0.0213 -19.3 0.84 297 24.0 0.0058 199
R 305772 5 0.0262 0.0012 0.0265 0.0035 -27.7 1.57 490 199.7 0.0010 44
S 306777 3 0.0000 34.1 0.0000 0.0000 0.0000 -14.8 0.0000 0.0 0.0
E 307404 3 4 promote 0.0024 32.4 -14.9
R 307404 0 0.0173 0.0020 0.1075 0.0000 -14.4 0.16 176 255.8 0.0000 0
R 307404 1 0.0340 0.0000 0.0553 0.0000 -14.3 0.69 383 72.7 0.0000 35
R 307404 2 0.0185 0.0000 0.0276 0.0016 -13.7 0.70 1674 7.1 0.0015 111
R 307404 3 0.0228 0.0012 0.0409 0.0093 -14.7 0.34 1813 0.0 0.0167 362
R 307404 4 0.0218 0.0031 0.1004 0.0213 -19.3 0.84 297 25.7 0.0057 231
R 307404 5 0.0262 0.0012 0.0265 0.0035 -27.7 1.57 490 201.3 0.0010 44
P 307404 4 pass 32.4 0.0000 2016 -14.9
S 307780 4 0.0249 28.0 0.0000 0.0000 0.0000 -18.7 0.0000 0.0 0.0
S 308782 4 0.0152 23.2 0.0000 0.0000 0.0000 -17.6 0.0000 2.3 1.1
S 309785 4 0.0194 22.7 0.0000 0.0000 0.0000 -17.3 0.0000 6.6 4.3
S 310785 4 0.0110 22.4 0.0000 0.0592 0.0000 -17.1 0.0000 -0.3 -0.3
E 311342 4 3 s3_util 0.2277 20.4 -17.1
R 311342 0 0.0173 0.0020 0.1075 0.0000 -14.4 0.16 176 259.8 0.0000 0
R 311342 1 0.0340 0.0000 0.0553 0.0000 -14.3 0.69 383 76.7 0.0000 35
R 311342 2 0.0185 0.0000 0.0276 0.0016 -13.7 0.70 1674 11.0 0.0015 111
R 311342 3 0.0228 0.0012 0.0409 0.0093 -14.7 0.34 1813 3.9 0.0167 362
R 311342 4 0.0220 0.0029 0.0965 0.0266 -19.2 0.95 367 0.0 0.0057 231
R 311342 5 0.0262 0.0012 0.0265 0.0035 -27.7 1.57 490 205.3 0.0010 44
S 311789 3 0.0957 17.3 0.0000 0.0000 0.0000 -14.1 0.0000 1.0 2.0
S 312789 3 0.0204 15.8 0.0000 0.0596 0.0000 -13.8 0.0000 -0.0 -0.1
E 313407 3 2 s3_util 0.2453 24.1 -14.6
R 313407 0 0.0173 0.0020 0.1075 0.0000 -14.4 0.16 176 261.8 0.0000 0
R 313407 1 0.0340 0.0000 0.0553 0.0000 -14.3 0.69 383 78.7 0.0000 35
R 313407 2 0.0185 0.0000 0.0276 0.0016 -13.7 0.70 1674 13.1 0.0015 111
R 313407 3 0.0235 0.0012 0.0416 0.0089 -14.7 0.35 1848 0.0 0.0167 362
R 313407 4 0.0220 0.0029 0.0965 0.0266 -19.2 0.95 367 2.1 0.0057 231
R 313407 5 0.0262 0.0012 0.0265 0.0035 -27.7 1.57 490 207.3 0.0010 44
S 313797 2 0.0262 22.3 0.0000 0.1650 0.0000 -13.2 0.0000 2.1 2.9
S 314802 2 0.0260 21.2 0.0000 0.0278 0.0000 -12.0 0.0000 -0.9 -1.0
S 315802 2 0.0189 22.6 0.0000 0.0000 0.0000 -13.9 0.0000 1.1 1.1
R 315802 0 0.0173 0.0020 0.1075 0.0000 -14.4 0.16 176 264.2 0.0000 0
R 315802 1 0.0340 0.0000 0.0553 0.0000 -14.3 0.69 383 81.1 0.0000 35
R 315802 2 0.0185 0.0000 0.0285 0.0015 -13.6 0.71 1715 0.0 0.0015 111
R 315802 3 0.0235 0.0012 0.0416 0.0089 -14.7 0.35 1848 2.4 0.0167 362
R 315802 4 0.0220 0.0029 0.0965 0.0266 -19.2 0.95 367 4.5 0.0057 231
R 315802 5 0.0262 0.0012 0.0265 0.0035 -27.7 1.57 490 209.7 0.0010 44
S 316802 2 0.0169 26.1 0.0000 0.0000 0.0000 -13.8 0.0000 -1.8 -3.5
S 317802 2 0.0307 29.5 0.0000 0.0164 0.0000 -14.1 0.0000 -0.6 -0.2
S 318802 2 0.0099 30.1 0.0000 0.0000 0.0000 -13.9 0.0000 -0.8 -0.5
S 319809 2 0.0097 31.7 0.0000 0.0000 0.0000 -14.1 0.0000 0.0 0.0
E 320500 2 3 promote 0.0067 30.0 -14.4
R 320500 0 0.0173 0.0020 0.1075 0.0000 -14.4 0.16 176 268.9 0.0000 0
R 320500 1 0.0340 0.0000 0.0553 0.0000 -14.3 0.69 383 85.8 0.0000 35
R 320500 2 0.0179 0.0000 0.0277 0.0014 -13.7 0.69 1803 0.0 0.0015 111
R 320500 3 0.0235 0.0012 0.0416 0.0089 -14.7 0.35 1848 7.1 0.0167 400
R 320500 4 0.0220 0.0029 0.0965 0.0266 -19.2 0.95 367 9.2 0.0057 231
R 320500 5 0.0262 0.0012 0.0265 0.0035 -27.7 1.57 490 214.4 0.0010 44
P 320500 3 pass 30.0 0.0112 2033 -14.4
S 320817 3 0.0109 30.3 0.0000 0.0000 0.0000 -14.9 0.0000 0.0 0.0
S 321817 3 0.0082 32.9 0.0000 0.0314 0.0000 -14.9 0.0000 -4.2 -1.0
S 322817 3 0.0093 32.0 0.0000 0.0297 0.0000 -14.9 0.0000 0.0 0.0
S 323820 3 0.0094 32.4 0.0000 0.0350 0.0000 -14.8 0.0000 -0.1 -0.2
S 324823 3 0.0122 32.5 0.0000 0.0208 0.0000 -14.8 0.0000 0.1 -0.1
S 325824 3 0.0044 31.9 0.0000 0.0000 0.0000 -14.8 0.0000 -1.0 -0.1
R 325824 0 0.0173 0.0020 0.1075 0.0000 -14.4 0.16 176 274.2 0.0000 0
R 325824 1 0.0340 0.0000 0.0553 0.0000 -14.3 0.69 383 91.2 0.0000 35
R 325824 2 0.0179 0.0000 0.0277 0.0014 -13.7 0.69 1803 5.3 0.0015 111
R 325824 3 0.0220 0.0010 0.0402 0.0080 -14.7 0.34 1941 0.2 0.0167 400
R 325824 4 0.0220 0.0029 0.0965 0.0266 -19.2 0.95 367 14.5 0.0058 233
R 325824 5 0.0262 0.0012 0.0265 0.0035 -27.7 1.57 490 219.8 0.0010 44
S 326825 3 0.0135 33.5 0.0000 0.0000 0.0000 -14.8 0.0000 0.0 -0.1
E 327612 3 4 promote 0.0191 33.1 -14.7
R 327612 0 0.0173 0.0020 0.1075 0.0000 -14.4 0.16 176 276.0 0.0000 0
R 327612 1 0.0340 0.0000 0.0553 0.0000 -14.3 0.69 383 92.9 0.0000 35
R 327612 2 0.0179 0.0000 0.0277 0.0014 -13.7 0.69 1803 7.1 0.0015 111
R 327612 3 0.0216 0.0010 0.0402 0.0080 -14.7 0.33 1976 0.0 0.0167 400
R 327612 4 0.0220 0.0029 0.0965 0.0266 -19.2 0.95 367 16.3 0.0063 269
R 327612 5 0.0262 0.0012 0.0265 0.0035 -27.7 1.57 490 221.5 0.0010 44
P 327612 4 pass 33.1 0.0171 2036 -14.7
S 327829 4 0.0176 33.5 0.0000 0.0000 0.0000 -19.1 0.0000 -0.3 0.2
S 328835 4 0.0115 34.4 0.0000 0.0000 0.0000 -19.4 0.0000 -0.0 -0.2
S 329835 4 0.0243 31.2 0.0000 0.0247 0.0000 -19.8 0.0000 0.3 -0.0
S 330839 4 0.0413 33.1 0.0000 0.0332 0.0000 -20.3 0.0000 0.4 -0.1
S 331839 4 0.0000 32.9 0.0000 0.0535 0.0000 -19.3 0.0000 0.0 0.0
S 332839 4 0.0188 31.2 0.0000 0.0000 0.0000 -18.8 0.0000 -0.5 0.6
S 333840 4 0.0189 32.7 0.0000 0.0000 0.0000 -19.0 0.0000 -0.2 0.1
E 334725 4 5 promote 0.0387 29.8 -18.8
R 334725 0 0.0173 0.0020 0.1075 0.0000 -14.4 0.16 176 283.1 0.0000 0
R 334725 1 0.0340 0.0000 0.0553 0.0000 -14.3 0.69 383 100.1 0.0000 35
R 334725 2 0.0179 0.0000 0.0277 0.0014 -13.7 0.69 1803 14.2 0.0015 111
R 334725 3 0.0216 0.0010 0.0402 0.0080 -14.7 0.33 1976 7.1 0.0167 400
R 334725 4 0.0214 0.0025 0.0898 0.0239 -19.2 0.90 495 0.0 0.0063 269
R 334725 5 0.0262 0.0012 0.0265 0.0035 -27.7 1.57 490 228.7 0.0010 82
P 334725 5 pass 29.8 0.0000 2032 -18.8
S 334840 5 0.0153 25.5 0.0000 0.0000 0.0000 -24.2 0.0000 0.9 0.5
S 335840 5 0.0213 27.3 0.0000 0.0000 0.0000 -25.5 0.0000 0.0 -0.2
R 335840 0 0.0173 0.0020 0.1075 0.0000 -14.4 0.16 176 284.3 0.0000 0
R 335840 1 0.0340 0.0000 0.0553 0.0000 -14.3 0.69 383 101.2 0.0000 35
R 335840 2 0.0179 0.0000 0.0277 0.0014 -13.7 0.69 1803 15.3 0.0015 111
R 335840 3 0.0216 0.0010 0.0402 0.0080 -14.7 0.33 1976 8.2 0.0167 400
R 335840 4 0.0214 0.0025 0.0898 0.0239 -19.2 0.90 495 1.1 0.0063 269
R 335840 5 0.0261 0.0011 0.0263 0.0034 -27.7 1.64 506 0.0 0.0010 82
S 336841 5 0.0702 20.4 0.3333 0.1404 0.0305 -20.7 0.3333 2.9 3.2
E 336858 5 4 residual 0.0676 20.4 -20.7
R 336858 0 0.0173 0.0020 0.1075 0.0000 -14.4 0.16 176 285.3 0.0000 0
R 336858 1 0.0340 0.0000 0.0553 0.0000 -14.3 0.69 383 102.2 0.0000 35
R 336858 2 0.0179 0.0000 0.0277 0.0014 -13.7 0.69 1803 16.4 0.0015 111
R 336858 3 0.0216 0.0010 0.0402 0.0080 -14.7 0.33 1976 9.2 0.0167 400
R 336858 4 0.0214 0.0025 0.0898 0.0239 -19.2 0.90 495 2.1 0.0063 269
R 336858 5 0.0263 0.0023 0.0284 0.0125 -27.5 1.80 526 0.0 0.0010 82
N 336858 5 2 356858
S 337846 4 0.0260 26.2 0.0000 0.0000 0.0000 -18.3 0.0000 0.0 0.0
S 338846 4 0.0292 24.1 0.0000 0.0265 0.0000 -18.4 0.0000 0.9 0.5
S 339846 4 0.0217 27.4 0.0000 0.0321 0.0000 -18.8 0.0000 0.0 0.0
S 340846 4 0.0148 29.2 0.0000 0.0182 0.0000 -19.2 0.0000 -1.7 -1.1
S 341847 4 0.0107 31.1 0.0000 0.0287 0.0000 -19.0 0.0000 0.0 0.0
S 342851 4 0.0347 33.1 0.0000 0.0000 0.0000 -18.9 0.0000 0.0 0.0
S 343853 4 0.0219 30.8 0.0000 0.0000 0.0000 -18.8 0.0000 0.0 0.0
S 344853 4 0.0162 32.0 0.0000 0.0071 0.0000 -19.0 0.0000 0.0 -0.0
S 345853 4 0.0112 32.7 0.0000 0.0258 0.0000 -19.2 0.0000 0.6 0.1
R 345853 0 0.0173 0.0020 0.1075 0.0000 -14.4 0.16 176 294.3 0.0000 0
R 345853 1 0.0340 0.0000 0.0553 0.0000 -14.3 0.69 383 111.2 0.0000 35
R 345853 2 0.0179 0.0000 0.0277 0.0014 -13.7 0.69 1803 25.4 0.0015 111
R 345853 3 0.0216 0.0010 0.0402 0.0080 -14.7 0.33 1976 18.2 0.0167 400
R 345853 4 0.0210 0.0020 0.0769 0.0197 -19.1 0.85 662 0.0 0.0063 269
R 345853 5 0.0263 0.0023 0.0284 0.0125 -27.5 1.80 526 9.0 0.0010 82
S 346853 4 0.0117 31.6 0.0000 0.0285 0.0000 -19.2 0.0000 0.1 0.0
S 347858 4 0.0090 33.2 0.0000 0.0216 0.0000 -19.1 0.0000 0.0 0.0
S 348860 4 0.0112 33.1 0.0000 0.0446 0.0000 -19.6 0.0000 -0.1 -0.2
S 349861 4 0.0262 31.9 0.0000 0.0000 0.0000 -19.4 0.0000 0.0 0.0
S 350861 4 0.0164 32.4 0.0000 0.0635 0.0000 -19.6 0.0000 0.0 0.0
S 351871 4 0.0238 34.3 0.0000 0.0000 0.0000 -19.4 0.0000 0.0 0.0
S 352874 4 0.0210 33.3 0.0000 0.0000 0.0000 -19.2 0.0000 -0.0 0.7
S 353875 4 0.0087 35.5 0.0000 0.0000 0.0000 -19.2 0.0000 0.6 0.2
S 354881 4 0.0372 35.4 0.0000 0.0256 0.0000 -19.9 0.0000 0.8 -0.0
S 355881 4 0.0277 34.1 0.0000 0.0000 0.0000 -19.5 0.0000 0.1 0.1
R 355881 0 0.0173 0.0020 0.1075 0.0000 -14.4 0.16 176 304.3 0.0000 0
R 355881 1 0.0340 0.0000 0.0553 0.0000 -14.3 0.69 383 121.2 0.0000 35
R 355881 2 0.0179 0.0000 0.0277 0.0014 -13.7 0.69 1803 35.4 0.0015 111
R 355881 3 0.0216 0.0010 0.0402 0.0080 -14.7 0.33 1976 28.3 0.0167 400
R 355881 4 0.0206 0.0016 0.0658 0.0158 -19.2 0.79 854 0.0 0.0063 269
R 355881 5 0.0263 0.0023 0.0284 0.0125 -27.5 1.80 526 19.0 0.0010 82
S 356883 4 0.0329 32.9 0.0000 0.0000 0.0000 -19.3 0.0000 0.0 0.0
S 357884 4 0.0160 33.2 0.0000 0.0000 0.0000 -19.3 0.0000 -1.0 1.1
S 358885 4 0.0296 35.0 0.0000 0.0000 0.0000 -19.0 0.0000 0.3 0.4
E 358912 4 5 promote 0.0293 34.1 -19.3
R 358912 0 0.0173 0.0020 0.1075 0.0000 -14.4 0.16 176 307.3 0.0000 0
R 358912 1 0.0340 0.0000 0.0553 0.0000 -14.3 0.69 383 124.2 0.0000 35
R 358912 2 0.0179 0.0000 0.0277 0.0014 -13.7 0.69 1803 38.4 0.0015 111
R 358912 3 0.0216 0.0010 0.0402 0.0080 -14.7 0.33 1976 31.3 0.0167 400
R 358912 4 0.0210 0.0015 0.0646 0.0154 -19.2 0.77 907 0.0 0.0063 269
R 358912 5 0.0263 0.0023 0.0284 0.0125 -27.5 1.80 526 22.1 0.0010 119
P 358912 5 pass 34.1 0.0000 2054 -19.3
S 359891 5 0.0215 34.1 0.0000 0.0000 0.0000 -28.0 0.0000 -0.2 -0.1
S 360897 5 0.0192 33.1 0.0000 0.0000 0.0000 -27.8 0.0000 0.0 0.0
S 361906 5 0.0094 nan 0.0000 0.0000 0.0000 nan 0.0000 -0.1 -0.1
