ctllog 3 ladder=0/100,1/100,2/50,3/50,4/25,5/25 down_util=0.35 up_util=0.15
S 8843 0 0.0000 nan 0.0000 0.0000 0.0000 nan 0.0000 nan nan
S 14988 0 0.0000 nan 0.0000 0.0000 0.0000 nan 0.0000 nan nan
S 15993 0 0.0000 nan 0.0000 0.0000 0.0000 nan 0.0000 nan nan
S 17007 0 0.0000 nan 0.0000 0.0000 0.0000 nan 0.0000 nan nan
S 18015 0 0.0000 nan 0.0000 0.0000 0.0000 nan 0.0000 nan nan
S 19015 0 0.0000 nan 0.0000 0.0000 0.0000 nan 0.0000 nan nan
S 20023 0 0.0000 nan 0.0000 0.0000 0.0000 nan 0.0000 nan nan
S 21025 0 0.0000 nan 0.0000 0.0000 0.0000 nan 0.0000 nan nan
S 22026 0 0.4604 34.3 0.0000 0.0000 0.0000 -14.6 0.0000 0.0 0.0
S 23026 0 0.0411 34.0 0.0000 0.1359 0.0000 -14.7 0.0000 -0.4 0.4
S 24026 0 0.1038 34.7 0.0000 0.0000 0.0000 -14.5 0.0000 0.1 -0.3
S 25027 0 0.0337 34.5 0.0000 0.0000 0.0000 -14.4 0.0000 -1.0 -0.0
R 25027 0 0.8408 0.0011 0.0021 0.0000 -14.4 0.09 61 0.0 0.0000 0
S 26027 0 0.0306 34.2 0.0000 0.0000 0.0000 -14.2 0.0000 -0.0 -0.0
S 27032 0 0.0366 34.4 0.0000 0.0000 0.0000 -14.1 0.0000 -0.8 -0.2
S 28033 0 0.0000 33.8 0.0000 0.0000 0.0000 -14.3 0.0000 1.5 0.1
S 29038 0 0.0138 34.7 0.0000 0.0000 0.0000 -14.7 0.0000 0.0 0.0
E 29457 0 1 promote 0.0957 35.4 -14.1
R 29457 0 0.7684 0.0010 0.0031 0.0000 -14.4 0.10 142 0.0 0.0000 0
R 29457 1 0.0000 0.0000 0.0000 0.0000 nan nan 0 -1.0 0.0427 37
P 29457 1 pass 35.4 0.0000 2045 -14.1
S 30038 1 0.0180 34.9 0.0000 0.0343 0.0000 -14.6 0.0000 0.0 0.0
S 31038 1 0.0000 34.4 0.0000 0.0091 0.0000 -14.2 0.0000 -0.4 0.1
S 32040 1 0.0112 35.0 0.0000 0.0397 0.0000 -14.3 0.0000 -2.1 -0.3
S 33040 1 0.0268 35.1 0.0000 0.0286 0.0000 -14.8 0.0000 2.1 0.2
S 34041 1 0.0136 34.0 0.0000 0.0465 0.0000 -13.8 0.0000 -0.7 0.0
S 35042 1 0.0293 35.2 0.0000 0.0000 0.0000 -14.0 0.0000 -4.2 0.1
R 35042 0 0.7684 0.0010 0.0031 0.0000 -14.4 0.10 142 5.6 0.0000 0
R 35042 1 0.0129 0.0000 0.0518 0.0000 -14.8 0.17 99 0.0 0.0427 37
R 35042 2 0.0000 0.0000 0.0000 0.0000 nan nan 0 -1.0 0.0000 8
S 36044 1 0.0116 35.4 0.0000 0.0000 0.0000 -14.8 0.0000 1.7 0.0
E 36550 1 2 promote 0.0361 34.1 -13.9
R 36550 0 0.7684 0.0010 0.0031 0.0000 -14.4 0.10 142 7.1 0.0000 0
R 36550 1 0.0131 0.0000 0.0518 0.0000 -14.8 0.19 128 0.0 0.0427 37
R 36550 2 0.0000 0.0000 0.0000 0.0000 nan nan 0 -1.0 0.0003 37
P 36550 2 pass 34.1 0.0000 2019 -13.9
S 37044 2 0.0000 33.6 0.0000 0.0169 0.0000 -14.5 0.0000 1.8 -0.0
S 38044 2 0.0000 33.8 0.0000 0.0270 0.0000 -14.0 0.0000 -0.2 0.1
S 39044 2 0.0227 34.0 0.0000 0.0000 0.0000 -14.3 0.0000 -0.4 0.1
S 40044 2 0.0229 33.8 0.0000 0.0000 0.0000 -14.1 0.0000 0.3 0.1
S 41054 2 0.0102 34.0 0.0000 0.0322 0.0000 -14.3 0.0000 -0.2 0.2
S 42054 2 0.0209 34.7 0.0000 0.0000 0.0000 -14.7 0.0000 0.6 -0.0
S 43054 2 0.0127 32.7 0.0000 0.0000 0.0000 -14.2 0.0000 -1.0 0.5
E 43669 2 3 promote 0.0200 33.0 -14.2
R 43669 0 0.7684 0.0010 0.0031 0.0000 -14.4 0.10 142 14.2 0.0000 0
R 43669 1 0.0131 0.0000 0.0518 0.0000 -14.8 0.19 128 7.1 0.0427 37
R 43669 2 0.0240 0.0000 0.0226 0.0000 -14.6 0.16 126 0.0 0.0003 37
R 43669 3 0.0000 0.0000 0.0000 0.0000 nan nan 0 -1.0 0.0071 38
P 43669 3 pass 33.0 0.0000 2045 -14.2
S 44054 3 0.0307 33.7 0.0000 0.0199 0.0000 -15.0 0.0000 0.0 0.0
S 45054 3 0.0079 34.3 0.0000 0.0000 0.0000 -15.0 0.0000 0.1 0.1
R 45054 0 0.7684 0.0010 0.0031 0.0000 -14.4 0.10 142 15.6 0.0000 0
R 45054 1 0.0131 0.0000 0.0518 0.0000 -14.8 0.19 128 8.5 0.0427 37
R 45054 2 0.0240 0.0000 0.0226 0.0000 -14.6 0.16 126 1.4 0.0003 37
R 45054 3 0.0124 0.0000 0.0183 0.0000 -15.0 0.01 21 0.0 0.0071 38
S 46054 3 0.0372 35.8 0.0000 0.0000 0.0000 -15.0 0.0000 0.4 -0.3
S 47054 3 0.0321 33.8 0.0000 0.0122 0.0000 -15.0 0.0000 -0.6 -0.1
S 48054 3 0.0224 34.1 0.0000 0.0438 0.0000 -15.0 0.0000 -1.6 -0.7
S 49054 3 0.0202 33.7 0.0000 0.0000 0.0000 -15.0 0.0000 0.4 0.2
S 50055 3 0.0184 34.6 0.0000 0.0000 0.0000 -15.0 0.0000 0.3 0.3
E 50841 3 4 promote 0.0201 34.5 -15.0
R 50841 0 0.7684 0.0010 0.0031 0.0000 -14.4 0.10 142 21.4 0.0000 0
R 50841 1 0.0131 0.0000 0.0518 0.0000 -14.8 0.19 128 14.3 0.0427 37
R 50841 2 0.0240 0.0000 0.0226 0.0000 -14.6 0.16 126 7.2 0.0003 37
R 50841 3 0.0131 0.0000 0.0185 0.0000 -15.0 0.02 125 0.0 0.0071 38
R 50841 4 0.0000 0.0000 0.0000 0.0000 nan nan 0 -1.0 0.0001 37
P 50841 4 pass 34.5 0.0273 2097 -15.0
S 51055 4 0.0215 33.3 0.0000 0.0000 0.0000 -19.8 0.0000 -0.2 0.0
S 52055 4 0.0083 33.5 0.0000 0.0279 0.0000 -19.9 0.0000 0.0 0.0
S 53062 4 0.0267 32.9 0.0000 0.0193 0.0000 -19.7 0.0000 -0.0 0.1
S 54071 4 0.0081 34.2 0.0000 0.0475 0.0000 -20.4 0.0000 -0.2 0.0
S 55073 4 0.0522 34.4 0.0000 0.0622 0.0000 -20.0 0.0000 0.0 0.0
R 55073 0 0.7684 0.0010 0.0031 0.0000 -14.4 0.10 142 25.6 0.0000 0
R 55073 1 0.0131 0.0000 0.0518 0.0000 -14.8 0.19 128 18.5 0.0427 37
R 55073 2 0.0240 0.0000 0.0226 0.0000 -14.6 0.16 126 11.4 0.0003 37
R 55073 3 0.0131 0.0000 0.0185 0.0000 -15.0 0.02 125 4.2 0.0071 38
R 55073 4 0.0181 0.0000 0.0856 0.0000 -19.6 0.11 76 0.0 0.0001 37
S 56074 4 0.0318 33.7 0.0000 0.0000 0.0000 -19.5 0.0000 -0.3 -0.0
S 57075 4 0.0176 33.6 0.0000 0.0000 0.0000 -19.9 0.0000 0.0 0.0
E 57962 4 5 promote 0.0071 34.8 -19.6
R 57962 0 0.7684 0.0010 0.0031 0.0000 -14.4 0.10 142 28.5 0.0000 0
R 57962 1 0.0131 0.0000 0.0518 0.0000 -14.8 0.19 128 21.4 0.0427 37
R 57962 2 0.0240 0.0000 0.0226 0.0000 -14.6 0.16 126 14.3 0.0003 37
R 57962 3 0.0131 0.0000 0.0185 0.0000 -15.0 0.02 125 7.1 0.0071 38
R 57962 4 0.0186 0.0000 0.0852 0.0000 -19.6 0.11 127 0.0 0.0001 37
R 57962 5 0.0000 0.0000 0.0000 0.0000 nan nan 0 -1.0 0.0086 37
P 57962 5 pass 34.8 0.0191 2037 -19.6
S 58075 5 0.0154 nan 0.0000 0.0000 0.0000 nan 0.0000 1.0 -0.5
S 59080 5 0.0030 33.1 0.0000 0.0337 0.0000 -28.5 0.0000 0.0 0.0
S 60083 5 0.0000 34.1 0.0000 0.0000 0.0000 -28.5 0.0000 0.0 0.0
S 61083 5 0.0308 33.8 0.0000 0.0199 0.0000 -28.5 0.0000 0.0 0.1
S 62092 5 0.0340 34.0 0.0000 0.0000 0.0000 -28.0 0.0000 -0.0 -0.1
S 63100 5 0.0082 32.6 0.0000 0.0000 0.0000 -28.2 0.0000 -0.3 0.1
S 64100 5 0.0237 33.6 0.0000 0.0175 0.0000 -28.1 0.0000 -0.0 -0.0
S 65101 5 0.0260 34.4 0.0000 0.0162 0.0000 -28.2 0.0000 0.0 0.0
R 65101 0 0.7684 0.0010 0.0031 0.0000 -14.4 0.10 142 35.6 0.0000 0
R 65101 1 0.0131 0.0000 0.0518 0.0000 -14.8 0.19 128 28.6 0.0427 37
R 65101 2 0.0240 0.0000 0.0226 0.0000 -14.6 0.16 126 21.4 0.0003 37
R 65101 3 0.0131 0.0000 0.0185 0.0000 -15.0 0.02 125 14.3 0.0071 38
R 65101 4 0.0186 0.0000 0.0852 0.0000 -19.6 0.11 127 7.1 0.0001 37
R 65101 5 0.0226 0.0000 0.0214 0.0000 -28.8 0.22 131 0.0 0.0086 37
S 66101 5 0.0177 32.9 0.0000 0.0000 0.0000 -26.9 0.0000 0.0 0.0
S 67102 5 0.0239 32.4 0.0000 0.0000 0.0000 -28.0 0.0000 0.0 0.0
S 68102 5 0.0074 nan 0.0000 0.0000 0.0000 nan 0.0000 0.0 0.0
S 69104 5 0.0147 30.6 0.0000 0.0000 0.0000 -27.3 0.0000 0.9 0.4
S 70105 5 0.0325 28.4 0.0000 0.0327 0.0000 -25.7 0.0000 0.0 0.0
S 71107 5 0.0000 28.3 0.0000 0.0000 0.0000 -25.9 0.0000 -1.0 -0.8
S 72113 5 0.0202 26.2 0.0000 0.0520 0.0000 -25.3 0.0000 -0.5 -0.1
S 73113 5 0.1514 23.4 0.0000 0.2245 0.0000 -22.3 0.0000 0.4 0.6
S 74115 5 0.0182 19.7 0.0000 0.0246 0.0000 -20.9 0.0000 4.4 2.6
E 74843 5 4 residual 0.0970 20.7 -20.6
R 74843 0 0.7684 0.0010 0.0031 0.0000 -14.4 0.10 142 45.4 0.0000 0
R 74843 1 0.0131 0.0000 0.0518 0.0000 -14.8 0.19 128 38.3 0.0427 37
R 74843 2 0.0240 0.0000 0.0226 0.0000 -14.6 0.16 126 31.2 0.0003 37
R 74843 3 0.0131 0.0000 0.0185 0.0000 -15.0 0.02 125 24.0 0.0071 38
R 74843 4 0.0186 0.0000 0.0852 0.0000 -19.6 0.11 127 16.9 0.0001 37
R 74843 5 0.0231 0.0012 0.0253 0.0112 -28.3 1.59 317 0.0 0.0086 37
S 75115 4 0.1300 22.5 0.0000 0.0000 0.0000 -17.9 0.0000 -0.6 -0.6
R 75115 0 0.7684 0.0010 0.0031 0.0000 -14.4 0.10 142 45.7 0.0000 0
R 75115 1 0.0131 0.0000 0.0518 0.0000 -14.8 0.19 128 38.6 0.0427 37
R 75115 2 0.0240 0.0000 0.0226 0.0000 -14.6 0.16 126 31.4 0.0003 37
R 75115 3 0.0131 0.0000 0.0185 0.0000 -15.0 0.02 125 24.3 0.0071 38
R 75115 4 0.0186 0.0000 0.0852 0.0000 -19.6 0.11 127 17.2 0.0001 37
R 75115 5 0.0231 0.0012 0.0253 0.0112 -28.3 1.59 317 0.3 0.0086 37
S 76119 4 0.0347 22.6 0.0000 0.0405 0.0000 -17.3 0.0000 0.0 0.0
S 77124 4 0.0053 nan 0.0000 0.0575 0.0000 nan 0.0000 0.0 0.0
E 77367 4 3 residual 0.1231 18.9 -16.5
R 77367 0 0.7684 0.0010 0.0031 0.0000 -14.4 0.10 142 47.9 0.0000 0
R 77367 1 0.0131 0.0000 0.0518 0.0000 -14.8 0.19 128 40.8 0.0427 37
R 77367 2 0.0240 0.0000 0.0226 0.0000 -14.6 0.16 126 33.7 0.0003 37
R 77367 3 0.0131 0.0000 0.0185 0.0000 -15.0 0.02 125 26.5 0.0071 38
R 77367 4 0.0191 0.0012 0.0833 0.0000 -19.5 0.56 171 0.0 0.0001 37
R 77367 5 0.0231 0.0012 0.0253 0.0112 -28.3 1.59 317 2.5 0.0086 37
S 78124 3 0.0230 23.4 0.0000 0.0141 0.0000 -14.5 0.0000 -0.2 -0.2
S 79124 3 0.0390 23.4 0.0000 0.0956 0.0000 -14.5 0.0000 -1.1 -1.5
S 80125 3 0.0098 21.3 0.0000 0.0528 0.0000 -14.2 0.0000 0.0 0.0
S 81125 3 0.0275 23.4 0.0000 0.0536 0.0000 -14.5 0.0000 -0.3 -0.3
S 82134 3 0.0174 nan 0.0000 0.0323 0.0000 nan 0.0000 0.9 1.2
S 83136 3 0.0134 18.4 0.0000 0.0000 0.0588 -14.3 0.0000 -0.2 -0.5
P 83146 4 fail 18.5 0.2033 668 -14.2
N 83146 4 1 93146
S 84137 3 0.0072 20.8 0.0000 0.0368 0.0000 -14.6 0.0000 -0.4 -0.9
S 85137 3 0.0599 17.7 0.0000 0.1572 0.0000 -14.1 0.0000 1.0 1.8
R 85137 0 0.7684 0.0010 0.0031 0.0000 -14.4 0.10 142 55.7 0.0000 0
R 85137 1 0.0131 0.0000 0.0518 0.0000 -14.8 0.19 128 48.6 0.0427 37
R 85137 2 0.0240 0.0000 0.0226 0.0000 -14.6 0.16 126 41.5 0.0003 37
R 85137 3 0.0146 0.0000 0.0236 0.0033 -14.9 0.24 262 0.0 0.0071 38
R 85137 4 0.0191 0.0012 0.0833 0.0000 -19.5 0.56 171 7.8 0.0015 48
R 85137 5 0.0231 0.0012 0.0253 0.0112 -28.3 1.59 317 10.3 0.0086 37
E 85649 3 2 s3_util 0.3509 17.3 -14.1
R 85649 0 0.7684 0.0010 0.0031 0.0000 -14.4 0.10 142 56.2 0.0000 0
R 85649 1 0.0131 0.0000 0.0518 0.0000 -14.8 0.19 128 49.1 0.0427 37
R 85649 2 0.0240 0.0000 0.0226 0.0000 -14.6 0.16 126 42.0 0.0003 37
R 85649 3 0.0159 0.0000 0.0260 0.0033 -14.9 0.26 272 0.0 0.0071 38
R 85649 4 0.0191 0.0012 0.0833 0.0000 -19.5 0.56 171 8.3 0.0015 48
R 85649 5 0.0231 0.0012 0.0253 0.0112 -28.3 1.59 317 10.8 0.0086 37
S 86137 2 0.0896 24.3 0.0000 0.0860 0.0000 -13.4 0.0000 0.0 0.0
S 87137 2 0.0081 15.5 0.0000 0.0212 0.0000 -12.5 0.0000 0.4 0.1
S 88137 2 0.0155 21.1 0.0000 0.0143 0.0000 -12.7 0.0000 -0.3 -0.3
S 89137 2 0.0067 19.9 0.0000 0.0000 0.0000 -12.2 0.0000 0.0 0.0
S 90137 2 0.0198 15.1 0.0000 0.0000 0.0000 -11.8 0.0000 -0.8 -0.4
S 91137 2 0.0132 15.3 0.0000 0.0000 0.0000 -10.9 0.0000 0.2 -0.0
S 92137 2 0.0179 20.8 0.0000 0.0000 0.0417 -13.0 0.0000 -0.3 -0.6
E 93131 2 3 promote 0.0030 21.5 -13.1
R 93131 0 0.7684 0.0010 0.0031 0.0000 -14.4 0.10 142 63.7 0.0000 0
R 93131 1 0.0131 0.0000 0.0518 0.0000 -14.8 0.19 128 56.6 0.0427 37
R 93131 2 0.0233 0.0000 0.0227 0.0000 -14.3 0.71 262 0.0 0.0003 37
R 93131 3 0.0159 0.0000 0.0260 0.0033 -14.9 0.26 272 7.5 0.0094 75
R 93131 4 0.0191 0.0012 0.0833 0.0000 -19.5 0.56 171 15.8 0.0015 48
R 93131 5 0.0231 0.0012 0.0253 0.0112 -28.3 1.59 317 18.3 0.0086 37
P 93131 3 pass 21.5 0.0353 2011 -13.1
S 93137 3 0.0030 21.7 0.0000 0.0000 0.0000 -13.1 0.0000 0.0 0.0
S 94137 3 0.0149 21.3 0.0000 0.0212 0.0000 -14.5 0.0000 -0.7 -1.4
S 95137 3 0.0252 nan 0.0000 0.0217 0.0000 nan 0.0000 0.1 0.1
R 95137 0 0.7684 0.0010 0.0031 0.0000 -14.4 0.10 142 65.7 0.0000 0
R 95137 1 0.0131 0.0000 0.0518 0.0000 -14.8 0.19 128 58.6 0.0427 37
R 95137 2 0.0233 0.0000 0.0227 0.0000 -14.3 0.71 262 2.0 0.0003 37
R 95137 3 0.0159 0.0000 0.0262 0.0032 -14.9 0.26 306 0.0 0.0094 75
R 95137 4 0.0191 0.0012 0.0833 0.0000 -19.5 0.56 171 17.8 0.0015 48
R 95137 5 0.0231 0.0012 0.0253 0.0112 -28.3 1.59 317 20.3 0.0086 37
S 96139 3 0.0145 27.9 0.0000 0.0461 0.0000 -14.8 0.0000 -0.4 -0.4
S 97139 3 0.0240 26.7 0.0000 0.0000 0.0000 -14.8 0.0000 -0.5 -0.5
S 98144 3 0.0051 28.5 0.0000 0.0000 0.0000 -14.9 0.0000 -0.1 -0.1
S 99153 3 0.0138 31.4 0.0000 0.0000 0.0000 -15.0 0.0000 1.1 0.4
S 100163 3 0.0093 24.1 0.0000 0.0000 0.0000 -14.7 0.0000 0.0 0.0
E 100237 3 4 promote 0.0090 28.6 -14.8
R 100237 0 0.7684 0.0010 0.0031 0.0000 -14.4 0.10 142 70.8 0.0000 0
R 100237 1 0.0131 0.0000 0.0518 0.0000 -14.8 0.19 128 63.7 0.0427 37
R 100237 2 0.0233 0.0000 0.0227 0.0000 -14.3 0.71 262 7.1 0.0003 37
R 100237 3 0.0156 0.0000 0.0257 0.0030 -14.9 0.25 401 0.0 0.0094 75
R 100237 4 0.0191 0.0012 0.0833 0.0000 -19.5 0.56 171 22.9 0.0025 86
R 100237 5 0.0231 0.0012 0.0253 0.0112 -28.3 1.59 317 25.4 0.0086 37
P 100237 4 pass 28.6 0.0000 2039 -14.8
S 101163 4 0.0139 22.4 0.0000 0.0000 0.0000 -17.8 0.0000 0.8 0.5
S 102167 4 0.0201 28.1 0.0000 0.0549 0.0000 -18.5 0.0000 0.0 0.1
S 103171 4 0.0000 26.3 0.0000 0.0242 0.0000 -18.5 0.0000 -0.5 -1.0
S 104180 4 0.0150 25.7 0.0000 0.0077 0.0000 -18.2 0.0000 0.0 0.0
S 105180 4 0.0276 25.8 0.0000 0.0000 0.0000 -18.6 0.0000 0.0 0.0
R 105180 0 0.7684 0.0010 0.0031 0.0000 -14.4 0.10 142 75.7 0.0000 0
R 105180 1 0.0131 0.0000 0.0518 0.0000 -14.8 0.19 128 68.6 0.0427 37
R 105180 2 0.0233 0.0000 0.0227 0.0000 -14.3 0.71 262 12.0 0.0003 37
R 105180 3 0.0156 0.0000 0.0257 0.0030 -14.9 0.25 401 4.9 0.0094 75
R 105180 4 0.0189 0.0010 0.0768 0.0000 -19.4 0.66 261 0.0 0.0025 86
R 105180 5 0.0231 0.0012 0.0253 0.0112 -28.3 1.59 317 30.3 0.0086 37
S 106180 4 0.0165 30.6 0.0000 0.0000 0.0000 -19.1 0.0000 0.1 -0.2
P 107061 5 fail 24.9 0.5595 1737 -17.9
N 107061 5 1 117061
S 107180 4 0.0757 nan 0.0000 0.0000 0.2139 nan 0.0000 0.0 0.0
E 107423 4 3 residual 0.0331 15.7 -15.5
R 107423 0 0.7684 0.0010 0.0031 0.0000 -14.4 0.10 142 78.0 0.0000 0
R 107423 1 0.0131 0.0000 0.0518 0.0000 -14.8 0.19 128 70.9 0.0427 37
R 107423 2 0.0233 0.0000 0.0227 0.0000 -14.3 0.71 262 14.3 0.0003 37
R 107423 3 0.0156 0.0000 0.0257 0.0030 -14.9 0.25 401 7.2 0.0094 75
R 107423 4 0.0194 0.0022 0.0777 0.0012 -19.4 0.72 295 0.0 0.0025 86
R 107423 5 0.0231 0.0012 0.0253 0.0112 -28.3 1.59 317 32.6 0.0093 69
S 108180 3 0.0177 17.1 0.0000 0.0340 0.0000 -13.9 0.0000 0.0 0.0
E 108797 3 2 s3_util 0.2768 18.9 -14.0
R 108797 0 0.7684 0.0010 0.0031 0.0000 -14.4 0.10 142 79.3 0.0000 0
R 108797 1 0.0131 0.0000 0.0518 0.0000 -14.8 0.19 128 72.2 0.0427 37
R 108797 2 0.0233 0.0000 0.0227 0.0000 -14.3 0.71 262 15.7 0.0003 37
R 108797 3 0.0165 0.0000 0.0271 0.0029 -14.8 0.27 423 0.0 0.0094 75
R 108797 4 0.0194 0.0022 0.0777 0.0012 -19.4 0.72 295 1.4 0.0025 86
R 108797 5 0.0231 0.0012 0.0253 0.0112 -28.3 1.59 317 34.0 0.0093 69
S 109180 2 0.2154 16.0 0.0000 0.2230 0.0000 -11.4 0.0000 0.0 0.0
E 109198 2 1 s3_util 0.2151 16.0 -11.8
R 109198 0 0.7684 0.0010 0.0031 0.0000 -14.4 0.10 142 79.7 0.0000 0
R 109198 1 0.0131 0.0000 0.0518 0.0000 -14.8 0.19 128 72.6 0.0427 37
R 109198 2 0.0240 0.0000 0.0234 0.0000 -14.3 0.72 265 0.0 0.0003 37
R 109198 3 0.0165 0.0000 0.0271 0.0029 -14.8 0.27 423 0.4 0.0094 75
R 109198 4 0.0194 0.0022 0.0777 0.0012 -19.4 0.72 295 1.8 0.0025 86
R 109198 5 0.0231 0.0012 0.0253 0.0112 -28.3 1.59 317 34.4 0.0093 69
S 110184 1 0.0045 16.6 0.0000 0.0667 0.0000 -11.8 0.0000 1.3 1.4
S 111184 1 0.0215 21.1 0.0000 0.0338 0.0000 -13.4 0.0000 0.0 0.0
S 112184 1 0.0000 23.6 0.0000 0.0305 0.0000 -13.6 0.0000 -2.2 -2.2
S 113190 1 0.0000 27.9 0.0000 0.0000 0.0000 -13.6 0.0000 -1.6 -1.6
S 114190 1 0.0000 21.5 0.0000 0.0234 0.0000 -13.1 0.0000 -0.0 -0.0
S 115193 1 0.0300 22.7 0.0000 0.0000 0.0000 -13.4 0.0000 -0.5 0.1
R 115193 0 0.7684 0.0010 0.0031 0.0000 -14.4 0.10 142 85.7 0.0000 0
R 115193 1 0.0134 0.0000 0.0489 0.0000 -14.6 0.76 234 0.0 0.0427 37
R 115193 2 0.0240 0.0000 0.0234 0.0000 -14.3 0.72 265 6.0 0.0004 46
R 115193 3 0.0165 0.0000 0.0271 0.0029 -14.8 0.27 423 6.4 0.0094 75
R 115193 4 0.0194 0.0022 0.0777 0.0012 -19.4 0.72 295 7.8 0.0025 86
R 115193 5 0.0231 0.0012 0.0253 0.0112 -28.3 1.59 317 40.4 0.0093 69
S 116201 1 0.0432 26.6 0.0000 0.0000 0.0000 -13.6 0.0000 -0.7 -0.5
E 116627 1 2 promote 0.0341 22.6 -13.0
R 116627 0 0.7684 0.0010 0.0031 0.0000 -14.4 0.10 142 87.2 0.0000 0
R 116627 1 0.0138 0.0000 0.0489 0.0000 -14.5 0.77 263 0.0 0.0427 37
R 116627 2 0.0240 0.0000 0.0234 0.0000 -14.3 0.72 265 7.4 0.0007 75
R 116627 3 0.0165 0.0000 0.0271 0.0029 -14.8 0.27 423 7.8 0.0094 75
R 116627 4 0.0194 0.0022 0.0777 0.0012 -19.4 0.72 295 9.2 0.0025 86
R 116627 5 0.0231 0.0012 0.0253 0.0112 -28.3 1.59 317 41.8 0.0093 69
P 116627 2 pass 22.6 0.0267 2041 -13.0
S 117201 2 0.0190 22.9 0.0000 0.0245 0.0000 -13.3 0.0000 0.0 0.0
S 118201 2 0.0120 29.1 0.0000 0.0461 0.0000 -14.1 0.0000 0.4 0.3
S 119201 2 0.0032 26.2 0.0000 0.0085 0.0000 -13.9 0.0000 0.7 0.9
S 120204 2 0.0207 28.4 0.0000 0.0000 0.0000 -14.1 0.0000 0.8 0.2
S 121210 2 0.0102 29.9 0.0000 0.0256 0.0000 -13.8 0.0000 0.0 0.0
S 122210 2 0.0441 nan 0.0000 0.0000 0.0000 nan 0.0000 0.0 0.0
S 123210 2 0.0072 19.5 0.0000 0.0000 0.0000 -13.0 0.0000 0.0 0.0
E 123789 2 3 promote 0.0198 21.7 -13.0
R 123789 0 0.7684 0.0010 0.0031 0.0000 -14.4 0.10 142 94.3 0.0000 0
R 123789 1 0.0138 0.0000 0.0489 0.0000 -14.5 0.77 263 7.2 0.0427 37
R 123789 2 0.0229 0.0000 0.0240 0.0000 -14.2 0.71 395 0.0 0.0007 75
R 123789 3 0.0165 0.0000 0.0271 0.0029 -14.8 0.27 423 15.0 0.0099 113
R 123789 4 0.0194 0.0022 0.0777 0.0012 -19.4 0.72 295 16.4 0.0025 86
R 123789 5 0.0231 0.0012 0.0253 0.0112 -28.3 1.59 317 48.9 0.0093 69
P 123789 3 pass 21.7 0.0238 2034 -13.0
S 124214 3 0.1026 22.3 0.0000 0.1071 0.0000 -14.3 0.0000 0.7 -0.9
E 124732 3 2 s3_util 0.3273 16.2 -14.0
R 124732 0 0.7684 0.0010 0.0031 0.0000 -14.4 0.10 142 95.3 0.0000 0
R 124732 1 0.0138 0.0000 0.0489 0.0000 -14.5 0.77 263 8.1 0.0427 37
R 124732 2 0.0229 0.0000 0.0240 0.0000 -14.2 0.71 395 0.9 0.0007 75
R 124732 3 0.0185 0.0000 0.0294 0.0028 -14.8 0.28 435 0.0 0.0099 113
R 124732 4 0.0194 0.0022 0.0777 0.0012 -19.4 0.72 295 17.3 0.0025 86
R 124732 5 0.0231 0.0012 0.0253 0.0112 -28.3 1.59 317 49.9 0.0093 69
N 124732 3 1 134732
S 125221 2 0.1226 16.0 0.0000 0.1722 0.0000 -11.9 0.0000 0.0 0.0
R 125221 0 0.7684 0.0010 0.0031 0.0000 -14.4 0.10 142 95.8 0.0000 0
R 125221 1 0.0138 0.0000 0.0489 0.0000 -14.5 0.77 263 8.6 0.0427 37
R 125221 2 0.0234 0.0000 0.0246 0.0000 -14.2 0.74 399 0.0 0.0007 75
R 125221 3 0.0185 0.0000 0.0294 0.0028 -14.8 0.28 435 0.5 0.0099 113
R 125221 4 0.0194 0.0022 0.0777 0.0012 -19.4 0.72 295 17.8 0.0025 86
R 125221 5 0.0231 0.0012 0.0253 0.0112 -28.3 1.59 317 50.4 0.0093 69
S 126225 2 0.0028 16.7 0.0000 0.0515 0.0000 -12.6 0.0000 0.3 0.1
S 127225 2 0.0164 24.4 0.0000 0.1203 0.0000 -13.9 0.0000 0.0 0.0
S 128225 2 0.0219 24.3 0.0000 0.0418 0.0000 -13.6 0.0000 -1.6 -1.4
S 129225 2 0.0101 24.1 0.0000 0.0322 0.0000 -13.7 0.0000 -1.9 -2.0
S 130225 2 0.0440 28.6 0.0000 0.0349 0.0000 -14.2 0.0000 -2.5 -1.1
S 131225 2 0.0177 28.2 0.0000 0.0156 0.0000 -13.9 0.0000 0.5 0.2
S 132225 2 0.0169 28.9 0.0000 0.0730 0.0000 -13.9 0.0000 0.0 0.0
S 133225 2 0.0078 29.7 0.0000 0.0000 0.0000 -13.8 0.0000 0.0 0.0
S 134232 2 0.0062 33.1 0.0000 0.0865 0.0000 -14.0 0.0000 0.0 0.0
S 135235 2 0.0211 35.4 0.0000 0.0000 0.0000 -13.9 0.0000 -3.9 -0.8
R 135235 0 0.7684 0.0010 0.0031 0.0000 -14.4 0.10 142 105.8 0.0000 0
R 135235 1 0.0138 0.0000 0.0489 0.0000 -14.5 0.77 263 18.6 0.0427 37
R 135235 2 0.0220 0.0000 0.0270 0.0000 -14.1 0.74 591 0.0 0.0007 75
R 135235 3 0.0185 0.0000 0.0294 0.0028 -14.8 0.28 435 10.5 0.0102 120
R 135235 4 0.0194 0.0022 0.0777 0.0012 -19.4 0.72 295 27.8 0.0025 86
R 135235 5 0.0231 0.0012 0.0253 0.0112 -28.3 1.59 317 60.4 0.0093 69
S 136235 2 0.0160 33.2 0.0000 0.0000 0.0000 -14.0 0.0000 -0.1 -0.2
E 136753 2 3 promote 0.0302 31.6 -14.0
R 136753 0 0.7684 0.0010 0.0031 0.0000 -14.4 0.10 142 107.3 0.0000 0
R 136753 1 0.0138 0.0000 0.0489 0.0000 -14.5 0.77 263 20.1 0.0427 37
R 136753 2 0.0218 0.0000 0.0270 0.0000 -14.1 0.72 621 0.0 0.0007 75
R 136753 3 0.0185 0.0000 0.0294 0.0028 -14.8 0.28 435 12.0 0.0103 150
R 136753 4 0.0194 0.0022 0.0777 0.0012 -19.4 0.72 295 29.3 0.0025 86
R 136753 5 0.0231 0.0012 0.0253 0.0112 -28.3 1.59 317 61.9 0.0093 69
P 136753 3 pass 31.6 0.0000 2000 -14.0
S 137235 3 0.0216 33.9 0.0000 0.0245 0.0000 -14.9 0.0000 0.0 0.0
S 138235 3 0.0229 33.7 0.0000 0.0184 0.0000 -15.0 0.0000 0.0 0.0
S 139235 3 0.0185 32.2 0.0000 0.0000 0.0000 -14.9 0.0000 -0.1 -0.5
S 140235 3 0.0076 32.7 0.0000 0.0000 0.0000 -15.0 0.0000 -0.3 -0.0
S 141235 3 0.0214 34.2 0.0000 0.0187 0.0000 -15.0 0.0000 -0.2 -0.1
S 142235 3 0.0067 34.5 0.0000 0.0000 0.0000 -14.7 0.0000 0.1 0.0
S 143237 3 0.0283 34.3 0.0000 0.0000 0.0000 -14.9 0.0000 0.0 0.0
E 143897 3 4 promote 0.0128 33.0 -14.9
R 143897 0 0.7684 0.0010 0.0031 0.0000 -14.4 0.10 142 114.4 0.0000 0
R 143897 1 0.0138 0.0000 0.0489 0.0000 -14.5 0.77 263 27.3 0.0427 37
R 143897 2 0.0218 0.0000 0.0270 0.0000 -14.1 0.72 621 7.1 0.0007 75
R 143897 3 0.0181 0.0000 0.0284 0.0026 -14.8 0.27 564 0.0 0.0103 150
R 143897 4 0.0194 0.0022 0.0777 0.0012 -19.4 0.72 295 36.5 0.0029 124
R 143897 5 0.0231 0.0012 0.0253 0.0112 -28.3 1.59 317 69.1 0.0093 69
P 143897 4 pass 33.0 0.0158 2050 -14.9
S 144247 4 0.0000 34.3 0.0000 0.0000 0.0000 -19.2 0.0000 -0.2 -0.2
S 145249 4 0.0047 33.0 0.0000 0.0197 0.0000 -20.4 0.0000 0.0 0.0
R 145249 0 0.7684 0.0010 0.0031 0.0000 -14.4 0.10 142 115.8 0.0000 0
R 145249 1 0.0138 0.0000 0.0489 0.0000 -14.5 0.77 263 28.6 0.0427 37
R 145249 2 0.0218 0.0000 0.0270 0.0000 -14.1 0.72 621 8.5 0.0007 75
R 145249 3 0.0181 0.0000 0.0284 0.0026 -14.8 0.27 564 1.4 0.0103 150
R 145249 4 0.0192 0.0021 0.0765 0.0011 -19.4 0.71 316 0.0 0.0029 124
R 145249 5 0.0231 0.0012 0.0253 0.0112 -28.3 1.59 317 70.4 0.0093 69
S 146252 4 0.0165 33.5 0.0000 0.0329 0.0000 -19.3 0.0000 -0.6 0.2
S 147255 4 0.0255 33.2 0.0000 0.0217 0.0000 -18.9 0.0000 0.1 0.0
S 148255 4 0.0177 32.2 0.0000 0.0000 0.0000 -18.6 0.0000 0.0 -0.2
S 149263 4 0.0238 30.8 0.0000 0.0000 0.0000 -19.0 0.0000 0.9 0.1
S 150273 4 0.0263 32.1 0.0000 0.0000 0.0000 -19.7 0.0000 0.1 0.1
E 151008 4 5 promote 0.0150 29.7 -19.0
R 151008 0 0.7684 0.0010 0.0031 0.0000 -14.4 0.10 142 121.6 0.0000 0
R 151008 1 0.0138 0.0000 0.0489 0.0000 -14.5 0.77 263 34.4 0.0427 37
R 151008 2 0.0218 0.0000 0.0270 0.0000 -14.1 0.72 621 14.3 0.0007 75
R 151008 3 0.0181 0.0000 0.0284 0.0026 -14.8 0.27 564 7.1 0.0103 150
R 151008 4 0.0192 0.0019 0.0718 0.0010 -19.3 0.68 423 0.0 0.0029 124
R 151008 5 0.0231 0.0012 0.0253 0.0112 -28.3 1.59 317 76.2 0.0092 106
P 151008 5 pass 29.7 0.0104 2017 -19.0
S 151285 5 0.0052 26.2 0.0000 0.0000 0.0000 -23.9 0.0000 0.0 0.0
S 152289 5 0.0000 29.5 0.0000 0.0000 0.0000 -26.8 0.0000 -2.7 -1.3
S 153299 5 0.0118 31.6 0.0000 0.0000 0.0000 -27.3 0.0000 0.0 0.0
S 154311 5 0.0162 30.5 0.0000 0.0549 0.0000 -27.1 0.0000 -0.2 0.2
S 155311 5 0.0104 32.7 0.0000 0.0000 0.0000 -27.9 0.0000 -1.0 -0.3
R 155311 0 0.7684 0.0010 0.0031 0.0000 -14.4 0.10 142 125.9 0.0000 0
R 155311 1 0.0138 0.0000 0.0489 0.0000 -14.5 0.77 263 38.7 0.0427 37
R 155311 2 0.0218 0.0000 0.0270 0.0000 -14.1 0.72 621 18.6 0.0007 75
R 155311 3 0.0181 0.0000 0.0284 0.0026 -14.8 0.27 564 11.4 0.0103 150
R 155311 4 0.0192 0.0019 0.0718 0.0010 -19.3 0.68 423 4.3 0.0029 124
R 155311 5 0.0221 0.0011 0.0246 0.0103 -28.2 1.58 394 0.0 0.0092 106
S 156311 5 0.0277 32.1 0.0000 0.0328 0.0000 -27.3 0.0000 -0.3 0.0
S 157314 5 0.0221 31.6 0.0000 0.0000 0.0000 -27.8 0.0000 0.0 0.0
S 158314 5 0.0109 31.0 0.0000 0.0000 0.0000 -26.9 0.0000 -0.1 0.1
S 159315 5 0.0259 26.3 0.0000 0.0494 0.0000 -25.1 0.0000 0.6 0.7
S 160324 5 0.0000 27.6 0.0000 0.0000 0.0000 -25.5 0.0000 -0.1 0.0
S 161334 5 0.0298 26.6 0.0000 0.0000 0.0000 -24.3 0.0000 0.1 -0.2
S 162334 5 0.0000 25.1 0.0000 0.0467 0.0000 -23.6 0.0000 0.0 0.0
S 163334 5 0.0241 26.5 0.0000 0.0232 0.0000 -24.5 0.0000 -0.5 -0.4
S 164338 5 0.0289 19.7 0.0000 0.0540 0.0000 -20.4 0.0000 2.7 1.6
S 165338 5 0.1120 20.1 0.0000 0.2050 0.0000 -20.9 0.0000 0.1 -0.0
R 165338 0 0.7684 0.0010 0.0031 0.0000 -14.4 0.10 142 135.9 0.0000 0
R 165338 1 0.0138 0.0000 0.0489 0.0000 -14.5 0.77 263 48.7 0.0427 37
R 165338 2 0.0218 0.0000 0.0270 0.0000 -14.1 0.72 621 28.6 0.0007 75
R 165338 3 0.0181 0.0000 0.0284 0.0026 -14.8 0.27 564 21.4 0.0103 150
R 165338 4 0.0192 0.0019 0.0718 0.0010 -19.3 0.68 423 14.3 0.0029 124
R 165338 5 0.0222 0.0008 0.0252 0.0082 -27.6 2.13 587 0.0 0.0092 106
E 165541 5 4 s3_util 0.2711 20.8 -20.9
R 165541 0 0.7684 0.0010 0.0031 0.0000 -14.4 0.10 142 136.1 0.0000 0
R 165541 1 0.0138 0.0000 0.0489 0.0000 -14.5 0.77 263 48.9 0.0427 37
R 165541 2 0.0218 0.0000 0.0270 0.0000 -14.1 0.72 621 28.8 0.0007 75
R 165541 3 0.0181 0.0000 0.0284 0.0026 -14.8 0.27 564 21.6 0.0103 150
R 165541 4 0.0192 0.0019 0.0718 0.0010 -19.3 0.68 423 14.5 0.0029 124
R 165541 5 0.0227 0.0008 0.0262 0.0082 -27.5 2.17 591 0.0 0.0092 106
S 166344 4 0.0054 22.2 0.0000 0.0306 0.0000 -17.7 0.0000 0.9 0.8
S 167345 4 0.0170 28.3 0.0000 0.0000 0.0000 -18.6 0.0000 0.0 0.0
S 168347 4 0.0115 29.7 0.0000 0.0539 0.0000 -18.6 0.0000 0.0 0.0
S 169347 4 0.0221 28.7 0.0000 0.0000 0.0000 -18.7 0.0000 0.3 -0.1
S 170350 4 0.0168 29.0 0.0000 0.0000 0.0000 -18.5 0.0000 0.0 0.0
S 171350 4 0.0081 32.0 0.0000 0.0000 0.0000 -18.9 0.0000 0.3 0.0
S 172351 4 0.0229 32.3 0.0000 0.0000 0.0000 -19.1 0.0000 -0.6 -0.0
E 172637 4 5 promote 0.0397 32.3 -18.9
R 172637 0 0.7684 0.0010 0.0031 0.0000 -14.4 0.10 142 143.2 0.0000 0
R 172637 1 0.0138 0.0000 0.0489 0.0000 -14.5 0.77 263 56.0 0.0427 37
R 172637 2 0.0218 0.0000 0.0270 0.0000 -14.1 0.72 621 35.9 0.0007 75
R 172637 3 0.0181 0.0000 0.0284 0.0026 -14.8 0.27 564 28.7 0.0103 150
R 172637 4 0.0188 0.0016 0.0672 0.0009 -19.2 0.74 549 0.0 0.0029 124
R 172637 5 0.0227 0.0008 0.0262 0.0082 -27.5 2.17 591 7.1 0.0093 142
P 172637 5 pass 32.3 0.0274 2000 -18.9
S 173353 5 0.0113 28.0 0.0000 0.0000 0.0000 -25.5 0.0000 2.3 1.3
S 174353 5 0.0101 30.1 0.0000 0.0000 0.0000 -26.6 0.0000 0.0 0.0
S 175358 5 0.0174 27.4 0.0000 0.0219 0.0000 -24.1 0.0000 1.5 0.8
R 175358 0 0.7684 0.0010 0.0031 0.0000 -14.4 0.10 142 145.9 0.0000 0
R 175358 1 0.0138 0.0000 0.0489 0.0000 -14.5 0.77 263 58.7 0.0427 37
R 175358 2 0.0218 0.0000 0.0270 0.0000 -14.1 0.72 621 38.6 0.0007 75
R 175358 3 0.0181 0.0000 0.0284 0.0026 -14.8 0.27 564 31.5 0.0103 150
R 175358 4 0.0188 0.0016 0.0672 0.0009 -19.2 0.74 549 2.7 0.0029 124
R 175358 5 0.0222 0.0008 0.0257 0.0078 -27.4 2.16 638 0.0 0.0093 142
S 176361 5 0.0251 24.8 0.0000 0.0326 0.0000 -22.7 0.0000 0.0 0.0
S 177361 5 0.0365 23.3 0.0000 0.0478 0.0000 -22.3 0.0000 0.0 0.0
S 178361 5 0.0271 28.9 0.0000 0.0000 0.0000 -25.3 0.0000 0.0 0.0
S 179370 5 0.0325 25.7 0.0000 0.0000 0.0000 -24.3 0.0000 -1.1 -0.4
E 180237 5 4 residual 0.0941 20.4 -21.2
R 180237 0 0.7684 0.0010 0.0031 0.0000 -14.4 0.10 142 150.8 0.0000 0
R 180237 1 0.0138 0.0000 0.0489 0.0000 -14.5 0.77 263 63.6 0.0427 37
R 180237 2 0.0218 0.0000 0.0270 0.0000 -14.1 0.72 621 43.5 0.0007 75
R 180237 3 0.0181 0.0000 0.0284 0.0026 -14.8 0.27 564 36.3 0.0103 150
R 180237 4 0.0188 0.0016 0.0672 0.0009 -19.2 0.74 549 7.6 0.0029 124
R 180237 5 0.0224 0.0019 0.0251 0.0070 -27.2 2.24 730 0.0 0.0093 142
S 180379 4 0.0874 27.0 0.0000 0.0000 0.0000 -18.7 0.0000 -0.4 -0.5
S 181383 4 0.0056 22.9 0.0000 0.0000 0.0000 -17.7 0.0000 -0.0 -0.1
E 181511 4 3 s3_residual 0.2719 19.8 -16.5
R 181511 0 0.7684 0.0010 0.0031 0.0000 -14.4 0.10 142 152.1 0.0000 0
R 181511 1 0.0138 0.0000 0.0489 0.0000 -14.5 0.77 263 64.9 0.0427 37
R 181511 2 0.0218 0.0000 0.0270 0.0000 -14.1 0.72 621 44.8 0.0007 75
R 181511 3 0.0181 0.0000 0.0284 0.0026 -14.8 0.27 564 37.6 0.0103 150
R 181511 4 0.0189 0.0016 0.0666 0.0044 -19.2 0.76 568 0.0 0.0029 124
R 181511 5 0.0224 0.0019 0.0251 0.0070 -27.2 2.24 730 1.3 0.0093 142
S 182383 3 0.0000 26.9 0.0000 0.0000 0.0000 -14.9 0.0000 0.0 0.0
S 183384 3 0.0074 26.1 0.0000 0.0510 0.0000 -14.8 0.0000 3.2 1.5
S 184388 3 0.0093 25.8 0.0000 0.0196 0.0000 -14.8 0.0000 0.1 0.2
S 185388 3 0.0217 24.3 0.0000 0.0418 0.0000 -14.7 0.0000 0.1 -0.0
R 185388 0 0.7684 0.0010 0.0031 0.0000 -14.4 0.10 142 155.9 0.0000 0
R 185388 1 0.0138 0.0000 0.0489 0.0000 -14.5 0.77 263 68.8 0.0427 37
R 185388 2 0.0218 0.0000 0.0270 0.0000 -14.1 0.72 621 48.6 0.0007 75
R 185388 3 0.0174 0.0000 0.0286 0.0045 -14.8 0.26 633 0.0 0.0103 150
R 185388 4 0.0189 0.0016 0.0666 0.0044 -19.2 0.76 568 3.9 0.0029 124
R 185388 5 0.0224 0.0019 0.0251 0.0070 -27.2 2.24 730 5.2 0.0093 142
S 186388 3 0.0184 24.9 0.0000 0.2303 0.0354 -14.8 0.0000 0.0 -0.1
P 187381 4 fail 19.0 0.2562 783 -14.1
N 187381 4 1 197381
S 187396 3 0.1121 17.7 0.0000 0.0000 0.0000 -13.9 0.0000 0.0 0.0
S 188402 3 0.0325 23.5 0.0000 0.0237 0.0000 -14.6 0.0000 -1.1 -0.4
S 189404 3 0.0309 22.8 0.0000 0.0227 0.0000 -14.6 0.0000 0.4 0.9
S 190409 3 0.0161 24.2 0.0000 0.0135 0.0000 -14.7 0.0000 -5.7 -5.4
S 191418 3 0.0077 20.5 0.0000 0.0121 0.0000 -14.4 0.0000 0.0 0.1
S 192418 3 0.0024 25.1 0.0000 0.0186 0.0000 -14.6 0.0000 0.1 0.2
S 193418 3 0.0101 26.9 0.0000 0.0363 0.0000 -14.8 0.0000 -0.4 0.0
S 194418 3 0.0023 22.4 0.0000 0.0683 0.0000 -14.5 0.0000 4.9 3.5
S 195422 3 0.0890 14.6 0.0000 0.1253 0.0000 -13.7 0.0000 1.7 2.2
R 195422 0 0.7684 0.0010 0.0031 0.0000 -14.4 0.10 142 166.0 0.0000 0
R 195422 1 0.0138 0.0000 0.0489 0.0000 -14.5 0.77 263 78.8 0.0427 37
R 195422 2 0.0218 0.0000 0.0270 0.0000 -14.1 0.72 621 58.7 0.0007 75
R 195422 3 0.0184 0.0000 0.0331 0.0095 -14.8 0.30 819 0.0 0.0103 150
R 195422 4 0.0189 0.0016 0.0666 0.0044 -19.2 0.76 568 13.9 0.0049 136
R 195422 5 0.0224 0.0019 0.0251 0.0070 -27.2 2.24 730 15.2 0.0093 142
E 195774 3 2 s3_util 0.3559 15.7 -13.7
R 195774 0 0.7684 0.0010 0.0031 0.0000 -14.4 0.10 142 166.3 0.0000 0
R 195774 1 0.0138 0.0000 0.0489 0.0000 -14.5 0.77 263 79.1 0.0427 37
R 195774 2 0.0218 0.0000 0.0270 0.0000 -14.1 0.72 621 59.0 0.0007 75
R 195774 3 0.0195 0.0000 0.0348 0.0094 -14.8 0.31 826 0.0 0.0103 150
R 195774 4 0.0189 0.0016 0.0666 0.0044 -19.2 0.76 568 14.3 0.0049 136
R 195774 5 0.0224 0.0019 0.0251 0.0070 -27.2 2.24 730 15.5 0.0093 142
E 196031 2 1 util 0.4548 12.0 -10.2
R 196031 0 0.7684 0.0010 0.0031 0.0000 -14.4 0.10 142 166.6 0.0000 0
R 196031 1 0.0138 0.0000 0.0489 0.0000 -14.5 0.77 263 79.4 0.0427 37
R 196031 2 0.0218 0.0000 0.0270 0.0000 -14.1 0.72 621 59.3 0.0007 75
R 196031 3 0.0195 0.0000 0.0348 0.0094 -14.8 0.31 826 0.3 0.0103 150
R 196031 4 0.0189 0.0016 0.0666 0.0044 -19.2 0.76 568 14.5 0.0049 136
R 196031 5 0.0224 0.0019 0.0251 0.0070 -27.2 2.24 730 15.8 0.0093 142
E 196184 1 0 util 0.4113 13.7 -11.4
R 196184 0 0.7684 0.0010 0.0031 0.0000 -14.4 0.10 142 166.7 0.0000 0
R 196184 1 0.0138 0.0000 0.0489 0.0000 -14.5 0.77 263 79.6 0.0427 37
R 196184 2 0.0218 0.0000 0.0270 0.0000 -14.1 0.72 621 59.4 0.0007 75
R 196184 3 0.0195 0.0000 0.0348 0.0094 -14.8 0.31 826 0.4 0.0103 150
R 196184 4 0.0189 0.0016 0.0666 0.0044 -19.2 0.76 568 14.7 0.0049 136
R 196184 5 0.0224 0.0019 0.0251 0.0070 -27.2 2.24 730 15.9 0.0093 142
S 196422 0 0.2048 18.0 0.0000 0.0000 0.0000 -12.7 0.0000 0.0 0.0
S 197422 0 0.0511 nan 0.0000 0.0620 0.0000 nan 0.0000 0.7 -0.3
S 198424 0 0.0380 26.2 0.0000 0.0000 0.0000 -13.5 0.0000 -4.6 -4.0
S 199432 0 0.0000 23.7 0.0000 0.0000 0.0000 -12.6 0.0000 -2.4 -3.0
S 200433 0 0.0361 25.0 0.0000 0.0000 0.0000 -13.4 0.0000 -1.4 -1.0
S 201437 0 0.0353 26.2 0.0000 0.0000 0.0000 -13.5 0.0000 0.3 -0.2
S 202438 0 0.0714 24.4 0.0000 0.0000 0.0000 -13.5 0.0000 -0.1 -0.1
S 203444 0 0.0292 27.6 0.0000 0.0000 0.0000 -13.6 0.0000 -1.0 -0.4
E 203515 0 1 promote 0.0285 28.4 -13.7
R 203515 0 0.6682 0.0008 0.0044 0.0000 -14.2 0.57 270 0.0 0.0000 0
R 203515 1 0.0138 0.0000 0.0489 0.0000 -14.5 0.77 263 86.9 0.0418 72
R 203515 2 0.0218 0.0000 0.0270 0.0000 -14.1 0.72 621 66.8 0.0007 75
R 203515 3 0.0195 0.0000 0.0348 0.0094 -14.8 0.31 826 7.7 0.0103 150
R 203515 4 0.0189 0.0016 0.0666 0.0044 -19.2 0.76 568 22.0 0.0049 136
R 203515 5 0.0224 0.0019 0.0251 0.0070 -27.2 2.24 730 23.3 0.0093 142
P 203515 1 pass 28.4 0.0268 2029 -13.7
S 204445 1 0.0071 30.0 0.0000 0.0231 0.0000 -14.5 0.0000 0.1 0.2
S 205445 1 0.0198 27.5 0.0000 0.0272 0.0000 -13.6 0.0000 -0.2 0.1
R 205445 0 0.6682 0.0008 0.0044 0.0000 -14.2 0.57 270 1.9 0.0000 0
R 205445 1 0.0138 0.0000 0.0477 0.0000 -14.5 0.77 294 0.0 0.0418 72
R 205445 2 0.0218 0.0000 0.0270 0.0000 -14.1 0.72 621 68.7 0.0007 75
R 205445 3 0.0195 0.0000 0.0348 0.0094 -14.8 0.31 826 9.7 0.0103 150
R 205445 4 0.0189 0.0016 0.0666 0.0044 -19.2 0.76 568 23.9 0.0049 136
R 205445 5 0.0224 0.0019 0.0251 0.0070 -27.2 2.24 730 25.2 0.0093 142
S 206448 1 0.0000 28.4 0.0000 0.0229 0.0000 -13.5 0.0000 0.1 0.1
S 207448 1 0.0000 31.1 0.0000 0.0349 0.0000 -13.6 0.0000 1.0 0.3
S 208451 1 0.0181 24.6 0.0000 0.0828 0.0000 -13.4 0.0000 7.7 4.4
S 209459 1 0.0000 30.8 0.0000 0.0000 0.0000 -13.5 0.0000 0.4 0.0
S 210466 1 0.0000 nan 0.0000 0.0000 0.0000 nan 0.0000 0.5 0.1
E 210617 1 2 promote 0.0000 25.3 -13.7
R 210617 0 0.6682 0.0008 0.0044 0.0000 -14.2 0.57 270 7.1 0.0000 0
R 210617 1 0.0134 0.0000 0.0473 0.0000 -14.4 0.78 390 0.0 0.0418 72
R 210617 2 0.0218 0.0000 0.0270 0.0000 -14.1 0.72 621 73.9 0.0010 112
R 210617 3 0.0195 0.0000 0.0348 0.0094 -14.8 0.31 826 14.8 0.0103 150
R 210617 4 0.0189 0.0016 0.0666 0.0044 -19.2 0.76 568 29.1 0.0049 136
R 210617 5 0.0224 0.0019 0.0251 0.0070 -27.2 2.24 730 30.4 0.0093 142
P 210617 2 pass 25.3 0.0000 2028 -13.7
S 211466 2 0.0090 26.1 0.0000 0.0077 0.0000 -13.8 0.0000 -1.7 -0.4
S 212466 2 0.0094 19.9 0.0000 0.0508 0.0000 -13.3 0.0000 0.6 0.7
S 213466 2 0.0407 21.9 0.0000 0.0197 0.0000 -12.5 0.0000 -0.4 -0.3
S 214466 2 0.0063 19.4 0.0000 0.0184 0.0000 -13.1 0.0000 -0.9 -1.1
S 215467 2 0.0111 21.4 0.0000 0.0339 0.0000 -13.2 0.0000 -1.3 -1.5
R 215467 0 0.6682 0.0008 0.0044 0.0000 -14.2 0.57 270 12.0 0.0000 0
R 215467 1 0.0134 0.0000 0.0473 0.0000 -14.4 0.78 390 4.8 0.0418 72
R 215467 2 0.0212 0.0000 0.0262 0.0000 -14.0 0.73 710 0.0 0.0010 112
R 215467 3 0.0195 0.0000 0.0348 0.0094 -14.8 0.31 826 19.7 0.0103 150
R 215467 4 0.0189 0.0016 0.0666 0.0044 -19.2 0.76 568 34.0 0.0049 136
R 215467 5 0.0224 0.0019 0.0251 0.0070 -27.2 2.24 730 35.2 0.0093 142
S 216468 2 0.0175 15.4 0.0000 0.0000 0.0000 -10.7 0.0000 2.8 2.9
P 216937 3 fail 13.9 0.2022 1149 -11.4
N 216937 3 1 226937
S 217468 2 0.0242 15.0 0.0000 0.0457 0.0000 -11.8 0.0000 0.0 0.0
S 218475 2 0.0122 17.9 0.0000 0.0978 0.0000 -12.5 0.0000 -0.2 -0.5
S 219480 2 0.0131 21.1 0.0000 0.0092 0.0000 -13.0 0.0000 -1.7 -2.2
S 220480 2 0.0265 19.9 0.0000 0.0545 0.0000 -13.4 0.0000 0.0 0.0
S 221480 2 0.0030 22.8 0.0000 0.0410 0.0000 -12.8 0.0000 -1.6 -1.7
S 222482 2 0.0149 23.4 0.0000 0.1023 0.0000 -13.3 0.0000 0.0 0.0
S 223485 2 0.0196 25.5 0.0000 0.0000 0.0000 -13.6 0.0000 0.0 0.0
S 224487 2 0.0285 29.3 0.0000 0.0166 0.0000 -13.6 0.0000 -1.4 -0.5
S 225489 2 0.0000 24.4 0.0000 0.0369 0.0000 -13.5 0.0000 0.0 0.0
R 225489 0 0.6682 0.0008 0.0044 0.0000 -14.2 0.57 270 22.0 0.0000 0
R 225489 1 0.0134 0.0000 0.0473 0.0000 -14.4 0.78 390 14.9 0.0418 72
R 225489 2 0.0209 0.0000 0.0278 0.0000 -13.8 0.87 896 0.0 0.0010 112
R 225489 3 0.0195 0.0000 0.0348 0.0094 -14.8 0.31 826 29.7 0.0121 170
R 225489 4 0.0189 0.0016 0.0666 0.0044 -19.2 0.76 568 44.0 0.0049 136
R 225489 5 0.0224 0.0019 0.0251 0.0070 -27.2 2.24 730 45.3 0.0093 142
S 226489 2 0.0129 25.6 0.0000 0.0712 0.0000 -13.5 0.0000 0.0 0.0
S 227489 2 0.0188 23.2 0.0000 0.0000 0.0000 -13.3 0.0000 -0.1 -0.3
S 228489 2 0.0285 21.2 0.0000 0.0000 0.0000 -13.1 0.0000 0.0 0.0
E 228960 2 3 promote 0.0208 19.6 -12.7
R 228960 0 0.6682 0.0008 0.0044 0.0000 -14.2 0.57 270 25.4 0.0000 0
R 228960 1 0.0134 0.0000 0.0473 0.0000 -14.4 0.78 390 18.3 0.0418 72
R 228960 2 0.0207 0.0000 0.0285 0.0000 -13.8 0.86 959 0.0 0.0010 112
R 228960 3 0.0195 0.0000 0.0348 0.0094 -14.8 0.31 826 33.2 0.0131 207
R 228960 4 0.0189 0.0016 0.0666 0.0044 -19.2 0.76 568 47.4 0.0049 136
R 228960 5 0.0224 0.0019 0.0251 0.0070 -27.2 2.24 730 48.7 0.0093 142
P 228960 3 pass 19.6 0.0253 2007 -12.7
S 229490 3 0.0867 18.0 0.0000 0.2406 0.0000 -13.9 0.0000 0.0 0.0
E 229632 3 2 s3_util 0.2167 18.0 -13.7
R 229632 0 0.6682 0.0008 0.0044 0.0000 -14.2 0.57 270 26.1 0.0000 0
R 229632 1 0.0134 0.0000 0.0473 0.0000 -14.4 0.78 390 19.0 0.0418 72
R 229632 2 0.0207 0.0000 0.0285 0.0000 -13.8 0.86 959 0.7 0.0010 112
R 229632 3 0.0202 0.0000 0.0365 0.0093 -14.8 0.32 834 0.0 0.0131 207
R 229632 4 0.0189 0.0016 0.0666 0.0044 -19.2 0.76 568 48.1 0.0049 136
R 229632 5 0.0224 0.0019 0.0251 0.0070 -27.2 2.24 730 49.4 0.0093 142
N 229632 3 2 249632
S 230490 2 0.0035 20.6 0.0000 0.0000 0.0000 -12.6 0.0000 0.0 0.0
S 231490 2 0.0113 31.7 0.0000 0.0000 0.0000 -13.8 0.0000 -1.1 -0.8
S 232494 2 0.0155 nan 0.0000 0.0510 0.0000 nan 0.0000 0.3 -0.1
S 233494 2 0.0088 32.5 0.0000 0.0606 0.0000 -13.8 0.0000 -0.5 0.4
S 234494 2 0.0092 33.3 0.0000 0.0485 0.0000 -14.1 0.0000 0.0 0.0
S 235494 2 0.0318 33.0 0.0000 0.0000 0.0000 -14.4 0.0000 0.8 0.3
R 235494 0 0.6682 0.0008 0.0044 0.0000 -14.2 0.57 270 32.0 0.0000 0
R 235494 1 0.0134 0.0000 0.0473 0.0000 -14.4 0.78 390 24.9 0.0418 72
R 235494 2 0.0199 0.0000 0.0294 0.0000 -13.7 0.83 1068 0.0 0.0010 112
R 235494 3 0.0202 0.0000 0.0365 0.0093 -14.8 0.32 834 5.9 0.0131 207
R 235494 4 0.0189 0.0016 0.0666 0.0044 -19.2 0.76 568 54.0 0.0049 136
R 235494 5 0.0224 0.0019 0.0251 0.0070 -27.2 2.24 730 55.3 0.0093 142
S 236500 2 0.0172 31.3 0.0000 0.0000 0.0000 -14.0 0.0000 0.0 0.0
S 237500 2 0.0282 33.2 0.0000 0.0000 0.0000 -14.1 0.0000 0.0 0.0
S 238500 2 0.0121 30.2 0.0000 0.0000 0.0000 -14.2 0.0000 -0.0 -0.0
S 239501 2 0.0235 22.9 0.0000 0.0000 0.0000 -13.4 0.0000 0.0 0.0
S 240502 2 0.0249 19.9 0.0000 0.0472 0.0000 -12.1 0.0000 0.0 0.1
S 241512 2 0.0031 21.5 0.0000 0.0379 0.0000 -13.3 0.0000 0.0 0.0
S 242516 2 0.0241 22.7 0.0000 0.0284 0.0000 -13.2 0.0000 -0.3 -0.3
S 243516 2 0.0160 28.8 0.0000 0.0000 0.0000 -13.7 0.0000 0.0 0.0
S 244516 2 0.0106 32.1 0.0000 0.0186 0.0000 -13.8 0.0000 0.0 0.0
S 245516 2 0.0219 33.8 0.0000 0.0587 0.0000 -14.0 0.0000 0.0 -0.0
R 245516 0 0.6682 0.0008 0.0044 0.0000 -14.2 0.57 270 42.0 0.0000 0
R 245516 1 0.0134 0.0000 0.0473 0.0000 -14.4 0.78 390 34.9 0.0418 72
R 245516 2 0.0191 0.0000 0.0278 0.0000 -13.7 0.79 1264 0.0 0.0010 112
R 245516 3 0.0202 0.0000 0.0365 0.0093 -14.8 0.32 834 15.9 0.0131 207
R 245516 4 0.0189 0.0016 0.0666 0.0044 -19.2 0.76 568 64.0 0.0049 136
R 245516 5 0.0224 0.0019 0.0251 0.0070 -27.2 2.24 730 65.3 0.0093 142
S 246520 2 0.0374 33.2 0.0000 0.0982 0.0000 -14.0 0.0000 0.0 0.0
S 247520 2 0.0063 34.2 0.0000 0.0262 0.0000 -14.8 0.0000 0.5 0.3
S 248520 2 0.0065 33.9 0.0000 0.0732 0.0000 -13.9 0.0000 1.8 0.5
S 249520 2 0.0176 34.1 0.0000 0.0468 0.0000 -14.3 0.0000 -3.0 0.1
S 250525 2 0.0397 33.6 0.0000 0.0000 0.0000 -14.0 0.0000 -0.2 -0.1
S 251525 2 0.0127 34.9 0.0000 0.0000 0.0000 -13.9 0.0000 -2.8 0.1
E 251644 2 3 promote 0.0032 34.0 -14.0
R 251644 0 0.6682 0.0008 0.0044 0.0000 -14.2 0.57 270 48.1 0.0000 0
R 251644 1 0.0134 0.0000 0.0473 0.0000 -14.4 0.78 390 41.0 0.0418 72
R 251644 2 0.0190 0.0000 0.0287 0.0000 -13.8 0.75 1379 0.0 0.0010 112
R 251644 3 0.0202 0.0000 0.0365 0.0093 -14.8 0.32 834 22.0 0.0130 244
R 251644 4 0.0189 0.0016 0.0666 0.0044 -19.2 0.76 568 70.1 0.0049 136
R 251644 5 0.0224 0.0019 0.0251 0.0070 -27.2 2.24 730 71.4 0.0093 142
P 251644 3 pass 34.0 0.0148 2010 -14.0
S 252525 3 0.0109 34.4 0.0000 0.0000 0.0000 -14.8 0.0000 2.0 -0.2
S 253525 3 0.0116 35.1 0.0000 0.0000 0.0000 -15.0 0.0000 0.0 0.0
S 254526 3 0.0198 34.4 0.0000 0.0000 0.0000 -15.0 0.0000 0.7 0.3
S 255526 3 0.0355 34.4 0.0000 0.0305 0.0000 -14.9 0.0000 -0.1 0.3
R 255526 0 0.6682 0.0008 0.0044 0.0000 -14.2 0.57 270 52.0 0.0000 0
R 255526 1 0.0134 0.0000 0.0473 0.0000 -14.4 0.78 390 44.9 0.0418 72
R 255526 2 0.0190 0.0000 0.0287 0.0000 -13.8 0.75 1379 3.9 0.0010 112
R 255526 3 0.0197 0.0000 0.0350 0.0086 -14.8 0.31 905 0.0 0.0130 244
R 255526 4 0.0189 0.0016 0.0666 0.0044 -19.2 0.76 568 74.0 0.0049 136
R 255526 5 0.0224 0.0019 0.0251 0.0070 -27.2 2.24 730 75.3 0.0093 142
S 256528 3 0.0048 34.9 0.0000 0.0424 0.0000 -15.0 0.0000 -0.2 -0.4
S 257528 3 0.0197 35.4 0.0000 0.0000 0.0000 -14.9 0.0000 0.1 0.0
S 258528 3 0.0047 35.5 0.0000 0.0000 0.0000 -15.4 0.0000 0.6 0.3
E 258729 3 4 promote 0.0259 34.6 -15.0
R 258729 0 0.6682 0.0008 0.0044 0.0000 -14.2 0.57 270 55.2 0.0000 0
R 258729 1 0.0134 0.0000 0.0473 0.0000 -14.4 0.78 390 48.1 0.0418 72
R 258729 2 0.0190 0.0000 0.0287 0.0000 -13.8 0.75 1379 7.1 0.0010 112
R 258729 3 0.0192 0.0000 0.0347 0.0083 -14.8 0.31 962 0.0 0.0130 244
R 258729 4 0.0189 0.0016 0.0666 0.0044 -19.2 0.76 568 77.2 0.0051 173
R 258729 5 0.0224 0.0019 0.0251 0.0070 -27.2 2.24 730 78.5 0.0093 142
P 258729 4 pass 34.6 0.0000 2028 -15.0
S 259530 4 0.0196 33.8 0.0000 0.0159 0.0000 -19.6 0.0000 0.0 0.0
S 260530 4 0.0024 34.6 0.0000 0.0736 0.0000 -19.1 0.0000 0.2 0.0
S 261530 4 0.0188 33.0 0.0000 0.0394 0.0000 -19.2 0.0000 0.4 0.1
S 262530 4 0.0465 34.4 0.0000 0.0229 0.0000 -19.4 0.0000 0.0 0.0
S 263535 4 0.0166 33.5 0.0000 0.0000 0.0000 -19.1 0.0000 0.0 0.0
S 264542 4 0.0076 34.4 0.0000 0.0000 0.0000 -19.1 0.0000 0.0 0.0
S 265542 4 0.0175 29.1 0.0000 0.0000 0.0000 -18.7 0.0000 8.2 2.4
R 265542 0 0.6682 0.0008 0.0044 0.0000 -14.2 0.57 270 62.0 0.0000 0
R 265542 1 0.0134 0.0000 0.0473 0.0000 -14.4 0.78 390 54.9 0.0418 72
R 265542 2 0.0190 0.0000 0.0287 0.0000 -13.8 0.75 1379 13.9 0.0010 112
R 265542 3 0.0192 0.0000 0.0347 0.0083 -14.8 0.31 962 6.8 0.0130 244
R 265542 4 0.0189 0.0014 0.0619 0.0039 -19.2 0.71 688 0.0 0.0051 173
R 265542 5 0.0224 0.0019 0.0251 0.0070 -27.2 2.24 730 85.3 0.0091 173
E 265845 4 5 promote 0.0096 27.2 -18.0
R 265845 0 0.6682 0.0008 0.0044 0.0000 -14.2 0.57 270 62.3 0.0000 0
R 265845 1 0.0134 0.0000 0.0473 0.0000 -14.4 0.78 390 55.2 0.0418 72
R 265845 2 0.0190 0.0000 0.0287 0.0000 -13.8 0.75 1379 14.2 0.0010 112
R 265845 3 0.0192 0.0000 0.0347 0.0083 -14.8 0.31 962 7.1 0.0130 244
R 265845 4 0.0189 0.0014 0.0619 0.0039 -19.2 0.71 694 0.0 0.0051 173
R 265845 5 0.0224 0.0019 0.0251 0.0070 -27.2 2.24 730 85.6 0.0091 179
P 265845 5 pass 27.2 0.0178 2044 -18.0
S 266546 5 0.0000 27.4 0.0000 0.0240 0.0000 -24.7 0.0000 1.5 -0.1
S 267555 5 0.0085 27.3 0.0000 0.0000 0.0000 -24.8 0.0000 -0.7 -0.5
S 268557 5 0.0293 29.4 0.0000 0.0000 0.0000 -26.2 0.0000 2.9 1.1
S 269559 5 0.0145 29.9 0.0000 0.0000 0.0000 -26.4 0.0000 -1.1 -0.6
S 270559 5 0.0239 26.8 0.0000 0.0000 0.0000 -23.6 0.0000 2.1 1.2
S 271562 5 0.0847 21.9 0.0000 0.1473 0.0058 -21.4 0.0000 0.0 0.8
E 271833 5 4 s3_util 0.4353 23.5 -22.5
R 271833 0 0.6682 0.0008 0.0044 0.0000 -14.2 0.57 270 68.3 0.0000 0
R 271833 1 0.0134 0.0000 0.0473 0.0000 -14.4 0.78 390 61.2 0.0418 72
R 271833 2 0.0190 0.0000 0.0287 0.0000 -13.8 0.75 1379 20.2 0.0010 112
R 271833 3 0.0192 0.0000 0.0347 0.0083 -14.8 0.31 962 13.1 0.0130 244
R 271833 4 0.0189 0.0014 0.0619 0.0039 -19.2 0.71 694 6.0 0.0051 173
R 271833 5 0.0227 0.0016 0.0267 0.0131 -26.9 2.33 839 0.0 0.0091 179
S 272571 4 0.0838 21.8 0.0000 0.0524 0.0000 -17.9 0.0000 -0.3 -0.0
S 273576 4 0.0162 23.6 0.0000 0.0341 0.0000 -18.2 0.0000 0.1 -0.1
S 274577 4 0.0992 24.8 0.0000 0.0504 0.0000 -18.7 0.0000 -0.7 -1.3
S 275579 4 0.0190 19.7 0.0000 0.0205 0.0000 -17.3 0.0000 0.0 0.0
R 275579 0 0.6682 0.0008 0.0044 0.0000 -14.2 0.57 270 72.1 0.0000 0
R 275579 1 0.0134 0.0000 0.0473 0.0000 -14.4 0.78 390 65.0 0.0418 72
R 275579 2 0.0190 0.0000 0.0287 0.0000 -13.8 0.75 1379 23.9 0.0010 112
R 275579 3 0.0192 0.0000 0.0347 0.0083 -14.8 0.31 962 16.9 0.0130 244
R 275579 4 0.0207 0.0013 0.0604 0.0036 -19.1 0.74 761 0.0 0.0051 173
R 275579 5 0.0227 0.0016 0.0267 0.0131 -26.9 2.33 839 3.7 0.0091 179
S 276579 4 0.0488 25.4 0.0000 0.0221 0.0000 -18.4 0.0000 1.1 0.7
S 277582 4 0.3227 18.8 0.0000 0.0000 0.0000 -16.9 0.0000 -0.3 -0.4
E 277890 4 3 util 0.4560 17.2 -16.2
R 277890 0 0.6682 0.0008 0.0044 0.0000 -14.2 0.57 270 74.4 0.0000 0
R 277890 1 0.0134 0.0000 0.0473 0.0000 -14.4 0.78 390 67.3 0.0418 72
R 277890 2 0.0190 0.0000 0.0287 0.0000 -13.8 0.75 1379 26.2 0.0010 112
R 277890 3 0.0192 0.0000 0.0347 0.0083 -14.8 0.31 962 19.2 0.0130 244
R 277890 4 0.0251 0.0012 0.0597 0.0035 -19.0 0.84 802 0.0 0.0051 173
R 277890 5 0.0227 0.0016 0.0267 0.0131 -26.9 2.33 839 6.1 0.0092 187
P 277890 5 abort 17.2 0.0000 593 -16.2
S 278583 3 0.0556 20.8 0.0000 0.1239 0.0000 -14.4 0.0000 -0.5 0.1
S 279583 3 0.0087 24.6 0.0000 0.0817 0.0000 -14.8 0.0000 0.1 0.1
S 280586 3 0.0228 24.8 0.0000 0.0260 0.0000 -14.5 0.0000 0.0 0.0
S 281586 3 0.0082 29.9 0.0000 0.0507 0.0000 -14.7 0.0000 0.0 0.0
S 282590 3 0.0081 29.5 0.0000 0.0000 0.0000 -15.0 0.0000 -0.4 -0.3
S 283600 3 0.0316 24.9 0.0000 0.0000 0.0000 -14.9 0.0000 -0.4 -0.2
S 284610 3 0.0187 24.5 0.0000 0.0000 0.0000 -14.6 0.0000 0.3 0.3
E 285319 3 4 promote 0.0073 20.6 -14.5
R 285319 0 0.6682 0.0008 0.0044 0.0000 -14.2 0.57 270 81.8 0.0000 0
R 285319 1 0.0134 0.0000 0.0473 0.0000 -14.4 0.78 390 74.7 0.0418 72
R 285319 2 0.0190 0.0000 0.0287 0.0000 -13.8 0.75 1379 33.7 0.0010 112
R 285319 3 0.0194 0.0000 0.0365 0.0074 -14.8 0.31 1097 0.0 0.0130 244
R 285319 4 0.0251 0.0012 0.0597 0.0035 -19.0 0.84 802 7.4 0.0060 210
R 285319 5 0.0227 0.0016 0.0267 0.0131 -26.9 2.33 839 13.5 0.0092 187
P 285319 4 pass 20.6 0.1012 2026 -14.5
S 285612 4 0.0286 22.8 0.0000 0.0000 0.0000 -18.0 0.0000 0.0 0.0
R 285612 0 0.6682 0.0008 0.0044 0.0000 -14.2 0.57 270 82.1 0.0000 0
R 285612 1 0.0134 0.0000 0.0473 0.0000 -14.4 0.78 390 75.0 0.0418 72
R 285612 2 0.0190 0.0000 0.0287 0.0000 -13.8 0.75 1379 34.0 0.0010 112
R 285612 3 0.0194 0.0000 0.0365 0.0074 -14.8 0.31 1097 0.3 0.0130 244
R 285612 4 0.0251 0.0012 0.0597 0.0035 -19.0 0.84 802 7.7 0.0060 210
R 285612 5 0.0227 0.0016 0.0267 0.0131 -26.9 2.33 839 13.8 0.0092 187
E 286044 4 3 s3_util 0.3024 19.0 -16.3
R 286044 0 0.6682 0.0008 0.0044 0.0000 -14.2 0.57 270 82.5 0.0000 0
R 286044 1 0.0134 0.0000 0.0473 0.0000 -14.4 0.78 390 75.4 0.0418 72
R 286044 2 0.0190 0.0000 0.0287 0.0000 -13.8 0.75 1379 34.4 0.0010 112
R 286044 3 0.0194 0.0000 0.0365 0.0074 -14.8 0.31 1097 0.7 0.0130 244
R 286044 4 0.0250 0.0012 0.0619 0.0115 -19.0 0.85 811 0.0 0.0060 210
R 286044 5 0.0227 0.0016 0.0267 0.0131 -26.9 2.33 839 14.2 0.0092 187
N 286044 4 1 296044
S 286615 3 0.0953 19.9 0.0000 0.1902 0.0000 -14.1 0.0000 0.4 -0.2
E 286755 3 2 s3_util 0.2602 19.7 -14.2
R 286755 0 0.6682 0.0008 0.0044 0.0000 -14.2 0.57 270 83.2 0.0000 0
R 286755 1 0.0134 0.0000 0.0473 0.0000 -14.4 0.78 390 76.1 0.0418 72
R 286755 2 0.0190 0.0000 0.0287 0.0000 -13.8 0.75 1379 35.1 0.0010 112
R 286755 3 0.0202 0.0000 0.0376 0.0074 -14.8 0.31 1106 0.0 0.0130 244
R 286755 4 0.0250 0.0012 0.0619 0.0115 -19.0 0.85 811 0.7 0.0060 210
R 286755 5 0.0227 0.0016 0.0267 0.0131 -26.9 2.33 839 14.9 0.0092 187
E 287164 2 1 s3_util 0.2849 15.0 -12.0
R 287164 0 0.6682 0.0008 0.0044 0.0000 -14.2 0.57 270 83.6 0.0000 0
R 287164 1 0.0134 0.0000 0.0473 0.0000 -14.4 0.78 390 76.5 0.0418 72
R 287164 2 0.0191 0.0000 0.0298 0.0000 -13.8 0.76 1382 0.0 0.0010 112
R 287164 3 0.0202 0.0000 0.0376 0.0074 -14.8 0.31 1106 0.4 0.0130 244
R 287164 4 0.0250 0.0012 0.0619 0.0115 -19.0 0.85 811 1.1 0.0060 210
R 287164 5 0.0227 0.0016 0.0267 0.0131 -26.9 2.33 839 15.3 0.0092 187
S 287620 1 0.0158 16.0 0.0000 0.0135 0.0000 -11.9 0.0000 1.1 1.0
S 288627 1 0.0000 19.1 0.0000 0.0383 0.0000 -13.1 0.0000 -2.9 -2.3
S 289634 1 0.0283 27.5 0.0000 0.0000 0.0000 -13.7 0.0000 -2.0 -1.8
S 290641 1 0.0000 19.0 0.0000 0.0000 0.0000 -12.3 0.0000 -0.5 -0.7
S 291650 1 0.0000 24.8 0.0000 0.0000 0.0000 -13.4 0.0000 -1.1 -0.9
S 292657 1 0.0670 19.3 0.0000 0.0000 0.0000 -12.6 0.0000 0.0 0.0
S 293666 1 0.0000 21.2 0.0000 0.0000 0.0000 -13.2 0.0000 -0.1 -0.1
E 294293 1 2 promote 0.0000 28.3 -13.8
R 294293 0 0.6682 0.0008 0.0044 0.0000 -14.2 0.57 270 90.8 0.0000 0
R 294293 1 0.0134 0.0000 0.0438 0.0000 -14.2 0.96 519 0.0 0.0418 72
R 294293 2 0.0191 0.0000 0.0298 0.0000 -13.8 0.76 1382 7.1 0.0012 150
R 294293 3 0.0202 0.0000 0.0376 0.0074 -14.8 0.31 1106 7.5 0.0130 244
R 294293 4 0.0250 0.0012 0.0619 0.0115 -19.0 0.85 811 8.2 0.0060 210
R 294293 5 0.0227 0.0016 0.0267 0.0131 -26.9 2.33 839 22.5 0.0092 187
P 294293 2 pass 28.3 0.0000 2052 -13.8
S 294666 2 0.0000 28.4 0.0000 0.0000 0.0000 -13.8 0.0000 1.0 0.2
S 295666 2 0.0175 30.7 0.0000 0.0361 0.0000 -14.3 0.0000 0.0 0.0
R 295666 0 0.6682 0.0008 0.0044 0.0000 -14.2 0.57 270 92.2 0.0000 0
R 295666 1 0.0134 0.0000 0.0438 0.0000 -14.2 0.96 519 1.4 0.0418 72
R 295666 2 0.0190 0.0000 0.0302 0.0000 -13.8 0.75 1403 0.0 0.0012 150
R 295666 3 0.0202 0.0000 0.0376 0.0074 -14.8 0.31 1106 8.9 0.0130 244
R 295666 4 0.0250 0.0012 0.0619 0.0115 -19.0 0.85 811 9.6 0.0060 210
R 295666 5 0.0227 0.0016 0.0267 0.0131 -26.9 2.33 839 23.8 0.0092 187
S 296666 2 0.0035 21.0 0.0000 0.0230 0.0000 -13.5 0.0000 0.4 0.4
S 297673 2 0.0398 20.6 0.0000 0.0680 0.0000 -13.3 0.0000 0.0 0.0
S 298673 2 0.0242 16.1 0.0000 0.0000 0.0000 -11.8 0.0000 0.0 0.0
S 299674 2 0.0240 14.1 0.0000 0.0000 0.0000 -11.8 0.0000 1.3 1.4
P 299812 3 fail 17.9 0.2164 404 -12.9
N 299812 3 1 309812
S 300674 2 0.0069 24.5 0.0000 0.0000 0.0000 -13.7 0.0000 -0.0 0.3
S 301677 2 0.0031 25.4 0.0000 0.0384 0.0000 -13.9 0.0000 0.0 0.0
S 302683 2 0.0101 22.7 0.0000 0.0511 0.0000 -13.4 0.0000 0.0 0.0
S 303691 2 0.0188 26.8 0.0000 0.0622 0.0000 -13.8 0.0000 -0.2 -0.1
S 304691 2 0.0145 26.8 0.0000 0.0427 0.0000 -13.7 0.0000 -0.6 -0.5
S 305691 2 0.0368 23.4 0.0000 0.0410 0.0000 -13.6 0.0000 0.3 0.5
R 305691 0 0.6682 0.0008 0.0044 0.0000 -14.2 0.57 270 102.2 0.0000 0
R 305691 1 0.0134 0.0000 0.0438 0.0000 -14.2 0.96 519 11.4 0.0418 72
R 305691 2 0.0183 0.0000 0.0324 0.0000 -13.7 0.76 1589 0.0 0.0012 150
R 305691 3 0.0202 0.0000 0.0376 0.0074 -14.8 0.31 1106 18.9 0.0135 249
R 305691 4 0.0250 0.0012 0.0619 0.0115 -19.0 0.85 811 19.6 0.0060 210
R 305691 5 0.0227 0.0016 0.0267 0.0131 -26.9 2.33 839 33.9 0.0092 187
S 306691 2 0.0068 31.0 0.0000 0.0151 0.0000 -13.8 0.0000 -0.2 -0.0
S 307693 2 0.0254 32.0 0.0000 0.1057 0.0000 -13.8 0.0000 0.0 0.0
S 308693 2 0.0073 29.9 0.0000 0.0517 0.0000 -13.6 0.0000 0.0 0.0
S 309695 2 0.0394 32.8 0.0000 0.0222 0.0000 -14.0 0.0000 0.0 0.0
S 310696 2 0.0092 33.9 0.0000 0.0000 0.0000 -14.0 0.0000 -3.4 -0.6
S 311699 2 0.0133 33.0 0.0000 0.0000 0.0000 -13.8 0.0000 0.7 0.2
E 311851 2 3 promote 0.0000 34.1 -14.1
R 311851 0 0.6682 0.0008 0.0044 0.0000 -14.2 0.57 270 108.3 0.0000 0
R 311851 1 0.0134 0.0000 0.0438 0.0000 -14.2 0.96 519 17.6 0.0418 72
R 311851 2 0.0184 0.0000 0.0325 0.0000 -13.7 0.71 1706 0.0 0.0012 150
R 311851 3 0.0202 0.0000 0.0376 0.0074 -14.8 0.31 1106 25.1 0.0140 287
R 311851 4 0.0250 0.0012 0.0619 0.0115 -19.0 0.85 811 25.8 0.0060 210
R 311851 5 0.0227 0.0016 0.0267 0.0131 -26.9 2.33 839 40.0 0.0092 187
P 311851 3 pass 34.1 0.0149 2034 -14.1
S 312701 3 0.0322 32.4 0.0000 0.0000 0.0000 -14.8 0.0000 -0.2 0.0
S 313701 3 0.0117 34.3 0.0000 0.0559 0.0000 -14.8 0.0000 -0.8 0.3
S 314701 3 0.0124 31.5 0.0000 0.0139 0.0000 -14.9 0.0000 -0.5 -0.2
S 315701 3 0.0171 31.7 0.0000 0.0393 0.0000 -14.9 0.0000 1.0 0.0
R 315701 0 0.6682 0.0008 0.0044 0.0000 -14.2 0.57 270 112.2 0.0000 0
R 315701 1 0.0134 0.0000 0.0438 0.0000 -14.2 0.96 519 21.4 0.0418 72
R 315701 2 0.0184 0.0000 0.0325 0.0000 -13.7 0.71 1706 3.9 0.0012 150
R 315701 3 0.0200 0.0000 0.0374 0.0068 -14.8 0.30 1176 0.0 0.0140 287
R 315701 4 0.0250 0.0012 0.0619 0.0115 -19.0 0.85 811 29.7 0.0060 210
R 315701 5 0.0227 0.0016 0.0267 0.0131 -26.9 2.33 839 43.9 0.0092 187
S 316707 3 0.0153 33.4 0.0000 0.0339 0.0000 -14.8 0.0000 -0.3 -0.2
S 317716 3 0.0154 29.8 0.0000 0.0000 0.0000 -14.9 0.0000 0.2 0.2
S 318724 3 0.0080 31.6 0.0000 0.0000 0.0000 -14.9 0.0000 0.0 0.0
E 318963 3 4 promote 0.0161 33.0 -14.6
R 318963 0 0.6682 0.0008 0.0044 0.0000 -14.2 0.57 270 115.4 0.0000 0
R 318963 1 0.0134 0.0000 0.0438 0.0000 -14.2 0.96 519 24.7 0.0418 72
R 318963 2 0.0184 0.0000 0.0325 0.0000 -13.7 0.71 1706 7.1 0.0012 150
R 318963 3 0.0194 0.0000 0.0373 0.0066 -14.8 0.29 1234 0.0 0.0140 287
R 318963 4 0.0250 0.0012 0.0619 0.0115 -19.0 0.85 811 32.9 0.0066 247
R 318963 5 0.0227 0.0016 0.0267 0.0131 -26.9 2.33 839 47.1 0.0092 187
P 318963 4 pass 33.0 0.0160 2035 -14.6
S 319724 4 0.0309 31.2 0.0000 0.0238 0.0000 -18.9 0.0000 -1.3 -0.6
S 320725 4 0.0128 32.5 0.0000 0.0082 0.0000 -19.4 0.0000 -0.2 0.4
S 321726 4 0.0139 32.2 0.0000 0.0360 0.0000 -19.2 0.0000 0.0 0.0
S 322727 4 0.0314 32.5 0.0000 0.0234 0.0000 -19.1 0.0000 -0.1 0.5
S 323728 4 0.0190 nan 0.0000 0.0000 0.0000 nan 0.0000 -0.1 -0.0
S 324731 4 0.0238 29.1 0.0000 0.0000 0.0000 -18.7 0.0000 0.0 0.0
S 325734 4 0.0306 25.9 0.0000 0.0000 0.0000 -18.5 0.0000 -0.1 -0.7
R 325734 0 0.6682 0.0008 0.0044 0.0000 -14.2 0.57 270 122.2 0.0000 0
R 325734 1 0.0134 0.0000 0.0438 0.0000 -14.2 0.96 519 31.4 0.0418 72
R 325734 2 0.0184 0.0000 0.0325 0.0000 -13.7 0.71 1706 13.9 0.0012 150
R 325734 3 0.0194 0.0000 0.0373 0.0066 -14.8 0.29 1234 6.8 0.0140 287
R 325734 4 0.0245 0.0010 0.0576 0.0103 -19.0 0.80 931 0.0 0.0066 247
R 325734 5 0.0227 0.0016 0.0267 0.0131 -26.9 2.33 839 53.9 0.0095 217
E 326036 4 5 promote 0.0437 25.5 -18.3
R 326036 0 0.6682 0.0008 0.0044 0.0000 -14.2 0.57 270 122.5 0.0000 0
R 326036 1 0.0134 0.0000 0.0438 0.0000 -14.2 0.96 519 31.7 0.0418 72
R 326036 2 0.0184 0.0000 0.0325 0.0000 -13.7 0.71 1706 14.2 0.0012 150
R 326036 3 0.0194 0.0000 0.0373 0.0066 -14.8 0.29 1234 7.1 0.0140 287
R 326036 4 0.0246 0.0010 0.0576 0.0103 -19.0 0.80 937 0.0 0.0066 247
R 326036 5 0.0227 0.0016 0.0267 0.0131 -26.9 2.33 839 54.2 0.0097 223
P 326036 5 pass 25.5 0.0041 2010 -18.3
E 326416 5 4 residual 0.1839 20.1 -20.5
R 326416 0 0.6682 0.0008 0.0044 0.0000 -14.2 0.57 270 122.9 0.0000 0
R 326416 1 0.0134 0.0000 0.0438 0.0000 -14.2 0.96 519 32.1 0.0418 72
R 326416 2 0.0184 0.0000 0.0325 0.0000 -13.7 0.71 1706 14.6 0.0012 150
R 326416 3 0.0194 0.0000 0.0373 0.0066 -14.8 0.29 1234 7.5 0.0140 287
R 326416 4 0.0246 0.0010 0.0576 0.0103 -19.0 0.80 937 0.4 0.0066 247
R 326416 5 0.0231 0.0028 0.0270 0.0142 -26.9 2.35 841 0.0 0.0097 223
N 326416 5 1 336416
S 326734 4 0.0767 21.2 0.0000 0.4486 0.0685 -17.3 0.0000 0.1 -1.0
E 326832 4 3 s3_residual 0.4264 20.5 -17.5
R 326832 0 0.6682 0.0008 0.0044 0.0000 -14.2 0.57 270 123.3 0.0000 0
R 326832 1 0.0134 0.0000 0.0438 0.0000 -14.2 0.96 519 32.5 0.0418 72
R 326832 2 0.0184 0.0000 0.0325 0.0000 -13.7 0.71 1706 15.0 0.0012 150
R 326832 3 0.0194 0.0000 0.0373 0.0066 -14.8 0.29 1234 7.9 0.0140 287
R 326832 4 0.0247 0.0010 0.0589 0.0138 -19.0 0.81 940 0.0 0.0066 247
R 326832 5 0.0231 0.0028 0.0270 0.0142 -26.9 2.35 841 0.4 0.0097 223
S 327734 3 0.0072 20.4 0.0000 0.0000 0.0000 -14.5 0.0000 0.0 0.0
S 328734 3 0.0077 22.3 0.0000 0.0783 0.0000 -14.3 0.0000 -0.2 -0.4
S 329735 3 0.0271 17.9 0.0000 0.1482 0.0000 -14.0 0.0000 0.3 0.5
S 330738 3 0.0151 19.6 0.0000 0.0906 0.0000 -14.2 0.0000 -0.3 -0.2
S 331738 3 0.0251 21.2 0.0000 0.0187 0.0000 -14.5 0.0000 0.4 0.0
P 332669 4 fail 22.0 0.2791 775 -14.4
N 332669 4 1 342669
S 332738 3 0.1400 21.0 0.0000 0.0000 0.0319 -14.0 0.0000 -0.5 -0.4
E 333566 3 2 s3_util 0.2441 18.8 -14.2
R 333566 0 0.6682 0.0008 0.0044 0.0000 -14.2 0.57 270 130.1 0.0000 0
R 333566 1 0.0134 0.0000 0.0438 0.0000 -14.2 0.96 519 39.3 0.0418 72
R 333566 2 0.0184 0.0000 0.0325 0.0000 -13.7 0.71 1706 21.7 0.0012 150
R 333566 3 0.0220 0.0000 0.0413 0.0104 -14.7 0.33 1349 0.0 0.0140 287
R 333566 4 0.0247 0.0010 0.0589 0.0138 -19.0 0.81 940 6.7 0.0069 260
R 333566 5 0.0231 0.0028 0.0270 0.0142 -26.9 2.35 841 7.2 0.0097 223
S 333741 2 0.2848 13.0 0.0000 0.0000 0.0000 -10.3 0.0000 2.1 2.4
S 334742 2 0.0139 nan 0.0000 0.0140 0.0000 nan 0.0000 -1.0 -0.2
S 335743 2 0.0066 16.3 0.0000 0.0245 0.0000 -12.1 0.0000 1.3 1.5
R 335743 0 0.6682 0.0008 0.0044 0.0000 -14.2 0.57 270 132.2 0.0000 0
R 335743 1 0.0134 0.0000 0.0438 0.0000 -14.2 0.96 519 41.5 0.0418 72
R 335743 2 0.0190 0.0000 0.0336 0.0000 -13.6 0.76 1743 0.0 0.0012 150
R 335743 3 0.0220 0.0000 0.0413 0.0104 -14.7 0.33 1349 2.2 0.0140 287
R 335743 4 0.0247 0.0010 0.0589 0.0138 -19.0 0.81 940 8.9 0.0069 260
R 335743 5 0.0231 0.0028 0.0270 0.0142 -26.9 2.35 841 9.3 0.0097 223
S 336743 2 0.0256 21.2 0.0000 0.0237 0.0000 -13.4 0.0000 -1.2 -0.9
S 337745 2 0.0067 19.5 0.0000 0.0754 0.0000 -13.2 0.0000 0.4 0.0
S 338750 2 0.0329 26.6 0.0000 0.0167 0.0000 -13.7 0.0000 0.0 0.0
S 339750 2 0.0171 32.3 0.0000 0.0000 0.0000 -13.9 0.0000 -4.3 -2.6
S 340750 2 0.0315 33.2 0.0000 0.0000 0.0000 -14.1 0.0000 0.0 0.0
E 340991 2 3 promote 0.0143 30.4 -14.2
R 340991 0 0.6682 0.0008 0.0044 0.0000 -14.2 0.57 270 137.5 0.0000 0
R 340991 1 0.0134 0.0000 0.0438 0.0000 -14.2 0.96 519 46.7 0.0418 72
R 340991 2 0.0191 0.0000 0.0339 0.0000 -13.6 0.75 1841 0.0 0.0012 150
R 340991 3 0.0220 0.0000 0.0413 0.0104 -14.7 0.33 1349 7.4 0.0139 324
R 340991 4 0.0247 0.0010 0.0589 0.0138 -19.0 0.81 940 14.2 0.0069 260
R 340991 5 0.0231 0.0028 0.0270 0.0142 -26.9 2.35 841 14.6 0.0097 223
P 340991 3 pass 30.4 0.0000 2016 -14.2
S 341750 3 0.0088 33.7 0.0000 0.0455 0.0000 -14.8 0.0000 1.3 -0.1
S 342750 3 0.0369 32.1 0.0000 0.0290 0.0000 -14.9 0.0000 0.0 0.0
S 343750 3 0.0147 34.0 0.0000 0.0462 0.0000 -14.8 0.0000 1.0 -0.0
S 344757 3 0.0228 33.4 0.0000 0.0331 0.0000 -14.9 0.0000 -2.8 -0.4
S 345758 3 0.0129 33.6 0.0000 0.0505 0.0000 -14.8 0.0000 -4.7 -0.4
R 345758 0 0.6682 0.0008 0.0044 0.0000 -14.2 0.57 270 142.2 0.0000 0
R 345758 1 0.0134 0.0000 0.0438 0.0000 -14.2 0.96 519 51.5 0.0418 72
R 345758 2 0.0191 0.0000 0.0339 0.0000 -13.6 0.75 1841 4.8 0.0012 150
R 345758 3 0.0214 0.0000 0.0397 0.0094 -14.7 0.32 1436 0.0 0.0139 324
R 345758 4 0.0247 0.0010 0.0589 0.0138 -19.0 0.81 940 18.9 0.0069 260
R 345758 5 0.0231 0.0028 0.0270 0.0142 -26.9 2.35 841 19.3 0.0097 223
S 346758 3 0.0335 33.7 0.0000 0.0000 0.0000 -14.8 0.0000 -4.7 -0.5
S 347758 3 0.0203 35.8 0.0000 0.0000 0.0000 -14.8 0.0000 0.0 0.0
E 348136 3 4 promote 0.0166 34.9 -14.9
R 348136 0 0.6682 0.0008 0.0044 0.0000 -14.2 0.57 270 144.6 0.0000 0
R 348136 1 0.0134 0.0000 0.0438 0.0000 -14.2 0.96 519 53.8 0.0418 72
R 348136 2 0.0191 0.0000 0.0339 0.0000 -13.6 0.75 1841 7.1 0.0012 150
R 348136 3 0.0213 0.0000 0.0396 0.0093 -14.7 0.31 1477 0.0 0.0139 324
R 348136 4 0.0247 0.0010 0.0589 0.0138 -19.0 0.81 940 21.3 0.0070 297
R 348136 5 0.0231 0.0028 0.0270 0.0142 -26.9 2.35 841 21.7 0.0097 223
P 348136 4 pass 34.9 0.0000 2044 -14.9
S 348758 4 0.0208 34.2 0.0000 0.0391 0.0000 -18.8 0.0000 0.0 0.0
S 349765 4 0.0251 33.8 0.0000 0.0196 0.0000 -19.2 0.0000 0.0 0.0
S 350765 4 0.0140 nan 0.0000 0.0000 0.0000 nan 0.0000 0.0 0.0
S 351769 4 0.0169 34.7 0.0000 0.0157 0.0000 -18.5 0.0000 0.0 0.0
S 352772 4 0.0303 35.0 0.0000 0.0300 0.0000 -19.2 0.0000 -0.4 0.2
S 353774 4 0.0080 34.7 0.0000 0.0000 0.0000 -19.7 0.0000 0.0 0.0
S 354775 4 0.0270 33.8 0.0000 0.0000 0.0000 -19.6 0.0000 -0.1 0.1
E 355269 4 5 promote 0.0115 34.3 -19.6
R 355269 0 0.6682 0.0008 0.0044 0.0000 -14.2 0.57 270 151.8 0.0000 0
R 355269 1 0.0134 0.0000 0.0438 0.0000 -14.2 0.96 519 61.0 0.0418 72
R 355269 2 0.0191 0.0000 0.0339 0.0000 -13.6 0.75 1841 14.3 0.0012 150
R 355269 3 0.0213 0.0000 0.0396 0.0093 -14.7 0.31 1477 7.1 0.0139 324
R 355269 4 0.0238 0.0009 0.0553 0.0123 -19.1 0.77 1068 0.0 0.0070 297
R 355269 5 0.0231 0.0028 0.0270 0.0142 -26.9 2.35 841 28.9 0.0095 260
P 355269 5 pass 34.3 0.0000 2043 -19.6
S 355779 5 0.0060 34.2 0.0000 0.0070 0.0000 -28.3 0.0000 0.0 0.0
R 355779 0 0.6682 0.0008 0.0044 0.0000 -14.2 0.57 270 152.3 0.0000 0
R 355779 1 0.0134 0.0000 0.0438 0.0000 -14.2 0.96 519 61.5 0.0418 72
R 355779 2 0.0191 0.0000 0.0339 0.0000 -13.6 0.75 1841 14.8 0.0012 150
R 355779 3 0.0213 0.0000 0.0396 0.0093 -14.7 0.31 1477 7.6 0.0139 324
R 355779 4 0.0238 0.0009 0.0553 0.0123 -19.1 0.77 1068 0.5 0.0070 297
R 355779 5 0.0230 0.0028 0.0270 0.0141 -26.9 2.34 845 0.0 0.0095 260
S 356782 5 0.0093 33.3 0.0000 0.0208 0.0000 -29.4 0.0000 -0.1 0.1
S 357784 5 0.0147 33.0 0.0000 0.0202 0.0000 -28.3 0.0000 0.0 -0.1
S 358785 5 0.0093 32.8 0.0000 0.0450 0.0000 -28.3 0.0000 0.0 0.0
S 359793 5 0.0165 34.3 0.0000 0.0000 0.0000 -28.3 0.0000 1.3 0.0
S 360797 5 0.0000 34.0 0.0000 0.0296 0.0000 -28.1 0.0000 -4.0 0.7
E 361678 5 0 starved 0.0000 nan nan
R 361678 0 0.6682 0.0008 0.0044 0.0000 -14.2 0.57 270 158.2 0.0000 0
R 361678 1 0.0134 0.0000 0.0438 0.0000 -14.2 0.96 519 67.4 0.0418 72
R 361678 2 0.0191 0.0000 0.0339 0.0000 -13.6 0.75 1841 20.7 0.0012 150
R 361678 3 0.0213 0.0000 0.0396 0.0093 -14.7 0.31 1477 13.5 0.0139 324
R 361678 4 0.0238 0.0009 0.0553 0.0123 -19.1 0.77 1068 6.4 0.0070 297
R 361678 5 0.0218 0.0025 0.0267 0.0125 -27.1 2.28 952 0.4 0.0095 260
S 361805 0 0.0182 nan 0.0000 0.0000 0.0000 nan 0.0000 -0.5 0.3
S 362818 0 0.0182 nan 0.0000 0.0000 0.0000 nan 0.0000 -0.5 0.3
S 363829 0 0.0182 nan 0.0000 0.0000 0.0000 nan 0.0000 -0.5 0.3
S 364843 0 0.0182 nan 0.0000 0.0000 0.0000 nan 0.0000 -0.5 0.3
S 365847 0 0.0182 nan 0.0000 0.0000 0.0000 nan 0.0000 -0.5 0.3
R 365847 0 0.6682 0.0008 0.0044 0.0000 -14.2 0.57 270 162.3 0.0000 0
R 365847 1 0.0134 0.0000 0.0438 0.0000 -14.2 0.96 519 71.6 0.0418 72
R 365847 2 0.0191 0.0000 0.0339 0.0000 -13.6 0.75 1841 24.9 0.0012 150
R 365847 3 0.0213 0.0000 0.0396 0.0093 -14.7 0.31 1477 17.7 0.0139 324
R 365847 4 0.0238 0.0009 0.0553 0.0123 -19.1 0.77 1068 10.6 0.0070 297
R 365847 5 0.0218 0.0025 0.0267 0.0125 -27.1 2.28 952 4.6 0.0095 260
S 366858 0 0.0182 nan 0.0000 0.0000 0.0000 nan 0.0000 -0.5 0.3
S 367863 0 0.0182 nan 0.0000 0.0000 0.0000 nan 0.0000 -0.5 0.3
S 368867 0 0.0182 nan 0.0000 0.0000 0.0000 nan 0.0000 -0.5 0.3
S 369867 0 0.0182 nan 0.0000 0.0000 0.0000 nan 0.0000 -0.5 0.3
S 370867 0 0.0182 nan 0.0000 0.0000 0.0000 nan 0.0000 -0.5 0.3
S 371867 0 0.0182 nan 0.0000 0.0000 0.0000 nan 0.0000 -0.5 0.3
S 372867 0 0.0182 nan 0.0000 0.0000 0.0000 nan 0.0000 -0.5 0.3
S 373872 0 0.0182 nan 0.0000 0.0000 0.0000 nan 0.0000 -0.5 0.3
S 374873 0 0.0182 nan 0.0000 0.0000 0.0000 nan 0.0000 -0.5 0.3
S 375873 0 0.0182 nan 0.0000 0.0000 0.0000 nan 0.0000 -0.5 0.3
R 375873 0 0.6682 0.0008 0.0044 0.0000 -14.2 0.57 270 172.4 0.0000 0
R 375873 1 0.0134 0.0000 0.0438 0.0000 -14.2 0.96 519 81.6 0.0418 72
R 375873 2 0.0191 0.0000 0.0339 0.0000 -13.6 0.75 1841 34.9 0.0012 150
R 375873 3 0.0213 0.0000 0.0396 0.0093 -14.7 0.31 1477 27.7 0.0139 324
R 375873 4 0.0238 0.0009 0.0553 0.0123 -19.1 0.77 1068 20.6 0.0070 297
R 375873 5 0.0218 0.0025 0.0267 0.0125 -27.1 2.28 952 14.6 0.0095 260
S 376877 0 0.0182 nan 0.0000 0.0000 0.0000 nan 0.0000 -0.5 0.3
S 377879 0 0.0182 nan 0.0000 0.0000 0.0000 nan 0.0000 -0.5 0.3
S 378883 0 0.0182 nan 0.0000 0.0000 0.0000 nan 0.0000 -0.5 0.3
S 379891 0 0.0182 nan 0.0000 0.0000 0.0000 nan 0.0000 -0.5 0.3
S 380891 0 0.0182 nan 0.0000 0.0000 0.0000 nan 0.0000 -0.5 0.3
S 381898 0 0.0182 nan 0.0000 0.0000 0.0000 nan 0.0000 -0.5 0.3
