ctllog 1 ladder=0/100,1/100,2/50,3/50,4/25,5/25 down_util=0.35 up_util=0.15
S 8897 0 0.0000 nan 0.0000 0.0000 0.0000 nan
S 15080 0 0.0000 nan 0.0000 0.0000 0.0000 nan
S 16092 0 0.0000 nan 0.0000 0.0000 0.0000 nan
S 17095 0 0.0000 nan 0.0000 0.0000 0.0000 nan
S 18100 0 0.0000 nan 0.0000 0.0000 0.0000 nan
S 19108 0 0.0170 34.7 0.0000 0.0000 0.0000 -14.2
S 20109 0 0.0000 34.8 0.0000 0.0000 0.0000 -14.1
S 21114 0 0.0426 35.5 0.0000 0.0000 0.0000 -14.0
S 22115 0 0.0000 34.7 0.0000 0.0000 0.0000 -14.5
S 23115 0 0.0265 35.5 0.0000 0.0000 0.0000 -14.4
S 24119 0 0.0000 35.1 0.0000 0.0000 0.0000 -14.8
S 25120 0 0.0000 34.9 0.0000 0.0000 0.0000 -14.4
R 25120 0 0.8226 0.8736 0.0013 0.0000 -13.9 0.23 119 0.0 0.0000 0
R 25120 1 0.0000 0.0000 0.0000 0.0000 nan nan 0 -1.0 0.0001 19
E 25959 0 1 promote 0.0667 34.6 -14.2
R 25959 0 0.8080 0.8576 0.0013 0.0000 -13.9 0.23 135 0.0 0.0000 0
R 25959 1 0.0000 0.0000 0.0000 0.0000 nan nan 0 -1.0 0.0009 35
P 25959 1 pass 34.6 0.0268 2052 -14.2
S 26129 1 0.0833 33.4 0.0000 0.0000 0.0000 -14.1
S 27129 1 0.0383 34.6 0.0000 0.0714 0.0000 -14.9
S 28133 1 0.0160 36.0 0.0000 0.0585 0.0000 -15.0
S 29134 1 0.0119 35.4 0.0000 0.0270 0.0000 -15.5
S 30134 1 0.0201 35.9 0.0000 0.0201 0.0000 -15.3
S 31135 1 0.0000 35.1 0.0000 0.0000 0.0000 -15.1
S 32138 1 0.0265 35.6 0.0000 0.0000 0.0000 -14.9
E 33077 1 2 promote 0.0117 33.8 -15.0
R 33077 0 0.8080 0.8576 0.0013 0.0000 -13.9 0.23 135 7.1 0.0000 0
R 33077 1 0.0709 0.0000 0.0033 0.0000 -14.6 0.22 125 0.0 0.0009 35
R 33077 2 0.0000 0.0000 0.0000 0.0000 nan nan 0 -1.0 0.0003 38
P 33077 2 pass 33.8 0.0000 2050 -15.0
S 33145 2 0.0118 35.5 0.0000 0.0000 0.0000 -15.1
S 34152 2 0.0124 35.5 0.0000 0.0249 0.0000 -15.9
S 35153 2 0.0169 34.8 0.0000 0.0288 0.0000 -15.7
R 35153 0 0.8080 0.8576 0.0013 0.0000 -13.9 0.23 135 9.2 0.0000 0
R 35153 1 0.0709 0.0000 0.0033 0.0000 -14.6 0.22 125 2.1 0.0009 35
R 35153 2 0.0197 0.0000 0.0005 0.0000 -15.1 0.15 33 0.0 0.0003 38
S 36162 2 0.0124 35.3 0.0000 0.0504 0.0000 -15.7
S 37166 2 0.0250 35.9 0.0000 0.0480 0.0000 -16.1
S 38167 2 0.0295 35.5 0.0000 0.0000 0.0000 -15.2
S 39167 2 0.0307 35.1 0.0000 0.0000 0.0000 -15.9
S 40167 2 0.0064 34.3 0.0000 0.0000 0.0000 -14.8
E 40176 2 3 promote 0.0067 34.3 -14.8
R 40176 0 0.8080 0.8576 0.0013 0.0000 -13.9 0.23 135 14.2 0.0000 0
R 40176 1 0.0709 0.0000 0.0033 0.0000 -14.6 0.22 125 7.1 0.0009 35
R 40176 2 0.0197 0.0000 0.0020 0.0000 -15.2 0.25 124 0.0 0.0003 38
R 40176 3 0.0000 0.0000 0.0000 0.0000 nan nan 0 -1.0 0.0005 37
P 40176 3 pass 34.3 0.0222 2007 -14.8
S 41172 3 0.0126 34.2 0.0000 0.0429 0.0000 -15.7
S 42174 3 0.0029 34.3 0.0000 0.0294 0.0000 -15.0
S 43174 3 0.0086 34.5 0.0000 0.0000 0.0000 -15.0
S 44174 3 0.0153 34.5 0.0000 0.0000 0.0000 -15.1
S 45174 3 0.0029 34.8 0.0000 0.0319 0.0000 -15.0
R 45174 0 0.8080 0.8576 0.0013 0.0000 -13.9 0.23 135 19.2 0.0000 0
R 45174 1 0.0709 0.0000 0.0033 0.0000 -14.6 0.22 125 12.1 0.0009 35
R 45174 2 0.0197 0.0000 0.0020 0.0000 -15.2 0.25 124 5.0 0.0003 38
R 45174 3 0.0300 0.0000 0.0246 0.0000 -15.0 0.12 91 0.0 0.0005 37
S 46184 3 0.0117 34.5 0.0000 0.0000 0.0000 -15.3
S 47184 3 0.0121 34.7 0.0000 0.0000 0.0000 -14.9
E 47281 3 4 promote 0.0206 34.7 -14.9
R 47281 0 0.8080 0.8576 0.0013 0.0000 -13.9 0.23 135 21.3 0.0000 0
R 47281 1 0.0709 0.0000 0.0033 0.0000 -14.6 0.22 125 14.2 0.0009 35
R 47281 2 0.0197 0.0000 0.0020 0.0000 -15.2 0.25 124 7.1 0.0003 38
R 47281 3 0.0290 0.0000 0.0246 0.0000 -15.0 0.15 128 0.0 0.0005 37
R 47281 4 0.0000 0.0000 0.0000 0.0000 nan nan 0 -1.0 0.0372 37
P 47281 4 pass 34.7 0.0201 2041 -14.9
S 48184 4 0.0519 35.6 0.0000 0.0394 0.0000 -20.6
S 49193 4 0.0162 34.9 0.0000 0.0000 0.0000 -20.0
S 50194 4 0.0122 35.3 0.0000 0.0000 0.0000 -20.1
S 51196 4 0.0102 36.2 0.0000 0.0000 0.0000 -21.5
S 52199 4 0.0313 35.1 0.0000 0.0356 0.0000 -20.6
S 53199 4 0.0068 33.9 0.0000 0.0000 0.0000 -19.8
S 54206 4 0.0000 35.6 0.0000 0.0000 0.0000 -20.4
E 54361 4 5 promote 0.0000 35.3 -20.7
R 54361 0 0.8080 0.8576 0.0013 0.0000 -13.9 0.23 135 28.4 0.0000 0
R 54361 1 0.0709 0.0000 0.0033 0.0000 -14.6 0.22 125 21.3 0.0009 35
R 54361 2 0.0197 0.0000 0.0020 0.0000 -15.2 0.25 124 14.2 0.0003 38
R 54361 3 0.0290 0.0000 0.0246 0.0000 -15.0 0.15 128 7.1 0.0005 37
R 54361 4 0.0362 0.0000 0.0445 0.0000 -15.7 1.95 126 0.0 0.0372 37
R 54361 5 0.0000 0.0000 0.0000 0.0000 nan nan 0 -1.0 0.0278 37
P 54361 5 pass 35.3 0.0067 2023 -20.7
S 55216 5 0.0098 35.8 0.0000 0.0298 0.0000 -29.9
R 55216 0 0.8080 0.8576 0.0013 0.0000 -13.9 0.23 135 29.3 0.0000 0
R 55216 1 0.0709 0.0000 0.0033 0.0000 -14.6 0.22 125 22.1 0.0009 35
R 55216 2 0.0197 0.0000 0.0020 0.0000 -15.2 0.25 124 15.0 0.0003 38
R 55216 3 0.0290 0.0000 0.0246 0.0000 -15.0 0.15 128 7.9 0.0005 37
R 55216 4 0.0362 0.0000 0.0445 0.0000 -15.7 1.95 126 0.9 0.0372 37
R 55216 5 0.0001 0.0000 0.0284 0.0000 -29.9 0.02 11 0.0 0.0278 37
S 56220 5 0.0291 35.8 0.0000 0.0488 0.0000 -29.9
S 57226 5 0.0000 35.2 0.0000 0.0293 0.0000 -31.9
S 58226 5 0.0372 34.0 0.0000 0.0000 0.0000 -30.1
S 59228 5 0.0000 34.9 0.0000 0.0460 0.0000 -29.6
S 60232 5 0.0091 35.3 0.0000 0.0454 0.0000 -29.7
S 61239 5 0.0031 34.0 0.0000 0.0181 0.0000 -29.9
S 62244 5 0.0151 33.3 0.0000 0.0210 0.0000 -27.9
S 63249 5 0.0229 34.2 0.0000 0.0000 0.0000 -28.2
S 64249 5 0.0053 33.7 0.0000 0.0359 0.0000 -28.0
S 65249 5 0.0127 33.2 0.0000 0.0000 0.0000 -27.9
R 65249 0 0.8080 0.8576 0.0013 0.0000 -13.9 0.23 135 39.3 0.0000 0
R 65249 1 0.0709 0.0000 0.0033 0.0000 -14.6 0.22 125 32.2 0.0009 35
R 65249 2 0.0197 0.0000 0.0020 0.0000 -15.2 0.25 124 25.1 0.0003 38
R 65249 3 0.0290 0.0000 0.0246 0.0000 -15.0 0.15 128 18.0 0.0005 37
R 65249 4 0.0362 0.0000 0.0445 0.0000 -15.7 1.95 126 10.9 0.0372 37
R 65249 5 0.0029 0.0000 0.0279 0.0000 -29.8 0.59 202 0.0 0.0278 37
S 66250 5 0.0296 34.1 0.0000 0.0000 0.0000 -27.6
S 67250 5 0.0102 32.8 0.0000 0.0000 0.0000 -28.0
S 68251 5 0.0107 33.1 0.0000 0.0249 0.0000 -27.7
S 69252 5 0.0244 33.1 0.0000 0.0000 0.0000 -27.9
S 70252 5 0.0236 32.5 0.0000 0.0000 0.0000 -27.3
S 71252 5 0.0094 33.2 0.0000 0.0000 0.0000 -27.7
S 72257 5 0.0513 32.5 0.0000 0.0000 0.0000 -27.2
S 73257 5 0.0000 31.1 0.0000 0.0000 0.0000 -27.3
S 74257 5 0.0163 29.2 0.0000 0.0000 0.0000 -26.2
S 75265 5 0.0136 29.5 0.0000 0.0000 0.0000 -26.3
R 75265 0 0.8080 0.8576 0.0013 0.0000 -13.9 0.23 135 49.3 0.0000 0
R 75265 1 0.0709 0.0000 0.0033 0.0000 -14.6 0.22 125 42.2 0.0009 35
R 75265 2 0.0197 0.0000 0.0020 0.0000 -15.2 0.25 124 35.1 0.0003 38
R 75265 3 0.0290 0.0000 0.0246 0.0000 -15.0 0.15 128 28.0 0.0005 37
R 75265 4 0.0362 0.0000 0.0445 0.0000 -15.7 1.95 126 20.9 0.0372 37
R 75265 5 0.0058 0.0000 0.0242 0.0000 -29.3 1.07 393 0.0 0.0278 37
S 76265 5 0.0000 32.5 0.0000 0.0333 0.0000 -27.4
S 77267 5 0.0205 32.2 0.0000 0.0000 0.0000 -27.3
S 78267 5 0.0384 32.5 0.0000 0.0725 0.0000 -27.3
S 79267 5 0.0220 30.9 0.0000 0.0000 0.0000 -26.9
S 80268 5 0.0311 23.9 0.0000 0.0000 0.0000 -22.7
S 81268 5 0.0207 21.8 0.0000 0.0000 0.0000 -21.3
S 82269 5 0.0590 21.9 0.0000 0.1450 0.0000 -21.3
E 82885 5 4 util 0.4656 20.8 -21.1
R 82885 0 0.8080 0.8576 0.0013 0.0000 -13.9 0.23 135 56.9 0.0000 0
R 82885 1 0.0709 0.0000 0.0033 0.0000 -14.6 0.22 125 49.8 0.0009 35
R 82885 2 0.0197 0.0000 0.0020 0.0000 -15.2 0.25 124 42.7 0.0003 38
R 82885 3 0.0290 0.0000 0.0246 0.0000 -15.0 0.15 128 35.6 0.0005 37
R 82885 4 0.0362 0.0000 0.0445 0.0000 -15.7 1.95 126 28.5 0.0372 37
R 82885 5 0.0122 0.0000 0.0255 0.0023 -28.7 2.06 537 0.0 0.0278 37
S 83271 4 0.1227 25.7 0.0000 0.7517 0.0993 -18.0
S 84271 4 0.0055 23.9 0.0000 0.0734 0.0000 -18.1
S 85273 4 0.0258 22.9 0.0000 0.0173 0.0000 -17.6
R 85273 0 0.8080 0.8576 0.0013 0.0000 -13.9 0.23 135 59.3 0.0000 0
R 85273 1 0.0709 0.0000 0.0033 0.0000 -14.6 0.22 125 52.2 0.0009 35
R 85273 2 0.0197 0.0000 0.0020 0.0000 -15.2 0.25 124 45.1 0.0003 38
R 85273 3 0.0290 0.0000 0.0246 0.0000 -15.0 0.15 128 38.0 0.0005 37
R 85273 4 0.0357 0.0000 0.0475 0.0066 -15.8 1.95 166 0.0 0.0372 37
R 85273 5 0.0122 0.0000 0.0255 0.0023 -28.7 2.06 537 2.4 0.0278 37
S 86274 4 0.0126 19.0 0.0000 0.0252 0.0000 -16.9
S 87275 4 0.1136 24.0 0.0000 0.1152 0.0000 -18.1
S 88277 4 0.0901 19.6 0.0000 0.0000 0.0281 -16.2
P 88868 5 fail 21.0 2.0472 591 -17.3
N 88868 5 1 98868
S 89278 4 0.3192 16.7 0.0000 3.3277 0.6587 -15.7
E 89333 4 3 residual 0.3880 17.4 -16.2
R 89333 0 0.8080 0.8576 0.0013 0.0000 -13.9 0.23 135 63.4 0.0000 0
R 89333 1 0.0709 0.0000 0.0033 0.0000 -14.6 0.22 125 56.3 0.0009 35
R 89333 2 0.0197 0.0000 0.0020 0.0000 -15.2 0.25 124 49.2 0.0003 38
R 89333 3 0.0290 0.0000 0.0246 0.0000 -15.0 0.15 128 42.1 0.0005 37
R 89333 4 0.0381 0.0012 0.0603 0.0154 -15.9 1.91 234 0.0 0.0372 37
R 89333 5 0.0122 0.0000 0.0255 0.0023 -28.7 2.06 537 6.4 0.0302 46
E 89386 3 2 residual 0.2874 21.0 -17.1
R 89386 0 0.8080 0.8576 0.0013 0.0000 -13.9 0.23 135 63.4 0.0000 0
R 89386 1 0.0709 0.0000 0.0033 0.0000 -14.6 0.22 125 56.3 0.0009 35
R 89386 2 0.0197 0.0000 0.0020 0.0000 -15.2 0.25 124 49.2 0.0003 38
R 89386 3 0.0290 0.0000 0.0246 0.0000 -15.0 0.15 128 42.1 0.0005 37
R 89386 4 0.0381 0.0012 0.0603 0.0154 -15.9 1.91 234 0.1 0.0372 37
R 89386 5 0.0122 0.0000 0.0255 0.0023 -28.7 2.06 537 6.5 0.0302 46
E 89961 2 1 s3_util 0.5595 19.1 -12.8
R 89961 0 0.8080 0.8576 0.0013 0.0000 -13.9 0.23 135 64.0 0.0000 0
R 89961 1 0.0709 0.0000 0.0033 0.0000 -14.6 0.22 125 56.9 0.0009 35
R 89961 2 0.0206 0.0000 0.0079 0.0069 -15.2 0.31 130 0.0 0.0003 38
R 89961 3 0.0290 0.0000 0.0246 0.0000 -15.0 0.15 128 42.7 0.0005 37
R 89961 4 0.0381 0.0012 0.0603 0.0154 -15.9 1.91 234 0.6 0.0372 37
R 89961 5 0.0122 0.0000 0.0255 0.0023 -28.7 2.06 537 7.1 0.0302 46
S 90278 1 0.0038 22.9 0.0000 0.4588 0.2294 -13.5
S 91279 1 0.0433 21.2 0.0000 0.0417 0.0000 -13.5
S 92287 1 0.0268 20.4 0.0000 0.0197 0.0000 -13.2
S 93294 1 0.0000 20.0 0.0000 0.0699 0.0000 -12.6
S 94297 1 0.0580 17.1 0.0000 0.0352 0.0000 -12.2
S 95306 1 0.0000 16.0 0.0000 0.0000 0.0000 -12.0
R 95306 0 0.8080 0.8576 0.0013 0.0000 -13.9 0.23 135 69.3 0.0000 0
R 95306 1 0.0659 0.0000 0.0095 0.0062 -14.4 0.55 218 0.3 0.0009 35
R 95306 2 0.0206 0.0000 0.0079 0.0069 -15.2 0.31 130 5.3 0.0003 41
R 95306 3 0.0290 0.0000 0.0246 0.0000 -15.0 0.15 128 48.0 0.0005 37
R 95306 4 0.0381 0.0012 0.0603 0.0154 -15.9 1.91 234 6.0 0.0372 37
R 95306 5 0.0122 0.0000 0.0255 0.0023 -28.7 2.06 537 12.4 0.0302 46
S 96308 1 0.0000 15.1 0.0000 0.0000 0.0000 -11.8
E 97028 1 2 promote 0.0000 15.6 -11.7
R 97028 0 0.8080 0.8576 0.0013 0.0000 -13.9 0.23 135 71.1 0.0000 0
R 97028 1 0.0635 0.0000 0.0095 0.0062 -14.3 0.76 251 0.0 0.0009 35
R 97028 2 0.0206 0.0000 0.0079 0.0069 -15.2 0.31 130 7.1 0.0013 74
R 97028 3 0.0290 0.0000 0.0246 0.0000 -15.0 0.15 128 49.7 0.0005 37
R 97028 4 0.0381 0.0012 0.0603 0.0154 -15.9 1.91 234 7.7 0.0372 37
R 97028 5 0.0122 0.0000 0.0255 0.0023 -28.7 2.06 537 14.1 0.0302 46
P 97028 2 pass 15.6 0.0000 2000 -11.7
S 97313 2 0.0000 14.1 0.0000 0.0000 0.0000 -12.1
S 98318 2 0.0094 19.3 0.0000 0.0246 0.0000 -12.5
S 99318 2 0.0249 14.8 0.0000 0.0000 0.0000 -12.2
S 100318 2 0.0238 19.4 0.0000 0.0256 0.0000 -13.3
S 101318 2 0.0000 21.8 0.0000 0.0851 0.0000 -13.2
S 102318 2 0.0242 19.8 0.0000 0.0000 0.0000 -13.3
S 103318 2 0.0071 20.7 0.0000 0.0000 0.0000 -13.2
E 104123 2 3 promote 0.0267 23.2 -13.5
R 104123 0 0.8080 0.8576 0.0013 0.0000 -13.9 0.23 135 78.2 0.0000 0
R 104123 1 0.0635 0.0000 0.0095 0.0062 -14.3 0.76 251 7.1 0.0009 35
R 104123 2 0.0204 0.0000 0.0105 0.0062 -14.8 0.89 259 0.0 0.0013 74
R 104123 3 0.0290 0.0000 0.0246 0.0000 -15.0 0.15 128 56.8 0.0011 73
R 104123 4 0.0381 0.0012 0.0603 0.0154 -15.9 1.91 234 14.8 0.0372 37
R 104123 5 0.0122 0.0000 0.0255 0.0023 -28.7 2.06 537 21.2 0.0302 46
P 104123 3 pass 23.2 0.0000 2004 -13.5
S 104318 3 0.0192 25.7 0.0000 0.0000 0.0000 -13.6
S 105318 3 0.0065 24.1 0.0000 0.0126 0.0000 -14.8
R 105318 0 0.8080 0.8576 0.0013 0.0000 -13.9 0.23 135 79.4 0.0000 0
R 105318 1 0.0635 0.0000 0.0095 0.0062 -14.3 0.76 251 8.3 0.0009 35
R 105318 2 0.0204 0.0000 0.0105 0.0062 -14.8 0.89 259 1.2 0.0013 74
R 105318 3 0.0288 0.0000 0.0242 0.0000 -15.0 0.15 146 0.0 0.0011 73
R 105318 4 0.0381 0.0012 0.0603 0.0154 -15.9 1.91 234 16.0 0.0372 37
R 105318 5 0.0122 0.0000 0.0255 0.0023 -28.7 2.06 537 22.4 0.0302 46
S 106319 3 0.0000 28.6 0.0000 0.0748 0.0000 -15.0
S 107322 3 0.0220 32.3 0.0000 0.0204 0.0000 -14.9
S 108322 3 0.0066 31.9 0.0000 0.0171 0.0000 -14.9
S 109322 3 0.0150 25.4 0.0000 0.0000 0.0000 -14.7
S 110327 3 0.0165 28.2 0.0000 0.0000 0.0000 -14.8
E 111211 3 4 promote 0.0133 26.4 -14.7
R 111211 0 0.8080 0.8576 0.0013 0.0000 -13.9 0.23 135 85.3 0.0000 0
R 111211 1 0.0635 0.0000 0.0095 0.0062 -14.3 0.76 251 14.2 0.0009 35
R 111211 2 0.0204 0.0000 0.0105 0.0062 -14.8 0.89 259 7.1 0.0013 74
R 111211 3 0.0269 0.0000 0.0246 0.0000 -15.0 0.16 254 0.0 0.0011 73
R 111211 4 0.0381 0.0012 0.0603 0.0154 -15.9 1.91 234 21.9 0.0365 73
R 111211 5 0.0122 0.0000 0.0255 0.0023 -28.7 2.06 537 28.3 0.0302 46
P 111211 4 pass 26.4 0.0152 2025 -14.7
S 111334 4 0.0196 23.7 0.0000 0.0000 0.0000 -17.3
S 112334 4 0.0099 21.9 0.0000 0.0000 0.0000 -17.3
S 113340 4 0.0203 21.6 0.0000 0.0224 0.0000 -17.2
S 114341 4 0.1469 18.5 0.0000 0.2636 0.0000 -16.0
E 115119 4 3 s3_util 0.6985 17.5 -15.7
R 115119 0 0.8080 0.8576 0.0013 0.0000 -13.9 0.23 135 89.2 0.0000 0
R 115119 1 0.0635 0.0000 0.0095 0.0062 -14.3 0.76 251 18.1 0.0009 35
R 115119 2 0.0204 0.0000 0.0105 0.0062 -14.8 0.89 259 11.0 0.0013 74
R 115119 3 0.0269 0.0000 0.0246 0.0000 -15.0 0.16 254 3.9 0.0011 73
R 115119 4 0.0411 0.0011 0.0650 0.0222 -16.0 1.87 304 0.0 0.0365 73
R 115119 5 0.0122 0.0000 0.0255 0.0023 -28.7 2.06 537 32.2 0.0302 46
S 115342 3 0.2186 20.4 0.0000 0.0000 0.0674 -14.1
R 115342 0 0.8080 0.8576 0.0013 0.0000 -13.9 0.23 135 89.4 0.0000 0
R 115342 1 0.0635 0.0000 0.0095 0.0062 -14.3 0.76 251 18.3 0.0009 35
R 115342 2 0.0204 0.0000 0.0105 0.0062 -14.8 0.89 259 11.2 0.0013 74
R 115342 3 0.0269 0.0000 0.0246 0.0000 -15.0 0.16 254 4.1 0.0011 73
R 115342 4 0.0411 0.0011 0.0650 0.0222 -16.0 1.87 304 0.2 0.0365 73
R 115342 5 0.0122 0.0000 0.0255 0.0023 -28.7 2.06 537 32.5 0.0302 46
E 115945 3 2 s3_residual 0.4119 19.1 -14.1
R 115945 0 0.8080 0.8576 0.0013 0.0000 -13.9 0.23 135 90.0 0.0000 0
R 115945 1 0.0635 0.0000 0.0095 0.0062 -14.3 0.76 251 18.9 0.0009 35
R 115945 2 0.0204 0.0000 0.0105 0.0062 -14.8 0.89 259 11.8 0.0013 74
R 115945 3 0.0278 0.0000 0.0289 0.0126 -15.0 0.18 265 0.0 0.0011 73
R 115945 4 0.0411 0.0011 0.0650 0.0222 -16.0 1.87 304 0.8 0.0365 73
R 115945 5 0.0122 0.0000 0.0255 0.0023 -28.7 2.06 537 33.1 0.0302 46
S 116346 2 0.0165 22.0 0.0000 0.0886 0.0000 -13.5
S 117346 2 0.0153 19.6 0.0000 0.0241 0.0000 -13.0
S 118346 2 0.0116 19.6 0.0000 0.0539 0.0000 -13.4
S 119346 2 0.0163 22.7 0.0000 0.0353 0.0000 -13.6
S 120346 2 0.0235 23.9 0.0000 0.0262 0.0000 -13.5
S 121348 2 0.0032 30.9 0.0000 0.0000 0.0000 -14.0
S 122348 2 0.0181 31.9 0.0000 0.0000 0.0000 -13.9
E 123057 2 3 promote 0.0090 30.8 -13.9
R 123057 0 0.8080 0.8576 0.0013 0.0000 -13.9 0.23 135 97.1 0.0000 0
R 123057 1 0.0635 0.0000 0.0095 0.0062 -14.3 0.76 251 26.0 0.0009 35
R 123057 2 0.0197 0.0000 0.0130 0.0066 -14.6 0.96 388 0.0 0.0013 74
R 123057 3 0.0278 0.0000 0.0289 0.0126 -15.0 0.18 265 7.1 0.0015 111
R 123057 4 0.0411 0.0011 0.0650 0.0222 -16.0 1.87 304 7.9 0.0365 73
R 123057 5 0.0122 0.0000 0.0255 0.0023 -28.7 2.06 537 40.2 0.0302 46
P 123057 3 pass 30.8 0.0143 2020 -13.9
S 123354 3 0.0000 32.7 0.0000 0.0000 0.0000 -14.8
S 124354 3 0.0068 32.6 0.0000 0.0440 0.0000 -14.9
S 125354 3 0.0121 34.5 0.0000 0.0000 0.0000 -14.9
R 125354 0 0.8080 0.8576 0.0013 0.0000 -13.9 0.23 135 99.4 0.0000 0
R 125354 1 0.0635 0.0000 0.0095 0.0062 -14.3 0.76 251 28.3 0.0009 35
R 125354 2 0.0197 0.0000 0.0130 0.0066 -14.6 0.96 388 2.3 0.0013 74
R 125354 3 0.0270 0.0000 0.0284 0.0121 -15.0 0.18 304 0.0 0.0015 111
R 125354 4 0.0411 0.0011 0.0650 0.0222 -16.0 1.87 304 10.2 0.0365 73
R 125354 5 0.0122 0.0000 0.0255 0.0023 -28.7 2.06 537 42.5 0.0302 46
S 126359 3 0.0250 32.5 0.0000 0.0649 0.0000 -15.0
S 127361 3 0.0000 35.0 0.0000 0.0338 0.0000 -14.9
S 128361 3 0.0177 33.8 0.0000 0.0000 0.0000 -14.9
S 129361 3 0.0101 33.5 0.0000 0.0000 0.0000 -14.9
E 130182 3 4 promote 0.0138 33.5 -14.9
R 130182 0 0.8080 0.8576 0.0013 0.0000 -13.9 0.23 135 104.2 0.0000 0
R 130182 1 0.0635 0.0000 0.0095 0.0062 -14.3 0.76 251 33.2 0.0009 35
R 130182 2 0.0197 0.0000 0.0130 0.0066 -14.6 0.96 388 7.1 0.0013 74
R 130182 3 0.0257 0.0000 0.0283 0.0113 -15.0 0.17 394 0.0 0.0015 111
R 130182 4 0.0411 0.0011 0.0650 0.0222 -16.0 1.87 304 15.1 0.0354 111
R 130182 5 0.0122 0.0000 0.0255 0.0023 -28.7 2.06 537 47.3 0.0302 46
P 130182 4 pass 33.5 0.0000 2045 -14.9
S 130362 4 0.0037 32.7 0.0000 0.0000 0.0000 -20.2
S 131363 4 0.0000 33.5 0.0000 0.0201 0.0000 -19.6
S 132363 4 0.0057 34.2 0.0000 0.0000 0.0000 -19.4
S 133365 4 0.0135 34.7 0.0000 0.0240 0.0000 -19.3
S 134372 4 0.0264 34.5 0.0000 0.0227 0.0000 -19.3
S 135372 4 0.0050 34.4 0.0000 0.0000 0.0000 -19.4
R 135372 0 0.8080 0.8576 0.0013 0.0000 -13.9 0.23 135 109.4 0.0000 0
R 135372 1 0.0635 0.0000 0.0095 0.0062 -14.3 0.76 251 38.3 0.0009 35
R 135372 2 0.0197 0.0000 0.0130 0.0066 -14.6 0.96 388 12.3 0.0013 74
R 135372 3 0.0257 0.0000 0.0283 0.0113 -15.0 0.17 394 5.2 0.0015 111
R 135372 4 0.0387 0.0010 0.0599 0.0200 -16.4 2.05 397 0.1 0.0354 111
R 135372 5 0.0122 0.0000 0.0255 0.0023 -28.7 2.06 537 52.5 0.0302 46
S 136374 4 0.0055 34.8 0.0000 0.0000 0.0000 -19.2
E 137318 4 5 promote 0.0082 34.1 -19.3
R 137318 0 0.8080 0.8576 0.0013 0.0000 -13.9 0.23 135 111.4 0.0000 0
R 137318 1 0.0635 0.0000 0.0095 0.0062 -14.3 0.76 251 40.3 0.0009 35
R 137318 2 0.0197 0.0000 0.0130 0.0066 -14.6 0.96 388 14.3 0.0013 74
R 137318 3 0.0257 0.0000 0.0283 0.0113 -15.0 0.17 394 7.1 0.0015 111
R 137318 4 0.0376 0.0009 0.0599 0.0200 -16.5 2.08 431 0.0 0.0354 111
R 137318 5 0.0122 0.0000 0.0255 0.0023 -28.7 2.06 537 54.4 0.0291 83
P 137318 5 pass 34.1 0.0000 2049 -19.3
S 137384 5 0.0163 33.9 0.0000 0.0000 0.0000 -19.0
S 138387 5 0.0110 31.9 0.0000 0.0000 0.0000 -27.5
S 139390 5 0.0176 34.0 0.0000 0.0000 0.0000 -27.6
S 140390 5 0.0065 32.3 0.0000 0.0249 0.0000 -27.6
S 141390 5 0.0127 31.8 0.0000 0.0000 0.0000 -27.8
S 142390 5 0.0172 29.6 0.0000 0.0323 0.0000 -25.1
S 143391 5 0.0299 28.6 0.0000 0.0178 0.0000 -26.2
S 144391 5 0.0192 27.6 0.0000 0.0000 0.0000 -25.2
S 145391 5 0.0176 28.7 0.0000 0.0000 0.0000 -26.1
R 145391 0 0.8080 0.8576 0.0013 0.0000 -13.9 0.23 135 119.4 0.0000 0
R 145391 1 0.0635 0.0000 0.0095 0.0062 -14.3 0.76 251 48.4 0.0009 35
R 145391 2 0.0197 0.0000 0.0130 0.0066 -14.6 0.96 388 22.3 0.0013 74
R 145391 3 0.0257 0.0000 0.0283 0.0113 -15.0 0.17 394 15.2 0.0015 111
R 145391 4 0.0376 0.0009 0.0599 0.0200 -16.5 2.08 431 8.1 0.0354 111
R 145391 5 0.0131 0.0000 0.0240 0.0019 -28.4 2.06 686 0.0 0.0291 83
S 146394 5 0.0262 28.3 0.0000 0.0000 0.0000 -26.2
S 147397 5 0.0141 24.5 0.0000 0.0000 0.0000 -23.8
S 148397 5 0.0157 26.7 0.0000 0.0442 0.0000 -25.1
S 149399 5 0.0238 23.9 0.0000 0.0000 0.0000 -22.3
E 150395 5 4 s3_util 0.5803 22.7 -22.4
R 150395 0 0.8080 0.8576 0.0013 0.0000 -13.9 0.23 135 124.4 0.0000 0
R 150395 1 0.0635 0.0000 0.0095 0.0062 -14.3 0.76 251 53.4 0.0009 35
R 150395 2 0.0197 0.0000 0.0130 0.0066 -14.6 0.96 388 27.3 0.0013 74
R 150395 3 0.0257 0.0000 0.0283 0.0113 -15.0 0.17 394 20.2 0.0015 111
R 150395 4 0.0376 0.0009 0.0599 0.0200 -16.5 2.08 431 13.1 0.0354 111
R 150395 5 0.0157 0.0000 0.0259 0.0109 -28.0 2.30 779 0.0 0.0291 83
S 150406 4 0.2506 23.0 0.0000 0.5803 0.0763 -22.4
E 150952 4 3 s3_util 0.3952 25.6 -18.6
R 150952 0 0.8080 0.8576 0.0013 0.0000 -13.9 0.23 135 125.0 0.0000 0
R 150952 1 0.0635 0.0000 0.0095 0.0062 -14.3 0.76 251 53.9 0.0009 35
R 150952 2 0.0197 0.0000 0.0130 0.0066 -14.6 0.96 388 27.9 0.0013 74
R 150952 3 0.0257 0.0000 0.0283 0.0113 -15.0 0.17 394 20.8 0.0015 111
R 150952 4 0.0375 0.0009 0.0629 0.0268 -16.5 2.08 437 0.0 0.0354 111
R 150952 5 0.0157 0.0000 0.0259 0.0109 -28.0 2.30 779 0.6 0.0291 83
S 151406 3 0.0224 26.2 0.0000 0.0136 0.0000 -14.5
S 152406 3 0.0118 25.1 0.0000 0.0000 0.0000 -14.9
S 153406 3 0.0164 24.6 0.0000 0.0304 0.0000 -14.9
S 154406 3 0.0187 27.9 0.0000 0.0302 0.0000 -14.7
S 155406 3 0.0249 30.5 0.0000 0.0434 0.0000 -14.8
R 155406 0 0.8080 0.8576 0.0013 0.0000 -13.9 0.23 135 129.4 0.0000 0
R 155406 1 0.0635 0.0000 0.0095 0.0062 -14.3 0.76 251 58.4 0.0009 35
R 155406 2 0.0197 0.0000 0.0130 0.0066 -14.6 0.96 388 32.3 0.0013 74
R 155406 3 0.0245 0.0000 0.0274 0.0103 -15.0 0.19 475 0.0 0.0015 111
R 155406 4 0.0375 0.0009 0.0629 0.0268 -16.5 2.08 437 4.5 0.0354 111
R 155406 5 0.0157 0.0000 0.0259 0.0109 -28.0 2.30 779 5.0 0.0291 83
S 156406 3 0.0190 30.6 0.0000 0.0000 0.0000 -14.9
S 157407 3 0.0104 30.3 0.0000 0.0000 0.0000 -14.9
E 158037 3 4 promote 0.0109 31.4 -14.8
R 158037 0 0.8080 0.8576 0.0013 0.0000 -13.9 0.23 135 132.1 0.0000 0
R 158037 1 0.0635 0.0000 0.0095 0.0062 -14.3 0.76 251 61.0 0.0009 35
R 158037 2 0.0197 0.0000 0.0130 0.0066 -14.6 0.96 388 35.0 0.0013 74
R 158037 3 0.0238 0.0000 0.0273 0.0102 -15.0 0.18 522 0.0 0.0015 111
R 158037 4 0.0375 0.0009 0.0629 0.0268 -16.5 2.08 437 7.1 0.0342 148
R 158037 5 0.0157 0.0000 0.0259 0.0109 -28.0 2.30 779 7.6 0.0291 83
P 158037 4 pass 31.4 0.0111 2012 -14.8
S 158414 4 0.0188 26.9 0.0000 0.0260 0.0000 -18.5
S 159419 4 0.0138 29.6 0.0000 0.0000 0.0000 -18.8
S 160419 4 0.0137 33.1 0.0000 0.0355 0.0000 -19.1
S 161419 4 0.0096 32.8 0.0000 0.0250 0.0000 -19.1
S 162419 4 0.0138 32.3 0.0000 0.0000 0.0000 -18.9
S 163419 4 0.0147 30.7 0.0000 0.0000 0.0000 -18.7
S 164419 4 0.0251 28.0 0.0000 0.0000 0.0000 -19.0
E 165163 4 5 promote 0.0068 29.3 -18.7
R 165163 0 0.8080 0.8576 0.0013 0.0000 -13.9 0.23 135 139.2 0.0000 0
R 165163 1 0.0635 0.0000 0.0095 0.0062 -14.3 0.76 251 68.1 0.0009 35
R 165163 2 0.0197 0.0000 0.0130 0.0066 -14.6 0.96 388 42.1 0.0013 74
R 165163 3 0.0238 0.0000 0.0273 0.0102 -15.0 0.18 522 7.1 0.0015 111
R 165163 4 0.0351 0.0008 0.0582 0.0240 -16.8 2.13 563 0.0 0.0342 148
R 165163 5 0.0157 0.0000 0.0259 0.0109 -28.0 2.30 779 14.8 0.0280 119
P 165163 5 pass 29.3 0.0102 2035 -18.7
S 165420 5 0.0117 26.0 0.0000 0.0000 0.0000 -24.1
R 165420 0 0.8080 0.8576 0.0013 0.0000 -13.9 0.23 135 139.5 0.0000 0
R 165420 1 0.0635 0.0000 0.0095 0.0062 -14.3 0.76 251 68.4 0.0009 35
R 165420 2 0.0197 0.0000 0.0130 0.0066 -14.6 0.96 388 42.4 0.0013 74
R 165420 3 0.0238 0.0000 0.0273 0.0102 -15.0 0.18 522 7.4 0.0015 111
R 165420 4 0.0351 0.0008 0.0582 0.0240 -16.8 2.13 563 0.3 0.0342 148
R 165420 5 0.0157 0.0000 0.0259 0.0109 -28.0 2.30 779 15.0 0.0280 119
S 166423 5 0.0081 32.0 0.0000 0.0000 0.0000 -27.3
S 167423 5 0.0081 26.1 0.0000 0.0000 0.0000 -24.0
S 168425 5 0.0087 28.3 0.0000 0.0306 0.0000 -25.8
S 169426 5 0.0130 26.5 0.0000 0.0223 0.0000 -24.9
S 170426 5 0.0088 23.3 0.0000 0.0166 0.0000 -22.7
S 171426 5 0.0075 23.7 0.0000 0.1858 0.0212 -22.4
S 172430 5 0.0231 26.4 0.0000 0.2857 0.0508 -25.8
S 173430 5 0.0236 21.1 0.0000 0.0000 0.0000 -21.0
S 174432 5 0.1063 20.7 0.0000 0.2931 0.0397 -21.7
E 175161 5 4 s3_residual 0.2756 19.5 -20.6
R 175161 0 0.8080 0.8576 0.0013 0.0000 -13.9 0.23 135 149.2 0.0000 0
R 175161 1 0.0635 0.0000 0.0095 0.0062 -14.3 0.76 251 78.1 0.0009 35
R 175161 2 0.0197 0.0000 0.0130 0.0066 -14.6 0.96 388 52.1 0.0013 74
R 175161 3 0.0238 0.0000 0.0273 0.0102 -15.0 0.18 522 17.1 0.0015 111
R 175161 4 0.0351 0.0008 0.0582 0.0240 -16.8 2.13 563 10.0 0.0342 148
R 175161 5 0.0185 0.0000 0.0355 0.0544 -27.3 2.63 965 0.0 0.0280 119
E 175211 4 3 residual 0.2367 19.0 -20.3
R 175211 0 0.8080 0.8576 0.0013 0.0000 -13.9 0.23 135 149.3 0.0000 0
R 175211 1 0.0635 0.0000 0.0095 0.0062 -14.3 0.76 251 78.2 0.0009 35
R 175211 2 0.0197 0.0000 0.0130 0.0066 -14.6 0.96 388 52.2 0.0013 74
R 175211 3 0.0238 0.0000 0.0273 0.0102 -15.0 0.18 522 17.2 0.0015 111
R 175211 4 0.0351 0.0008 0.0582 0.0240 -16.8 2.13 563 10.0 0.0342 148
R 175211 5 0.0185 0.0000 0.0355 0.0544 -27.3 2.63 965 0.1 0.0280 119
E 175367 3 2 residual 0.2766 28.9 -14.8
R 175367 0 0.8080 0.8576 0.0013 0.0000 -13.9 0.23 135 149.4 0.0000 0
R 175367 1 0.0635 0.0000 0.0095 0.0062 -14.3 0.76 251 78.3 0.0009 35
R 175367 2 0.0197 0.0000 0.0130 0.0066 -14.6 0.96 388 52.3 0.0013 74
R 175367 3 0.0238 0.0000 0.0273 0.0102 -15.0 0.18 522 17.3 0.0015 111
R 175367 4 0.0351 0.0008 0.0582 0.0240 -16.8 2.13 563 10.2 0.0342 148
R 175367 5 0.0185 0.0000 0.0355 0.0544 -27.3 2.63 965 0.2 0.0280 119
E 175419 2 1 residual 0.2605 27.5 -15.0
R 175419 0 0.8080 0.8576 0.0013 0.0000 -13.9 0.23 135 149.5 0.0000 0
R 175419 1 0.0635 0.0000 0.0095 0.0062 -14.3 0.76 251 78.4 0.0009 35
R 175419 2 0.0197 0.0000 0.0130 0.0066 -14.6 0.96 388 52.4 0.0013 74
R 175419 3 0.0238 0.0000 0.0273 0.0102 -15.0 0.18 522 17.4 0.0015 111
R 175419 4 0.0351 0.0008 0.0582 0.0240 -16.8 2.13 563 10.3 0.0342 148
R 175419 5 0.0185 0.0000 0.0355 0.0544 -27.3 2.63 965 0.3 0.0280 119
S 175432 1 0.2605 27.6 0.0000 0.0000 0.0322 -14.9
R 175432 0 0.8080 0.8576 0.0013 0.0000 -13.9 0.23 135 149.5 0.0000 0
R 175432 1 0.0635 0.0000 0.0095 0.0062 -14.3 0.76 251 78.4 0.0009 35
R 175432 2 0.0197 0.0000 0.0130 0.0066 -14.6 0.96 388 52.4 0.0013 74
R 175432 3 0.0238 0.0000 0.0273 0.0102 -15.0 0.18 522 17.4 0.0015 111
R 175432 4 0.0351 0.0008 0.0582 0.0240 -16.8 2.13 563 10.3 0.0342 148
R 175432 5 0.0185 0.0000 0.0355 0.0544 -27.3 2.63 965 0.3 0.0280 119
E 176181 1 0 s3_util 0.4455 26.4 -14.3
R 176181 0 0.8080 0.8576 0.0013 0.0000 -13.9 0.23 135 150.2 0.0000 0
R 176181 1 0.0658 0.0000 0.0136 0.0165 -14.3 0.75 260 0.0 0.0009 35
R 176181 2 0.0197 0.0000 0.0130 0.0066 -14.6 0.96 388 53.1 0.0013 74
R 176181 3 0.0238 0.0000 0.0273 0.0102 -15.0 0.18 522 18.1 0.0015 111
R 176181 4 0.0351 0.0008 0.0582 0.0240 -16.8 2.13 563 11.0 0.0342 148
R 176181 5 0.0185 0.0000 0.0355 0.0544 -27.3 2.63 965 1.0 0.0280 119
S 176432 0 0.0215 24.2 0.0000 0.0000 0.0769 -13.9
S 177433 0 0.0196 25.1 0.0000 0.0000 0.0000 -13.7
S 178442 0 0.0353 22.4 0.0000 0.0000 0.0000 -13.2
S 179443 0 0.0000 26.3 0.0000 0.0000 0.0000 -13.6
S 180443 0 0.0000 21.1 0.0000 0.0000 0.0000 -12.4
S 181445 0 0.0000 19.1 0.0000 0.0000 0.0000 -12.4
P 181999 1 abort 22.0 0.0000 669 -13.1
S 182446 0 0.0000 18.8 0.0000 0.0000 0.0000 -12.5
S 183446 0 0.0000 15.9 0.0000 0.0000 0.0000 -11.7
S 184447 0 0.0000 13.2 0.0000 0.0000 0.0000 -10.2
S 185449 0 0.0337 15.7 0.0000 0.0000 0.0000 -11.8
R 185449 0 0.6763 0.7161 0.0017 0.0000 -13.7 0.67 291 0.0 0.0000 0
R 185449 1 0.0658 0.0000 0.0136 0.0165 -14.3 0.75 260 9.3 0.0009 36
R 185449 2 0.0197 0.0000 0.0130 0.0066 -14.6 0.96 388 62.4 0.0013 74
R 185449 3 0.0238 0.0000 0.0273 0.0102 -15.0 0.18 522 27.4 0.0015 111
R 185449 4 0.0351 0.0008 0.0582 0.0240 -16.8 2.13 563 20.3 0.0342 148
R 185449 5 0.0185 0.0000 0.0355 0.0544 -27.3 2.63 965 10.3 0.0280 119
S 186449 0 0.0000 17.0 0.0000 0.0000 0.0000 -11.4
E 187062 0 1 promote 0.0000 14.5 -11.1
R 187062 0 0.6539 0.6918 0.0024 0.0000 -13.6 0.77 321 0.0 0.0000 0
R 187062 1 0.0658 0.0000 0.0136 0.0165 -14.3 0.75 260 10.9 0.0009 36
R 187062 2 0.0197 0.0000 0.0130 0.0066 -14.6 0.96 388 64.0 0.0013 74
R 187062 3 0.0238 0.0000 0.0273 0.0102 -15.0 0.18 522 29.0 0.0015 111
R 187062 4 0.0351 0.0008 0.0582 0.0240 -16.8 2.13 563 21.9 0.0342 148
R 187062 5 0.0185 0.0000 0.0355 0.0544 -27.3 2.63 965 11.9 0.0280 119
S 187449 1 0.0000 19.7 0.0000 0.0000 0.0000 -12.9
S 188455 1 0.0271 26.5 0.0000 0.0143 0.0000 -14.1
S 189461 1 0.0286 25.5 0.0000 0.0882 0.0000 -13.6
S 190471 1 0.0000 22.9 0.0000 0.0000 0.0000 -13.4
S 191474 1 0.0414 19.4 0.0000 0.0000 0.0000 -12.9
S 192474 1 0.0165 20.7 0.0000 0.0000 0.0000 -12.9
P 193083 2 abort 19.9 0.0000 944 -12.7
S 193474 1 0.0000 27.4 0.0000 0.0000 0.0000 -13.6
S 194477 1 0.0147 24.8 0.0000 0.0000 0.0000 -13.6
S 195486 1 0.0172 24.5 0.0000 0.0597 0.0000 -13.6
R 195486 0 0.6539 0.6918 0.0024 0.0000 -13.6 0.77 321 8.4 0.0000 0
R 195486 1 0.0594 0.0000 0.0138 0.0143 -14.2 0.79 398 0.0 0.0009 36
R 195486 2 0.0197 0.0000 0.0130 0.0066 -14.6 0.96 388 72.4 0.0012 80
R 195486 3 0.0238 0.0000 0.0273 0.0102 -15.0 0.18 522 37.4 0.0015 111
R 195486 4 0.0351 0.0008 0.0582 0.0240 -16.8 2.13 563 30.3 0.0342 148
R 195486 5 0.0185 0.0000 0.0355 0.0544 -27.3 2.63 965 20.3 0.0280 119
S 196488 1 0.0234 19.4 0.0000 0.1429 0.0000 -12.9
S 197490 1 0.0000 28.3 0.0000 0.0000 0.0000 -13.5
E 198130 1 2 promote 0.0000 26.5 -13.5
R 198130 0 0.6539 0.6918 0.0024 0.0000 -13.6 0.77 321 11.1 0.0000 0
R 198130 1 0.0567 0.0000 0.0152 0.0138 -14.1 0.79 447 0.0 0.0009 36
R 198130 2 0.0197 0.0000 0.0130 0.0066 -14.6 0.96 388 75.1 0.0012 80
R 198130 3 0.0238 0.0000 0.0273 0.0102 -15.0 0.18 522 40.1 0.0015 111
R 198130 4 0.0351 0.0008 0.0582 0.0240 -16.8 2.13 563 33.0 0.0342 148
R 198130 5 0.0185 0.0000 0.0355 0.0544 -27.3 2.63 965 23.0 0.0280 119
S 198490 2 0.0244 26.2 0.0000 0.0000 0.0000 -13.7
S 199492 2 0.0214 26.2 0.0000 0.0072 0.0000 -13.9
S 200493 2 0.0355 26.1 0.0000 0.0156 0.0000 -14.2
S 201493 2 0.0064 28.1 0.0000 0.0278 0.0000 -14.0
S 202494 2 0.0000 27.2 0.0000 0.0000 0.0000 -13.8
S 203495 2 0.0186 21.9 0.0000 0.0000 0.0000 -13.5
S 204499 2 0.0112 17.3 0.0000 0.0000 0.0000 -12.4
E 205257 2 3 promote 0.0211 15.9 -12.4
R 205257 0 0.6539 0.6918 0.0024 0.0000 -13.6 0.77 321 18.2 0.0000 0
R 205257 1 0.0567 0.0000 0.0152 0.0138 -14.1 0.79 447 7.1 0.0009 36
R 205257 2 0.0193 0.0000 0.0136 0.0059 -14.5 0.96 517 0.0 0.0012 80
R 205257 3 0.0238 0.0000 0.0273 0.0102 -15.0 0.18 522 47.2 0.0027 148
R 205257 4 0.0351 0.0008 0.0582 0.0240 -16.8 2.13 563 40.1 0.0342 148
R 205257 5 0.0185 0.0000 0.0355 0.0544 -27.3 2.63 965 30.1 0.0280 119
P 205257 3 pass 15.9 0.0628 2021 -12.4
S 205506 3 0.0114 19.4 0.0000 0.0000 0.0000 -13.5
R 205506 0 0.6539 0.6918 0.0024 0.0000 -13.6 0.77 321 18.4 0.0000 0
R 205506 1 0.0567 0.0000 0.0152 0.0138 -14.1 0.79 447 7.4 0.0009 36
R 205506 2 0.0193 0.0000 0.0136 0.0059 -14.5 0.96 517 0.2 0.0012 80
R 205506 3 0.0238 0.0000 0.0273 0.0102 -15.0 0.18 522 47.5 0.0027 148
R 205506 4 0.0351 0.0008 0.0582 0.0240 -16.8 2.13 563 40.3 0.0342 148
R 205506 5 0.0185 0.0000 0.0355 0.0544 -27.3 2.63 965 30.3 0.0280 119
S 206506 3 0.2044 20.1 0.0000 0.4259 0.0000 -14.3
E 206693 3 2 s3_util 0.3750 21.2 -14.5
R 206693 0 0.6539 0.6918 0.0024 0.0000 -13.6 0.77 321 19.6 0.0000 0
R 206693 1 0.0567 0.0000 0.0152 0.0138 -14.1 0.79 447 8.6 0.0009 36
R 206693 2 0.0193 0.0000 0.0136 0.0059 -14.5 0.96 517 1.4 0.0012 80
R 206693 3 0.0254 0.0000 0.0318 0.0099 -14.9 0.23 545 0.0 0.0027 148
R 206693 4 0.0351 0.0008 0.0582 0.0240 -16.8 2.13 563 41.5 0.0342 148
R 206693 5 0.0185 0.0000 0.0355 0.0544 -27.3 2.63 965 31.5 0.0280 119
N 206693 3 1 216693
S 207506 2 0.0123 16.4 0.0000 0.1588 0.0358 -12.5
E 207509 2 1 s3_residual 0.0930 16.4 -12.3
R 207509 0 0.6539 0.6918 0.0024 0.0000 -13.6 0.77 321 20.4 0.0000 0
R 207509 1 0.0567 0.0000 0.0152 0.0138 -14.1 0.79 447 9.4 0.0009 36
R 207509 2 0.0194 0.0000 0.0153 0.0185 -14.5 0.97 528 0.0 0.0012 80
R 207509 3 0.0254 0.0000 0.0318 0.0099 -14.9 0.23 545 0.8 0.0027 148
R 207509 4 0.0351 0.0008 0.0582 0.0240 -16.8 2.13 563 42.3 0.0342 148
R 207509 5 0.0185 0.0000 0.0355 0.0544 -27.3 2.63 965 32.3 0.0280 119
S 208506 1 0.0386 14.7 0.0000 0.0069 0.0000 -11.6
S 209506 1 0.0215 7.1 0.0000 0.0356 0.0000 -8.6
S 210507 1 0.0496 21.4 0.0000 0.0000 0.0000 -13.2
S 211509 1 0.0000 22.3 0.0000 0.0000 0.0000 -13.5
S 212510 1 0.0000 20.3 0.0000 0.0000 0.0000 -12.8
S 213510 1 0.0370 19.5 0.0000 0.0000 0.0000 -12.7
S 214512 1 0.0706 19.6 0.0000 0.0000 0.0000 -12.7
E 214642 1 2 promote 0.0526 22.4 -13.4
R 214642 0 0.6539 0.6918 0.0024 0.0000 -13.6 0.77 321 27.6 0.0000 0
R 214642 1 0.0525 0.0000 0.0150 0.0126 -13.9 0.96 569 0.0 0.0009 36
R 214642 2 0.0194 0.0000 0.0153 0.0185 -14.5 0.97 528 7.1 0.0012 115
R 214642 3 0.0254 0.0000 0.0318 0.0099 -14.9 0.23 545 7.9 0.0027 148
R 214642 4 0.0351 0.0008 0.0582 0.0240 -16.8 2.13 563 49.5 0.0342 148
R 214642 5 0.0185 0.0000 0.0355 0.0544 -27.3 2.63 965 39.5 0.0280 119
P 214642 2 pass 22.4 0.0000 2032 -13.4
S 215515 2 0.0120 23.9 0.0000 0.0000 0.0000 -13.9
R 215515 0 0.6539 0.6918 0.0024 0.0000 -13.6 0.77 321 28.5 0.0000 0
R 215515 1 0.0525 0.0000 0.0150 0.0126 -13.9 0.96 569 0.9 0.0009 36
R 215515 2 0.0193 0.0000 0.0154 0.0182 -14.5 0.98 539 0.0 0.0012 115
R 215515 3 0.0254 0.0000 0.0318 0.0099 -14.9 0.23 545 8.8 0.0027 148
R 215515 4 0.0351 0.0008 0.0582 0.0240 -16.8 2.13 563 50.4 0.0342 148
R 215515 5 0.0185 0.0000 0.0355 0.0544 -27.3 2.63 965 40.4 0.0280 119
S 216515 2 0.0164 20.6 0.0000 0.0000 0.0000 -13.1
S 217519 2 0.0175 19.3 0.0000 0.0000 0.0000 -13.6
S 218519 2 0.0175 25.8 0.0000 0.0466 0.0000 -13.9
S 219520 2 0.0172 23.4 0.0000 0.0165 0.0000 -13.8
S 220520 2 0.0236 27.0 0.0000 0.0000 0.0000 -13.8
S 221521 2 0.0209 23.6 0.0000 0.0000 0.0000 -13.6
E 221727 2 3 promote 0.0208 24.2 -13.7
R 221727 0 0.6539 0.6918 0.0024 0.0000 -13.6 0.77 321 34.7 0.0000 0
R 221727 1 0.0525 0.0000 0.0150 0.0126 -13.9 0.96 569 7.1 0.0009 36
R 221727 2 0.0192 0.0000 0.0151 0.0166 -14.4 0.94 656 0.0 0.0012 115
R 221727 3 0.0254 0.0000 0.0318 0.0099 -14.9 0.23 545 15.0 0.0031 185
R 221727 4 0.0351 0.0008 0.0582 0.0240 -16.8 2.13 563 56.6 0.0342 148
R 221727 5 0.0185 0.0000 0.0355 0.0544 -27.3 2.63 965 46.6 0.0280 119
P 221727 3 pass 24.2 0.0045 2007 -13.7
S 222522 3 0.0089 21.5 0.0000 0.0201 0.0000 -14.7
S 223522 3 0.0343 19.0 0.0000 0.0000 0.0000 -14.5
S 224522 3 0.0128 20.5 0.0000 0.1659 0.0000 -14.1
E 225051 3 2 s3_util 0.3951 18.5 -13.9
R 225051 0 0.6539 0.6918 0.0024 0.0000 -13.6 0.77 321 38.0 0.0000 0
R 225051 1 0.0525 0.0000 0.0150 0.0126 -13.9 0.96 569 10.4 0.0009 36
R 225051 2 0.0192 0.0000 0.0151 0.0166 -14.4 0.94 656 3.3 0.0012 115
R 225051 3 0.0266 0.0000 0.0380 0.0092 -14.9 0.28 605 0.0 0.0031 185
R 225051 4 0.0351 0.0008 0.0582 0.0240 -16.8 2.13 563 59.9 0.0342 148
R 225051 5 0.0185 0.0000 0.0355 0.0544 -27.3 2.63 965 49.9 0.0280 119
S 225524 2 0.0489 18.3 0.0000 0.0957 0.0000 -13.0
R 225524 0 0.6539 0.6918 0.0024 0.0000 -13.6 0.77 321 38.5 0.0000 0
R 225524 1 0.0525 0.0000 0.0150 0.0126 -13.9 0.96 569 10.9 0.0009 36
R 225524 2 0.0195 0.0000 0.0154 0.0165 -14.4 0.94 660 0.0 0.0012 115
R 225524 3 0.0266 0.0000 0.0380 0.0092 -14.9 0.28 605 0.5 0.0031 185
R 225524 4 0.0351 0.0008 0.0582 0.0240 -16.8 2.13 563 60.4 0.0342 148
R 225524 5 0.0185 0.0000 0.0355 0.0544 -27.3 2.63 965 50.4 0.0280 119
S 226525 2 0.0282 16.6 0.0000 0.0280 0.0000 -12.6
S 227532 2 0.0378 16.3 0.0000 0.0576 0.0000 -12.1
S 228533 2 0.0160 21.8 0.0000 0.0269 0.0000 -13.6
S 229533 2 0.0327 23.4 0.0000 0.0082 0.0000 -13.8
S 230536 2 0.0337 24.0 0.0000 0.0000 0.0000 -13.8
S 231536 2 0.0205 25.8 0.0000 0.0000 0.0000 -14.2
E 232347 2 3 promote 0.0096 26.5 -13.9
R 232347 0 0.6539 0.6918 0.0024 0.0000 -13.6 0.77 321 45.3 0.0000 0
R 232347 1 0.0525 0.0000 0.0150 0.0126 -13.9 0.96 569 17.7 0.0009 36
R 232347 2 0.0200 0.0000 0.0187 0.0148 -14.2 1.00 788 0.0 0.0012 115
R 232347 3 0.0266 0.0000 0.0380 0.0092 -14.9 0.28 605 7.3 0.0037 222
R 232347 4 0.0351 0.0008 0.0582 0.0240 -16.8 2.13 563 67.2 0.0342 148
R 232347 5 0.0185 0.0000 0.0355 0.0544 -27.3 2.63 965 57.2 0.0280 119
P 232347 3 pass 26.5 0.0323 2010 -13.9
S 232536 3 0.0000 26.6 0.0000 0.0000 0.0000 -14.8
S 233536 3 0.0047 25.0 0.0000 0.0669 0.0000 -14.9
S 234536 3 0.0104 27.2 0.0000 0.0210 0.0000 -15.0
S 235540 3 0.0248 27.6 0.0000 0.0114 0.0000 -14.9
R 235540 0 0.6539 0.6918 0.0024 0.0000 -13.6 0.77 321 48.5 0.0000 0
R 235540 1 0.0525 0.0000 0.0150 0.0126 -13.9 0.96 569 20.9 0.0009 36
R 235540 2 0.0200 0.0000 0.0187 0.0148 -14.2 1.00 788 3.2 0.0012 115
R 235540 3 0.0259 0.0000 0.0378 0.0086 -14.9 0.28 662 0.0 0.0037 222
R 235540 4 0.0351 0.0008 0.0582 0.0240 -16.8 2.13 563 70.4 0.0342 148
R 235540 5 0.0185 0.0000 0.0355 0.0544 -27.3 2.63 965 60.4 0.0280 119
S 236540 3 0.0082 29.2 0.0000 0.0000 0.0000 -14.9
S 237540 3 0.0113 31.9 0.0000 0.0000 0.0000 -14.9
S 238540 3 0.0271 30.3 0.0000 0.0000 0.0000 -14.9
E 239464 3 4 promote 0.0046 31.6 -14.8
R 239464 0 0.6539 0.6918 0.0024 0.0000 -13.6 0.77 321 52.4 0.0000 0
R 239464 1 0.0525 0.0000 0.0150 0.0126 -13.9 0.96 569 24.8 0.0009 36
R 239464 2 0.0200 0.0000 0.0187 0.0148 -14.2 1.00 788 7.1 0.0012 115
R 239464 3 0.0248 0.0000 0.0369 0.0083 -14.9 0.27 734 0.0 0.0037 222
R 239464 4 0.0351 0.0008 0.0582 0.0240 -16.8 2.13 563 74.3 0.0331 186
R 239464 5 0.0185 0.0000 0.0355 0.0544 -27.3 2.63 965 64.3 0.0280 119
P 239464 4 pass 31.6 0.0000 2044 -14.8
S 239540 4 0.0125 32.2 0.0000 0.0000 0.0000 -14.9
S 240541 4 0.0059 31.8 0.0000 0.0000 0.0000 -19.4
S 241541 4 0.0224 26.3 0.0000 0.0000 0.0000 -18.6
S 242541 4 0.0132 31.3 0.0000 0.0243 0.0000 -19.3
S 243541 4 0.0135 29.6 0.0000 0.0263 0.0000 -19.2
S 244541 4 0.0026 32.9 0.0000 0.0398 0.0000 -19.0
S 245544 4 0.0283 32.3 0.0000 0.0000 0.0000 -19.0
R 245544 0 0.6539 0.6918 0.0024 0.0000 -13.6 0.77 321 58.5 0.0000 0
R 245544 1 0.0525 0.0000 0.0150 0.0126 -13.9 0.96 569 30.9 0.0009 36
R 245544 2 0.0200 0.0000 0.0187 0.0148 -14.2 1.00 788 13.2 0.0012 115
R 245544 3 0.0248 0.0000 0.0369 0.0083 -14.9 0.27 734 6.1 0.0037 222
R 245544 4 0.0330 0.0007 0.0545 0.0216 -17.1 2.14 669 0.0 0.0331 186
R 245544 5 0.0185 0.0000 0.0355 0.0544 -27.3 2.63 965 70.4 0.0277 135
S 246545 4 0.0139 29.8 0.0000 0.0000 0.0000 -18.8
E 246593 4 5 promote 0.0137 30.0 -18.8
R 246593 0 0.6539 0.6918 0.0024 0.0000 -13.6 0.77 321 59.5 0.0000 0
R 246593 1 0.0525 0.0000 0.0150 0.0126 -13.9 0.96 569 32.0 0.0009 36
R 246593 2 0.0200 0.0000 0.0187 0.0148 -14.2 1.00 788 14.2 0.0012 115
R 246593 3 0.0248 0.0000 0.0369 0.0083 -14.9 0.27 734 7.1 0.0037 222
R 246593 4 0.0326 0.0007 0.0545 0.0216 -17.1 2.13 690 0.0 0.0331 186
R 246593 5 0.0185 0.0000 0.0355 0.0544 -27.3 2.63 965 71.4 0.0273 156
P 246593 5 pass 30.0 0.0119 2029 -18.8
S 247545 5 0.0284 27.1 0.0000 0.0226 0.0000 -24.4
S 248545 5 0.1091 21.6 0.0000 0.0853 0.0000 -20.9
S 249548 5 0.0231 23.3 0.0000 0.4545 0.0909 -21.5
E 249661 5 4 s3_util 0.4793 24.0 -23.1
R 249661 0 0.6539 0.6918 0.0024 0.0000 -13.6 0.77 321 62.6 0.0000 0
R 249661 1 0.0525 0.0000 0.0150 0.0126 -13.9 0.96 569 35.0 0.0009 36
R 249661 2 0.0200 0.0000 0.0187 0.0148 -14.2 1.00 788 17.3 0.0012 115
R 249661 3 0.0248 0.0000 0.0369 0.0083 -14.9 0.27 734 10.2 0.0037 222
R 249661 4 0.0326 0.0007 0.0545 0.0216 -17.1 2.13 690 3.1 0.0331 186
R 249661 5 0.0212 0.0000 0.0385 0.0592 -27.0 2.80 1018 0.0 0.0273 156
S 250549 4 0.0271 26.2 0.0000 0.0242 0.0000 -18.5
S 251549 4 0.0049 25.8 0.0000 0.0232 0.0000 -18.4
S 252550 4 0.0345 25.1 0.0000 0.0262 0.0000 -18.2
S 253552 4 0.0132 29.1 0.0000 0.0000 0.0000 -19.1
S 254552 4 0.0174 30.1 0.0000 0.0000 0.0000 -18.9
S 255552 4 0.0331 32.5 0.0000 0.0000 0.0000 -18.8
R 255552 0 0.6539 0.6918 0.0024 0.0000 -13.6 0.77 321 68.5 0.0000 0
R 255552 1 0.0525 0.0000 0.0150 0.0126 -13.9 0.96 569 40.9 0.0009 36
R 255552 2 0.0200 0.0000 0.0187 0.0148 -14.2 1.00 788 23.2 0.0012 115
R 255552 3 0.0248 0.0000 0.0369 0.0083 -14.9 0.27 734 16.1 0.0037 222
R 255552 4 0.0311 0.0006 0.0521 0.0194 -17.3 2.06 792 0.0 0.0331 186
R 255552 5 0.0212 0.0000 0.0385 0.0592 -27.0 2.80 1018 5.9 0.0274 168
S 256552 4 0.0164 31.6 0.0000 0.0000 0.0000 -18.9
E 256776 4 5 promote 0.0054 32.6 -18.8
R 256776 0 0.6539 0.6918 0.0024 0.0000 -13.6 0.77 321 69.7 0.0000 0
R 256776 1 0.0525 0.0000 0.0150 0.0126 -13.9 0.96 569 42.1 0.0009 36
R 256776 2 0.0200 0.0000 0.0187 0.0148 -14.2 1.00 788 24.4 0.0012 115
R 256776 3 0.0248 0.0000 0.0369 0.0083 -14.9 0.27 734 17.3 0.0037 222
R 256776 4 0.0306 0.0006 0.0521 0.0194 -17.3 2.05 816 0.0 0.0331 186
R 256776 5 0.0212 0.0000 0.0385 0.0592 -27.0 2.80 1018 7.1 0.0270 192
P 256776 5 pass 32.6 0.0000 2021 -18.8
S 257556 5 0.0053 30.6 0.0000 0.0221 0.0000 -27.0
S 258557 5 0.0072 33.7 0.0000 0.0000 0.0000 -27.4
S 259559 5 0.0176 29.9 0.0000 0.0000 0.0000 -26.1
S 260559 5 0.0470 22.0 0.0000 0.0238 0.0000 -21.2
E 261191 5 4 residual 0.2677 18.8 -20.3
R 261191 0 0.6539 0.6918 0.0024 0.0000 -13.6 0.77 321 74.1 0.0000 0
R 261191 1 0.0525 0.0000 0.0150 0.0126 -13.9 0.96 569 46.5 0.0009 36
R 261191 2 0.0200 0.0000 0.0187 0.0148 -14.2 1.00 788 28.8 0.0012 115
R 261191 3 0.0248 0.0000 0.0369 0.0083 -14.9 0.27 734 21.7 0.0037 222
R 261191 4 0.0306 0.0006 0.0521 0.0194 -17.3 2.05 816 4.4 0.0331 186
R 261191 5 0.0214 0.0012 0.0374 0.0542 -26.9 2.77 1096 0.0 0.0270 192
E 261554 4 3 util 0.6784 18.2 -16.4
R 261554 0 0.6539 0.6918 0.0024 0.0000 -13.6 0.77 321 74.5 0.0000 0
R 261554 1 0.0525 0.0000 0.0150 0.0126 -13.9 0.96 569 46.9 0.0009 36
R 261554 2 0.0200 0.0000 0.0187 0.0148 -14.2 1.00 788 29.2 0.0012 115
R 261554 3 0.0248 0.0000 0.0369 0.0083 -14.9 0.27 734 22.1 0.0037 222
R 261554 4 0.0320 0.0006 0.0528 0.0216 -17.3 2.05 818 0.0 0.0331 186
R 261554 5 0.0214 0.0012 0.0374 0.0542 -26.9 2.77 1096 0.4 0.0270 192
S 261559 3 0.6784 20.4 0.0000 0.4789 0.0747 -16.7
E 262111 3 2 s3_util 0.3664 20.5 -14.3
R 262111 0 0.6539 0.6918 0.0024 0.0000 -13.6 0.77 321 75.0 0.0000 0
R 262111 1 0.0525 0.0000 0.0150 0.0126 -13.9 0.96 569 47.5 0.0009 36
R 262111 2 0.0200 0.0000 0.0187 0.0148 -14.2 1.00 788 29.8 0.0012 115
R 262111 3 0.0255 0.0000 0.0399 0.0151 -14.9 0.27 740 0.0 0.0037 222
R 262111 4 0.0320 0.0006 0.0528 0.0216 -17.3 2.05 818 0.6 0.0331 186
R 262111 5 0.0214 0.0012 0.0374 0.0542 -26.9 2.77 1096 0.9 0.0270 192
S 262559 2 0.0259 21.1 0.0000 0.0000 0.0000 -13.2
S 263559 2 0.0220 20.0 0.0000 0.0259 0.0000 -13.0
S 264559 2 0.0340 23.9 0.0000 0.0000 0.0000 -13.4
S 265559 2 0.0328 30.4 0.0000 0.0188 0.0000 -13.7
R 265559 0 0.6539 0.6918 0.0024 0.0000 -13.6 0.77 321 78.5 0.0000 0
R 265559 1 0.0525 0.0000 0.0150 0.0126 -13.9 0.96 569 50.9 0.0009 36
R 265559 2 0.0199 0.0000 0.0184 0.0138 -14.2 1.00 850 0.0 0.0012 115
R 265559 3 0.0255 0.0000 0.0399 0.0151 -14.9 0.27 740 3.4 0.0037 222
R 265559 4 0.0320 0.0006 0.0528 0.0216 -17.3 2.05 818 4.0 0.0331 186
R 265559 5 0.0214 0.0012 0.0374 0.0542 -26.9 2.77 1096 4.4 0.0270 192
S 266559 2 0.0262 31.1 0.0000 0.0261 0.0000 -13.8
S 267560 2 0.0250 33.3 0.0000 0.0000 0.0000 -14.0
S 268568 2 0.0037 32.1 0.0000 0.0000 0.0000 -13.8
E 269216 2 3 promote 0.0412 30.2 -14.1
R 269216 0 0.6539 0.6918 0.0024 0.0000 -13.6 0.77 321 82.2 0.0000 0
R 269216 1 0.0525 0.0000 0.0150 0.0126 -13.9 0.96 569 54.6 0.0009 36
R 269216 2 0.0202 0.0000 0.0190 0.0133 -14.1 0.97 916 0.0 0.0012 115
R 269216 3 0.0255 0.0000 0.0399 0.0151 -14.9 0.27 740 7.1 0.0042 258
R 269216 4 0.0320 0.0006 0.0528 0.0216 -17.3 2.05 818 7.7 0.0331 186
R 269216 5 0.0214 0.0012 0.0374 0.0542 -26.9 2.77 1096 8.0 0.0270 192
P 269216 3 pass 30.2 0.0000 2032 -14.1
S 269572 3 0.0231 32.9 0.0000 0.0306 0.0000 -14.7
S 270572 3 0.0195 32.9 0.0000 0.0000 0.0000 -14.8
S 271572 3 0.0072 33.7 0.0000 0.0112 0.0000 -15.0
S 272573 3 0.0132 33.9 0.0000 0.0000 0.0000 -14.9
S 273573 3 0.0138 34.7 0.0000 0.0175 0.0000 -15.0
S 274574 3 0.0140 33.8 0.0000 0.0000 0.0000 -15.0
S 275574 3 0.0025 32.3 0.0000 0.0000 0.0000 -14.9
R 275574 0 0.6539 0.6918 0.0024 0.0000 -13.6 0.77 321 88.5 0.0000 0
R 275574 1 0.0525 0.0000 0.0150 0.0126 -13.9 0.96 569 60.9 0.0009 36
R 275574 2 0.0202 0.0000 0.0190 0.0133 -14.1 0.97 916 6.4 0.0012 115
R 275574 3 0.0239 0.0000 0.0374 0.0136 -14.9 0.25 853 0.0 0.0042 258
R 275574 4 0.0320 0.0006 0.0528 0.0216 -17.3 2.05 818 14.0 0.0328 207
R 275574 5 0.0214 0.0012 0.0374 0.0542 -26.9 2.77 1096 14.4 0.0270 192
E 276324 3 4 promote 0.0091 30.1 -14.9
R 276324 0 0.6539 0.6918 0.0024 0.0000 -13.6 0.77 321 89.3 0.0000 0
R 276324 1 0.0525 0.0000 0.0150 0.0126 -13.9 0.96 569 61.7 0.0009 36
R 276324 2 0.0202 0.0000 0.0190 0.0133 -14.1 0.97 916 7.1 0.0012 115
R 276324 3 0.0239 0.0000 0.0374 0.0136 -14.9 0.25 868 0.0 0.0042 258
R 276324 4 0.0320 0.0006 0.0528 0.0216 -17.3 2.05 818 14.8 0.0324 222
R 276324 5 0.0214 0.0012 0.0374 0.0542 -26.9 2.77 1096 15.1 0.0270 192
P 276324 4 pass 30.1 0.0000 2013 -14.9
S 276574 4 0.0296 28.3 0.0000 0.0000 0.0000 -19.5
S 277574 4 0.0191 31.1 0.0000 0.0000 0.0000 -19.4
S 278574 4 0.0107 29.2 0.0000 0.0831 0.0000 -18.9
S 279574 4 0.0259 19.8 0.0000 0.0238 0.0000 -16.6
S 280574 4 0.1341 18.3 0.0000 0.2870 0.0167 -15.6
E 281055 4 3 s3_residual 0.1912 19.6 -16.1
R 281055 0 0.6539 0.6918 0.0024 0.0000 -13.6 0.77 321 94.0 0.0000 0
R 281055 1 0.0525 0.0000 0.0150 0.0126 -13.9 0.96 569 66.4 0.0009 36
R 281055 2 0.0202 0.0000 0.0190 0.0133 -14.1 0.97 916 11.8 0.0012 115
R 281055 3 0.0239 0.0000 0.0374 0.0136 -14.9 0.25 868 4.7 0.0042 258
R 281055 4 0.0329 0.0005 0.0533 0.0322 -17.4 2.00 903 0.0 0.0324 222
R 281055 5 0.0214 0.0012 0.0374 0.0542 -26.9 2.77 1096 19.9 0.0270 192
S 281574 3 0.0586 23.0 0.0000 0.2339 0.0672 -14.5
E 281876 3 2 s3_residual 0.2505 22.5 -14.4
R 281876 0 0.6539 0.6918 0.0024 0.0000 -13.6 0.77 321 94.8 0.0000 0
R 281876 1 0.0525 0.0000 0.0150 0.0126 -13.9 0.96 569 67.2 0.0009 36
R 281876 2 0.0202 0.0000 0.0190 0.0133 -14.1 0.97 916 12.7 0.0012 115
R 281876 3 0.0242 0.0000 0.0401 0.0260 -14.9 0.26 879 0.0 0.0042 258
R 281876 4 0.0329 0.0005 0.0533 0.0322 -17.4 2.00 903 0.8 0.0324 222
R 281876 5 0.0214 0.0012 0.0374 0.0542 -26.9 2.77 1096 20.7 0.0270 192
S 282584 2 0.0177 24.1 0.0000 0.0000 0.0000 -13.6
S 283584 2 0.0105 29.6 0.0000 0.0364 0.0000 -14.2
S 284585 2 0.0101 33.7 0.0000 0.0475 0.0000 -14.0
S 285594 2 0.0122 33.3 0.0000 0.0178 0.0000 -14.2
R 285594 0 0.6539 0.6918 0.0024 0.0000 -13.6 0.77 321 98.5 0.0000 0
R 285594 1 0.0525 0.0000 0.0150 0.0126 -13.9 0.96 569 71.0 0.0009 36
R 285594 2 0.0197 0.0000 0.0192 0.0123 -14.1 0.94 983 0.0 0.0012 115
R 285594 3 0.0242 0.0000 0.0401 0.0260 -14.9 0.26 879 3.7 0.0042 258
R 285594 4 0.0329 0.0005 0.0533 0.0322 -17.4 2.00 903 4.5 0.0324 222
R 285594 5 0.0214 0.0012 0.0374 0.0542 -26.9 2.77 1096 24.4 0.0270 192
S 286594 2 0.0137 32.9 0.0000 0.0464 0.0000 -14.3
S 287594 2 0.0058 34.7 0.0000 0.0000 0.0000 -14.7
S 288595 2 0.0068 35.0 0.0000 0.0000 0.0000 -14.2
E 288953 2 3 promote 0.0256 32.7 -14.2
R 288953 0 0.6539 0.6918 0.0024 0.0000 -13.6 0.77 321 101.9 0.0000 0
R 288953 1 0.0525 0.0000 0.0150 0.0126 -13.9 0.96 569 74.3 0.0009 36
R 288953 2 0.0194 0.0000 0.0193 0.0119 -14.2 0.91 1044 0.0 0.0012 115
R 288953 3 0.0242 0.0000 0.0401 0.0260 -14.9 0.26 879 7.1 0.0049 294
R 288953 4 0.0329 0.0005 0.0533 0.0322 -17.4 2.00 903 7.9 0.0324 222
R 288953 5 0.0214 0.0012 0.0374 0.0542 -26.9 2.77 1096 27.8 0.0270 192
P 288953 3 pass 32.7 0.0000 2004 -14.2
S 289595 3 0.0143 34.5 0.0000 0.0200 0.0000 -14.9
S 290595 3 0.0247 35.1 0.0000 0.0459 0.0000 -15.0
S 291595 3 0.0048 35.4 0.0000 0.0275 0.0000 -14.9
S 292602 3 0.0260 34.2 0.0000 0.0000 0.0000 -14.9
S 293603 3 0.0200 35.7 0.0000 0.0150 0.0000 -15.0
S 294608 3 0.0214 34.9 0.0000 0.0000 0.0000 -15.0
