ctllog 1 ladder=0/100,1/100,2/50,3/50,4/25,5/25 down_util=0.35 up_util=0.15
S 8835 0 0.0000 nan 0.0000 0.0000 0.0000 nan
S 14953 0 0.0000 nan 0.0000 0.0000 0.0000 nan
S 15953 0 0.0000 nan 0.0000 0.0000 0.0000 nan
S 16962 0 0.0000 nan 0.0000 0.0000 0.0000 nan
S 17967 0 0.0000 nan 0.0000 0.0000 0.0000 nan
S 18970 0 0.0000 nan 0.0000 0.0000 0.0000 nan
S 19975 0 0.0000 nan 0.0000 0.0000 0.0000 nan
S 20983 0 0.0000 nan 0.0000 0.0000 0.0000 nan
S 21993 0 0.0000 nan 0.0000 0.0000 0.0000 nan
S 23001 0 0.0000 nan 0.0000 0.0000 0.0000 nan
S 24009 0 0.0000 nan 0.0000 0.0000 0.0000 nan
S 25009 0 0.0000 nan 0.0000 0.0000 0.0000 nan
S 26009 0 0.0000 nan 0.0000 0.0000 0.0000 nan
S 27016 0 0.0000 nan 0.0000 0.0000 0.0000 nan
S 28022 0 0.0000 nan 0.0000 0.0000 0.0000 nan
S 29028 0 0.0000 nan 0.0000 0.0000 0.0000 nan
S 30038 0 0.0000 nan 0.0000 0.0000 0.0000 nan
S 31043 0 0.0000 nan 0.0000 0.0000 0.0000 nan
S 32044 0 0.0000 nan 0.0000 0.0000 0.0000 nan
S 33049 0 0.0000 nan 0.0000 0.0000 0.0000 nan
S 34053 0 0.0000 nan 0.0000 0.0000 0.0000 nan
S 35055 0 0.0000 nan 0.0000 0.0000 0.0000 nan
S 36057 0 0.0000 nan 0.0000 0.0000 0.0000 nan
S 37059 0 0.0000 nan 0.0000 0.0000 0.0000 nan
S 38061 0 0.0000 nan 0.0000 0.0000 0.0000 nan
S 39064 0 0.0000 nan 0.0000 0.0000 0.0000 nan
S 40067 0 0.0000 nan 0.0000 0.0000 0.0000 nan
S 41072 0 0.0000 nan 0.0000 0.0000 0.0000 nan
S 42080 0 0.0000 nan 0.0000 0.0000 0.0000 nan
S 43089 0 0.0000 nan 0.0000 0.0000 0.0000 nan
S 44090 0 0.9107 33.1 0.0000 0.0000 0.0000 -14.2
S 45090 0 0.1964 35.0 0.0000 0.0930 0.0000 -14.7
R 45090 0 0.0049 0.0011 0.1377 0.0000 -13.5 0.16 21 0.0 0.0000 0
S 46091 0 0.2040 34.8 0.0000 0.1351 0.0000 -14.6
S 47091 0 0.1680 32.9 0.0000 0.4857 0.0000 -14.2
S 48092 0 0.2368 34.2 0.0000 0.1569 0.0000 -14.7
S 49094 0 0.0750 34.6 0.0000 0.1266 0.0000 -14.5
S 50094 0 0.1705 33.4 0.0000 0.1667 0.0000 -14.3
S 51096 0 0.0909 33.3 0.0000 0.2529 0.0000 -14.2
S 52096 0 0.1573 34.2 0.0000 0.1429 0.0000 -14.4
S 53097 0 0.2333 33.6 0.0000 0.5143 0.0000 -14.3
S 54098 0 0.1047 33.7 0.0000 0.0825 0.0000 -14.3
S 55099 0 0.2127 34.1 0.0000 0.2133 0.0000 -13.9
R 55099 0 0.0350 0.0009 0.1584 0.0000 -13.7 0.39 211 0.0 0.0000 0
S 56100 0 0.1875 33.5 0.0000 0.1573 0.0000 -14.4
S 57100 0 0.1489 34.2 0.0000 0.1111 0.0000 -14.3
S 58101 0 0.2695 34.4 0.0000 0.2000 0.0000 -14.4
S 59101 0 0.2586 33.3 0.0000 0.4179 0.0000 -14.1
S 60102 0 0.1750 34.0 0.0000 0.0417 0.0000 -14.3
S 61103 0 0.1417 32.1 0.0000 0.2778 0.0000 -14.3
S 62103 0 0.2455 35.1 0.0000 0.0851 0.0000 -15.0
S 63106 0 0.2930 33.8 0.0000 0.3095 0.0000 -14.2
S 64107 0 0.0574 37.0 0.0000 0.0611 0.0000 -14.9
S 65108 0 0.1773 33.8 0.0000 0.2927 0.0000 -14.3
R 65108 0 0.0622 0.0007 0.1602 0.0000 -13.8 0.48 396 0.0 0.0000 0
S 66111 0 0.2609 33.3 0.0000 0.4494 0.0000 -14.4
S 67112 0 0.0882 33.7 0.0000 0.0000 0.0000 -14.7
S 68113 0 0.0882 33.7 0.0000 0.0000 0.0000 -14.7
S 69116 0 0.0882 33.7 0.0000 0.0000 0.0000 -14.7
S 70117 0 0.0882 33.7 0.0000 0.0000 0.0000 -14.7
S 71119 0 0.0882 33.7 0.0000 0.0000 0.0000 -14.7
S 72119 0 0.0882 33.7 0.0000 0.0000 0.0000 -14.7
S 73126 0 0.0882 33.7 0.0000 0.0000 0.0000 -14.7
S 74128 0 0.0882 33.7 0.0000 0.0000 0.0000 -14.7
S 75137 0 0.0882 33.7 0.0000 0.0000 0.0000 -14.7
R 75137 0 0.0660 0.0007 0.1640 0.0000 -13.9 0.48 425 8.5 0.0000 0
S 76138 0 0.0882 33.7 0.0000 0.0000 0.0000 -14.7
S 77145 0 0.0882 33.7 0.0000 0.0000 0.0000 -14.7
S 78151 0 0.0882 33.7 0.0000 0.0000 0.0000 -14.7
S 79155 0 0.0882 33.7 0.0000 0.0000 0.0000 -14.7
S 80165 0 0.0882 33.7 0.0000 0.0000 0.0000 -14.7
S 81174 0 0.0882 33.7 0.0000 0.0000 0.0000 -14.7
S 82182 0 0.0882 33.7 0.0000 0.0000 0.0000 -14.7
S 83188 0 0.0882 33.7 0.0000 0.0000 0.0000 -14.7
S 84188 0 0.0882 33.7 0.0000 0.0000 0.0000 -14.7
S 85193 0 0.0882 33.7 0.0000 0.0000 0.0000 -14.7
R 85193 0 0.0660 0.0007 0.1640 0.0000 -13.9 0.48 425 18.6 0.0000 0
S 86199 0 0.0882 33.7 0.0000 0.0000 0.0000 -14.7
S 87206 0 0.0882 33.7 0.0000 0.0000 0.0000 -14.7
S 88211 0 0.0882 33.7 0.0000 0.0000 0.0000 -14.7
S 89221 0 0.0882 33.7 0.0000 0.0000 0.0000 -14.7
E 89380 0 1 promote 0.0000 33.5 -14.5
R 89380 0 0.0659 0.0007 0.1640 0.0000 -13.9 0.48 426 0.0 0.0000 0
E 89537 1 0 residual 0.0000 33.4 -14.2
R 89537 0 0.0659 0.0007 0.1640 0.0000 -13.9 0.48 426 0.2 0.0000 0
N 89537 1 1 99537
S 90222 0 0.1579 33.5 0.0000 0.4156 0.0000 -14.4
S 91222 0 0.1480 33.8 0.0000 0.1099 0.0000 -14.4
S 92223 0 0.0724 33.7 0.0000 0.0000 0.0000 -14.2
S 93223 0 0.0400 33.7 0.0000 0.0000 0.0000 -14.2
S 94223 0 0.0845 34.1 0.0000 0.0541 0.0000 -14.3
S 95223 0 0.0643 34.8 0.0000 0.0000 0.0000 -14.4
R 95223 0 0.0703 0.0006 0.1547 0.0000 -13.9 0.48 529 0.0 0.0000 0
S 96224 0 0.0532 34.1 0.0000 0.0000 0.0000 -14.4
S 97225 0 0.0882 34.1 0.0000 0.0000 0.0000 -14.3
S 98225 0 0.0700 34.3 0.0000 0.0000 0.0000 -14.2
S 99225 0 0.0435 34.7 0.0000 0.0000 0.0000 -14.3
S 100225 0 0.0216 33.9 0.0000 0.0000 0.0000 -14.2
S 101228 0 0.0408 33.9 0.0000 0.0000 0.0000 -14.1
E 101881 0 1 promote 0.0214 34.0 -14.2
R 101881 0 0.0677 0.0006 0.1416 0.0000 -14.0 0.47 645 0.0 0.0000 0
R 101881 1 0.0000 0.0000 0.0000 0.0000 nan nan 0 -1.0 0.0682 33
P 101881 1 pass 34.0 0.0000 2018 -14.2
S 102228 1 0.0275 34.7 0.0000 0.0000 0.0000 -14.4
S 103228 1 0.0335 34.0 0.0000 0.0235 0.0000 -14.4
S 104229 1 0.0109 34.6 0.0000 0.0000 0.0000 -14.6
S 105230 1 0.0276 33.8 0.0000 0.0248 0.0000 -15.0
R 105230 0 0.0677 0.0006 0.1416 0.0000 -14.0 0.47 645 3.3 0.0000 0
R 105230 1 0.0346 0.0000 0.0012 0.0000 -14.6 0.05 59 0.0 0.0682 33
S 106238 1 0.0677 33.9 0.0000 0.0000 0.0000 -14.7
S 107243 1 0.0114 34.4 0.0000 0.0000 0.0000 -14.3
S 108243 1 0.0157 32.8 0.0000 0.0000 0.0000 -14.3
E 108963 1 2 promote 0.0103 34.2 -14.4
R 108963 0 0.0677 0.0006 0.1416 0.0000 -14.0 0.47 645 7.1 0.0000 0
R 108963 1 0.0345 0.0000 0.0019 0.0000 -14.6 0.07 126 0.0 0.0682 33
R 108963 2 0.0000 0.0000 0.0000 0.0000 nan nan 0 -1.0 0.0173 37
P 108963 2 pass 34.2 0.0000 2030 -14.4
S 109243 2 0.0064 33.4 0.0000 0.0000 0.0000 -14.8
S 110243 2 0.0217 33.7 0.0000 0.0000 0.0000 -14.2
S 111243 2 0.0204 35.0 0.0000 0.0000 0.0000 -14.5
E 111657 2 1 residual 0.0219 33.1 -13.9
R 111657 0 0.0677 0.0006 0.1416 0.0000 -14.0 0.47 645 9.8 0.0000 0
R 111657 1 0.0345 0.0000 0.0019 0.0000 -14.6 0.07 126 2.7 0.0682 33
R 111657 2 0.0629 0.0012 0.0003 0.0000 -14.8 0.16 44 0.0 0.0173 37
N 111657 2 1 121657
E 111715 1 0 residual 0.0071 33.6 -14.1
R 111715 0 0.0677 0.0006 0.1416 0.0000 -14.0 0.47 645 9.8 0.0000 0
R 111715 1 0.0345 0.0000 0.0019 0.0000 -14.6 0.07 126 2.8 0.0682 33
R 111715 2 0.0629 0.0012 0.0003 0.0000 -14.8 0.16 44 0.1 0.0173 37
S 112244 0 0.0076 32.8 0.0000 0.0552 0.0000 -14.5
S 113250 0 0.0294 33.6 0.0000 0.1000 0.0000 -14.2
S 114252 0 0.0210 34.4 0.0000 0.0576 0.0000 -14.2
S 115253 0 0.0214 34.7 0.0000 0.0533 0.0000 -14.1
R 115253 0 0.0658 0.0005 0.1349 0.0000 -14.0 0.46 704 0.0 0.0000 0
R 115253 1 0.0345 0.0000 0.0019 0.0000 -14.6 0.07 126 6.3 0.0682 33
R 115253 2 0.0629 0.0012 0.0003 0.0000 -14.8 0.16 44 3.6 0.0173 37
S 116253 0 0.0324 33.9 0.0000 0.0559 0.0000 -14.3
S 117253 0 0.0766 33.9 0.0000 0.0000 0.0000 -14.2
S 118254 0 0.0517 34.3 0.0000 0.0000 0.0000 -14.3
E 118812 0 1 promote 0.0577 34.1 -13.8
R 118812 0 0.0646 0.0005 0.1328 0.0000 -14.0 0.45 765 0.0 0.0000 0
R 118812 1 0.0345 0.0000 0.0019 0.0000 -14.6 0.07 126 9.8 0.0666 69
R 118812 2 0.0629 0.0012 0.0003 0.0000 -14.8 0.16 44 7.2 0.0173 37
P 118812 1 pass 34.1 0.0000 2026 -13.8
S 119254 1 0.0213 35.2 0.0000 0.0000 0.0000 -14.6
S 120262 1 0.0095 33.3 0.0000 0.0000 0.0000 -14.5
S 121262 1 0.0449 33.3 0.0000 0.0345 0.0000 -14.2
S 122262 1 0.0051 33.7 0.0000 0.0000 0.0000 -14.0
S 123262 1 0.0201 33.3 0.0000 0.0000 0.0000 -14.0
S 124262 1 0.0244 34.5 0.0000 0.0000 0.0000 -14.1
S 125269 1 0.0143 33.6 0.0000 0.0000 0.0000 -14.0
R 125269 0 0.0646 0.0005 0.1328 0.0000 -14.0 0.45 765 6.5 0.0000 0
R 125269 1 0.0325 0.0000 0.0032 0.0000 -14.5 0.17 239 0.0 0.0666 69
R 125269 2 0.0629 0.0012 0.0003 0.0000 -14.8 0.16 44 13.6 0.0174 61
E 125907 1 2 promote 0.0443 33.0 -13.9
R 125907 0 0.0646 0.0005 0.1328 0.0000 -14.0 0.45 765 7.1 0.0000 0
R 125907 1 0.0323 0.0000 0.0032 0.0000 -14.5 0.18 252 0.0 0.0666 69
R 125907 2 0.0629 0.0012 0.0003 0.0000 -14.8 0.16 44 14.2 0.0172 74
P 125907 2 pass 33.0 0.0000 2025 -13.9
S 126269 2 0.0370 32.7 0.0000 0.0000 0.0000 -14.2
S 127269 2 0.0259 34.2 0.0000 0.0849 0.0000 -14.2
S 128270 2 0.0158 33.5 0.0000 0.0000 0.0000 -14.7
S 129271 2 0.0134 33.3 0.0000 0.0534 0.0000 -14.3
S 130271 2 0.0122 34.9 0.0000 0.0354 0.0000 -14.5
S 131272 2 0.0268 33.3 0.0000 0.0000 0.0000 -14.3
S 132272 2 0.0227 33.0 0.0000 0.0000 0.0000 -14.5
E 132999 2 3 promote 0.0127 33.1 -14.2
R 132999 0 0.0646 0.0005 0.1328 0.0000 -14.0 0.45 765 14.2 0.0000 0
R 132999 1 0.0323 0.0000 0.0032 0.0000 -14.5 0.18 252 7.1 0.0666 69
R 132999 2 0.0572 0.0010 0.0034 0.0000 -14.7 0.23 169 0.0 0.0172 74
R 132999 3 0.0000 0.0000 0.0000 0.0000 nan nan 0 -1.0 0.0002 37
P 132999 3 pass 33.1 0.0108 2039 -14.2
S 133272 3 0.0039 34.4 0.0000 0.0000 0.0000 -14.9
S 134272 3 0.0280 34.8 0.0000 0.0384 0.0000 -15.0
S 135272 3 0.0204 34.3 0.0000 0.0100 0.0000 -15.0
R 135272 0 0.0646 0.0005 0.1328 0.0000 -14.0 0.45 765 16.5 0.0000 0
R 135272 1 0.0323 0.0000 0.0032 0.0000 -14.5 0.18 252 9.4 0.0666 69
R 135272 2 0.0572 0.0010 0.0034 0.0000 -14.7 0.23 169 2.3 0.0172 74
R 135272 3 0.0048 0.0000 0.0010 0.0000 -14.9 0.02 38 0.0 0.0002 37
S 136272 3 0.0056 34.9 0.0000 0.0434 0.0000 -15.1
S 137272 3 0.0520 34.4 0.0000 0.0545 0.0000 -15.0
S 138273 3 0.0118 34.1 0.0000 0.0000 0.0000 -15.0
S 139273 3 0.0050 34.6 0.0000 0.0000 0.0000 -15.0
E 140098 3 4 promote 0.0086 34.8 -15.0
R 140098 0 0.0646 0.0005 0.1328 0.0000 -14.0 0.45 765 21.3 0.0000 0
R 140098 1 0.0323 0.0000 0.0032 0.0000 -14.5 0.18 252 14.2 0.0666 69
R 140098 2 0.0572 0.0010 0.0034 0.0000 -14.7 0.23 169 7.1 0.0172 74
R 140098 3 0.0059 0.0000 0.0026 0.0000 -14.9 0.03 125 0.0 0.0002 37
R 140098 4 0.0000 0.0000 0.0000 0.0000 nan nan 0 -1.0 0.0131 37
P 140098 4 pass 34.8 0.0320 2026 -15.0
S 140274 4 0.0000 33.9 0.0000 0.0000 0.0000 -20.3
S 141278 4 0.0247 34.8 0.0000 0.0000 0.0000 -20.3
S 142278 4 0.0176 33.5 0.0000 0.0222 0.0000 -20.4
S 143282 4 0.0115 34.0 0.0000 0.0169 0.0000 -20.0
S 144283 4 0.0104 34.1 0.0000 0.0191 0.0000 -20.7
S 145283 4 0.0152 33.2 0.0000 0.0000 0.0000 -20.2
R 145283 0 0.0646 0.0005 0.1328 0.0000 -14.0 0.45 765 26.5 0.0000 0
R 145283 1 0.0323 0.0000 0.0032 0.0000 -14.5 0.18 252 19.4 0.0666 69
R 145283 2 0.0572 0.0010 0.0034 0.0000 -14.7 0.23 169 12.3 0.0172 74
R 145283 3 0.0059 0.0000 0.0026 0.0000 -14.9 0.03 125 5.2 0.0002 37
R 145283 4 0.0014 0.0000 0.0302 0.0000 -20.2 0.06 92 0.1 0.0131 37
S 146283 4 0.0245 33.0 0.0000 0.0000 0.0135 -20.1
E 147203 4 5 promote 0.0179 33.7 -20.0
R 147203 0 0.0646 0.0005 0.1328 0.0000 -14.0 0.45 765 28.4 0.0000 0
R 147203 1 0.0323 0.0000 0.0032 0.0000 -14.5 0.18 252 21.3 0.0666 69
R 147203 2 0.0572 0.0010 0.0034 0.0000 -14.7 0.23 169 14.2 0.0172 74
R 147203 3 0.0059 0.0000 0.0026 0.0000 -14.9 0.03 125 7.1 0.0002 37
R 147203 4 0.0019 0.0000 0.0302 0.0000 -20.2 0.08 126 0.0 0.0131 37
R 147203 5 0.0000 0.0000 0.0000 0.0000 nan nan 0 -1.0 0.0007 37
P 147203 5 pass 33.7 0.0122 2034 -20.0
S 147285 5 0.0177 34.4 0.0000 0.0000 0.0000 -24.8
S 148286 5 0.0181 33.3 0.0000 0.0000 0.0000 -28.6
S 149287 5 0.0183 33.0 0.0000 0.0000 0.0000 -29.2
S 150289 5 0.0119 33.4 0.0000 0.0000 0.0000 -29.1
S 151290 5 0.0215 33.5 0.0000 0.0204 0.0000 -28.7
S 152291 5 0.0189 32.7 0.0000 0.0334 0.0000 -29.2
S 153292 5 0.0247 33.2 0.0000 0.0000 0.0000 -29.0
S 154293 5 0.0231 34.7 0.0000 0.0000 0.0000 -29.4
S 155293 5 0.0071 34.3 0.0000 0.0000 0.0000 -29.1
R 155293 0 0.0646 0.0005 0.1328 0.0000 -14.0 0.45 765 36.5 0.0000 0
R 155293 1 0.0323 0.0000 0.0032 0.0000 -14.5 0.18 252 29.4 0.0666 69
R 155293 2 0.0572 0.0010 0.0034 0.0000 -14.7 0.23 169 22.3 0.0172 74
R 155293 3 0.0059 0.0000 0.0026 0.0000 -14.9 0.03 125 15.2 0.0002 37
R 155293 4 0.0019 0.0000 0.0302 0.0000 -20.2 0.08 126 8.1 0.0131 37
R 155293 5 0.0175 0.0000 0.0017 0.0000 -28.7 0.15 148 0.0 0.0007 37
S 156294 5 0.0240 33.4 0.0000 0.0000 0.0000 -29.4
S 157296 5 0.0055 34.5 0.0000 0.0000 0.0000 -28.7
S 158297 5 0.0242 34.0 0.0000 0.0000 0.0000 -28.4
S 159297 5 0.0052 34.2 0.0000 0.0346 0.0000 -28.3
S 160297 5 0.0000 32.5 0.0000 0.0239 0.0000 -27.8
S 161299 5 0.0241 32.5 0.0000 0.0377 0.0000 -28.5
S 162300 5 0.0078 26.7 0.0000 0.0000 0.0000 -25.5
S 163300 5 0.0107 25.7 0.0000 0.0000 0.0000 -24.9
S 164303 5 0.0214 30.7 0.0000 0.0000 0.0000 -27.7
S 165305 5 0.0134 31.7 0.0000 0.0000 0.0000 -27.9
R 165305 0 0.0646 0.0005 0.1328 0.0000 -14.0 0.45 765 46.5 0.0000 0
R 165305 1 0.0323 0.0000 0.0032 0.0000 -14.5 0.18 252 39.4 0.0666 69
R 165305 2 0.0572 0.0010 0.0034 0.0000 -14.7 0.23 169 32.3 0.0172 74
R 165305 3 0.0059 0.0000 0.0026 0.0000 -14.9 0.03 125 25.2 0.0002 37
R 165305 4 0.0019 0.0000 0.0302 0.0000 -20.2 0.08 126 18.1 0.0131 37
R 165305 5 0.0168 0.0000 0.0050 0.0000 -28.5 0.87 341 0.0 0.0007 37
S 166305 5 0.0110 32.4 0.0000 0.0000 0.0000 -28.8
S 167305 5 0.0025 33.6 0.0000 0.0000 0.0000 -28.6
S 168306 5 0.0174 32.4 0.0000 0.0000 0.0000 -27.9
S 169308 5 0.0408 33.0 0.0000 0.0000 0.0000 -28.2
S 170311 5 0.0185 33.1 0.0000 0.0495 0.0000 -27.8
S 171312 5 0.0208 31.3 0.0000 0.0000 0.0000 -27.3
S 172313 5 0.0166 30.5 0.0000 0.0000 0.0000 -27.4
S 173314 5 0.0292 31.8 0.0000 0.0000 0.0000 -28.3
S 174318 5 0.0275 31.8 0.0000 0.0336 0.0000 -27.8
S 175328 5 0.0053 29.7 0.0000 0.0255 0.0000 -26.8
R 175328 0 0.0646 0.0005 0.1328 0.0000 -14.0 0.45 765 56.5 0.0000 0
R 175328 1 0.0323 0.0000 0.0032 0.0000 -14.5 0.18 252 49.4 0.0666 69
R 175328 2 0.0572 0.0010 0.0034 0.0000 -14.7 0.23 169 42.3 0.0172 74
R 175328 3 0.0059 0.0000 0.0026 0.0000 -14.9 0.03 125 35.2 0.0002 37
R 175328 4 0.0019 0.0000 0.0302 0.0000 -20.2 0.08 126 28.1 0.0131 37
R 175328 5 0.0169 0.0000 0.0063 0.0000 -28.3 0.88 530 0.0 0.0007 37
S 176329 5 0.0132 29.9 0.0000 0.0000 0.0000 -26.5
S 177333 5 0.0208 27.8 0.0000 0.0168 0.0000 -26.1
S 178335 5 0.0129 23.1 0.0000 0.0231 0.0000 -22.3
E 179164 5 4 residual 0.0991 18.7 -20.3
R 179164 0 0.0646 0.0005 0.1328 0.0000 -14.0 0.45 765 60.4 0.0000 0
R 179164 1 0.0323 0.0000 0.0032 0.0000 -14.5 0.18 252 53.3 0.0666 69
R 179164 2 0.0572 0.0010 0.0034 0.0000 -14.7 0.23 169 46.2 0.0172 74
R 179164 3 0.0059 0.0000 0.0026 0.0000 -14.9 0.03 125 39.1 0.0002 37
R 179164 4 0.0019 0.0000 0.0302 0.0000 -20.2 0.08 126 32.0 0.0131 37
R 179164 5 0.0171 0.0012 0.0068 0.0000 -28.1 1.38 603 0.0 0.0007 37
S 179336 4 0.1845 24.2 0.0000 0.0000 0.0000 -18.1
E 179803 4 3 s3_util 1.2224 23.2 -18.2
R 179803 0 0.0646 0.0005 0.1328 0.0000 -14.0 0.45 765 61.0 0.0000 0
R 179803 1 0.0323 0.0000 0.0032 0.0000 -14.5 0.18 252 53.9 0.0666 69
R 179803 2 0.0572 0.0010 0.0034 0.0000 -14.7 0.23 169 46.8 0.0172 74
R 179803 3 0.0059 0.0000 0.0026 0.0000 -14.9 0.03 125 39.7 0.0002 37
R 179803 4 0.0050 0.0000 0.0377 0.0069 -20.2 0.15 133 0.0 0.0131 37
R 179803 5 0.0171 0.0012 0.0068 0.0000 -28.1 1.38 603 0.6 0.0007 37
S 180336 3 0.0144 29.9 0.0000 0.0000 0.0000 -14.9
S 181336 3 0.0085 25.1 0.0000 0.0227 0.0000 -14.9
S 182338 3 0.0136 23.9 0.0000 0.0478 0.0000 -14.8
S 183338 3 0.0046 23.1 0.0000 0.0395 0.0000 -14.5
S 184341 3 0.0027 17.4 0.0000 0.0516 0.0000 -14.2
S 185343 3 0.0047 20.1 0.0000 0.0000 0.0000 -14.4
R 185343 0 0.0646 0.0005 0.1328 0.0000 -14.0 0.45 765 66.5 0.0000 0
R 185343 1 0.0323 0.0000 0.0032 0.0000 -14.5 0.18 252 59.4 0.0666 69
R 185343 2 0.0572 0.0010 0.0034 0.0000 -14.7 0.23 169 52.3 0.0172 74
R 185343 3 0.0064 0.0000 0.0054 0.0021 -14.9 0.08 223 0.0 0.0002 37
R 185343 4 0.0050 0.0000 0.0377 0.0069 -20.2 0.15 133 5.5 0.0131 43
R 185343 5 0.0171 0.0012 0.0068 0.0000 -28.1 1.38 603 6.2 0.0007 37
P 186015 4 fail 22.6 0.3134 1088 -14.7
N 186015 4 1 196015
S 186344 3 0.0101 18.7 0.0000 0.5009 0.1557 -14.2
E 186579 3 2 s3_util 0.2679 18.3 -14.1
R 186579 0 0.0646 0.0005 0.1328 0.0000 -14.0 0.45 765 67.8 0.0000 0
R 186579 1 0.0323 0.0000 0.0032 0.0000 -14.5 0.18 252 60.7 0.0666 69
R 186579 2 0.0572 0.0010 0.0034 0.0000 -14.7 0.23 169 53.6 0.0172 74
R 186579 3 0.0068 0.0000 0.0079 0.0090 -14.9 0.13 242 0.0 0.0002 37
R 186579 4 0.0050 0.0000 0.0377 0.0069 -20.2 0.15 133 6.8 0.0145 56
R 186579 5 0.0171 0.0012 0.0068 0.0000 -28.1 1.38 603 7.4 0.0007 37
S 187344 2 0.0347 15.4 0.0000 0.0256 0.0000 -11.9
S 188344 2 0.0163 21.1 0.0000 0.0155 0.0000 -13.5
S 189344 2 0.0262 20.9 0.0000 0.0283 0.0000 -13.3
S 190347 2 0.0216 14.5 0.0000 0.0000 0.0000 -12.0
S 191348 2 0.0123 17.7 0.0000 0.0000 0.0000 -12.5
S 192348 2 0.0253 20.9 0.0000 0.0000 0.0000 -13.5
P 192749 3 fail 17.1 0.2219 1086 -12.5
N 192749 3 1 202749
S 193349 2 0.0244 16.7 0.0000 0.0295 0.0000 -12.7
S 194349 2 0.0128 23.4 0.0000 0.0000 0.0000 -13.6
S 195351 2 0.0182 19.0 0.0000 0.0160 0.0000 -13.1
R 195351 0 0.0646 0.0005 0.1328 0.0000 -14.0 0.45 765 76.5 0.0000 0
R 195351 1 0.0323 0.0000 0.0032 0.0000 -14.5 0.18 252 69.4 0.0666 69
R 195351 2 0.0513 0.0008 0.0064 0.0044 -14.4 0.74 325 0.0 0.0172 74
R 195351 3 0.0068 0.0000 0.0079 0.0090 -14.9 0.13 242 8.8 0.0028 56
R 195351 4 0.0050 0.0000 0.0377 0.0069 -20.2 0.15 133 15.5 0.0145 56
R 195351 5 0.0171 0.0012 0.0068 0.0000 -28.1 1.38 603 16.2 0.0007 37
S 196352 2 0.0194 23.6 0.0000 0.0776 0.0000 -13.9
S 197354 2 0.0128 23.6 0.0000 0.0452 0.0000 -13.6
S 198364 2 0.0211 25.7 0.0000 0.0269 0.0000 -14.3
S 199367 2 0.0109 30.8 0.0000 0.0575 0.0000 -13.9
S 200372 2 0.0053 33.5 0.0000 0.0414 0.0000 -14.1
S 201372 2 0.0064 30.7 0.0000 0.0000 0.0000 -14.3
S 202372 2 0.0122 27.2 0.0000 0.0258 0.0000 -14.2
S 203372 2 0.0125 25.7 0.0000 0.0000 0.0000 -14.0
S 204372 2 0.0254 31.4 0.0000 0.0000 0.0000 -14.2
E 204783 2 3 promote 0.0276 25.0 -14.1
R 204783 0 0.0646 0.0005 0.1328 0.0000 -14.0 0.45 765 86.0 0.0000 0
R 204783 1 0.0323 0.0000 0.0032 0.0000 -14.5 0.18 252 78.9 0.0666 69
R 204783 2 0.0446 0.0007 0.0107 0.0037 -14.3 0.71 504 0.0 0.0172 74
R 204783 3 0.0068 0.0000 0.0079 0.0090 -14.9 0.13 242 18.2 0.0029 93
R 204783 4 0.0050 0.0000 0.0377 0.0069 -20.2 0.15 133 25.0 0.0145 56
R 204783 5 0.0171 0.0012 0.0068 0.0000 -28.1 1.38 603 25.6 0.0007 37
P 204783 3 pass 25.0 0.0085 2005 -14.1
S 205372 3 0.0000 28.7 0.0000 0.0000 0.0000 -15.0
R 205372 0 0.0646 0.0005 0.1328 0.0000 -14.0 0.45 765 86.6 0.0000 0
R 205372 1 0.0323 0.0000 0.0032 0.0000 -14.5 0.18 252 79.5 0.0666 69
R 205372 2 0.0446 0.0007 0.0107 0.0037 -14.3 0.71 504 0.6 0.0172 74
R 205372 3 0.0068 0.0000 0.0080 0.0089 -14.9 0.13 248 0.0 0.0029 93
R 205372 4 0.0050 0.0000 0.0377 0.0069 -20.2 0.15 133 25.6 0.0145 56
R 205372 5 0.0171 0.0012 0.0068 0.0000 -28.1 1.38 603 26.2 0.0007 37
S 206377 3 0.0075 28.1 0.0000 0.0392 0.0000 -15.0
S 207377 3 0.0081 29.9 0.0000 0.0517 0.0000 -14.9
S 208378 3 0.0097 29.2 0.0000 0.0178 0.0000 -14.8
S 209388 3 0.0106 29.8 0.0000 0.0237 0.0000 -14.8
S 210389 3 0.0230 32.2 0.0000 0.0000 0.0000 -14.7
S 211390 3 0.0086 33.4 0.0000 0.0000 0.0000 -14.9
E 211919 3 4 promote 0.0170 34.2 -14.9
R 211919 0 0.0646 0.0005 0.1328 0.0000 -14.0 0.45 765 93.1 0.0000 0
R 211919 1 0.0323 0.0000 0.0032 0.0000 -14.5 0.18 252 86.0 0.0666 69
R 211919 2 0.0446 0.0007 0.0107 0.0037 -14.3 0.71 504 7.1 0.0172 74
R 211919 3 0.0076 0.0000 0.0098 0.0080 -14.9 0.12 372 0.0 0.0029 93
R 211919 4 0.0050 0.0000 0.0377 0.0069 -20.2 0.15 133 32.1 0.0144 94
R 211919 5 0.0171 0.0012 0.0068 0.0000 -28.1 1.38 603 32.8 0.0007 37
P 211919 4 pass 34.2 0.0000 2052 -14.9
S 212391 4 0.0273 33.7 0.0000 0.0398 0.0000 -14.9
S 213391 4 0.0165 32.4 0.0000 0.0369 0.0000 -19.6
S 214391 4 0.0050 32.1 0.0000 0.0226 0.0000 -19.6
S 215395 4 0.0054 28.3 0.0000 0.0315 0.0000 -19.1
R 215395 0 0.0646 0.0005 0.1328 0.0000 -14.0 0.45 765 96.6 0.0000 0
R 215395 1 0.0323 0.0000 0.0032 0.0000 -14.5 0.18 252 89.5 0.0666 69
R 215395 2 0.0446 0.0007 0.0107 0.0037 -14.3 0.71 504 10.6 0.0172 74
R 215395 3 0.0076 0.0000 0.0098 0.0080 -14.9 0.12 372 3.5 0.0029 93
R 215395 4 0.0061 0.0000 0.0369 0.0064 -20.1 0.44 195 0.0 0.0144 94
R 215395 5 0.0171 0.0012 0.0068 0.0000 -28.1 1.38 603 36.2 0.0007 37
S 216397 4 0.0201 23.2 0.0000 0.0152 0.0000 -17.3
S 217400 4 0.0308 20.6 0.0000 0.0000 0.0000 -17.0
P 217755 5 fail 17.8 1.9615 777 -16.1
N 217755 5 1 227755
E 218327 4 3 s3_util 2.5104 19.0 -15.9
R 218327 0 0.0646 0.0005 0.1328 0.0000 -14.0 0.45 765 99.5 0.0000 0
R 218327 1 0.0323 0.0000 0.0032 0.0000 -14.5 0.18 252 92.4 0.0666 69
R 218327 2 0.0446 0.0007 0.0107 0.0037 -14.3 0.71 504 13.5 0.0172 74
R 218327 3 0.0076 0.0000 0.0098 0.0080 -14.9 0.12 372 6.4 0.0029 93
R 218327 4 0.0077 0.0000 0.0575 0.0131 -20.0 0.82 242 0.0 0.0144 94
R 218327 5 0.0171 0.0012 0.0068 0.0000 -28.1 1.38 603 39.2 0.0033 50
S 218400 3 0.1200 18.7 0.0000 0.0000 0.4160 -15.9
E 219028 3 2 s3_util 0.2373 20.9 -14.4
R 219028 0 0.0646 0.0005 0.1328 0.0000 -14.0 0.45 765 100.2 0.0000 0
R 219028 1 0.0323 0.0000 0.0032 0.0000 -14.5 0.18 252 93.1 0.0666 69
R 219028 2 0.0446 0.0007 0.0107 0.0037 -14.3 0.71 504 14.2 0.0172 74
R 219028 3 0.0080 0.0000 0.0131 0.0183 -14.9 0.14 381 0.0 0.0029 93
R 219028 4 0.0077 0.0000 0.0575 0.0131 -20.0 0.82 242 0.7 0.0144 94
R 219028 5 0.0171 0.0012 0.0068 0.0000 -28.1 1.38 603 39.9 0.0033 50
S 219400 2 0.0150 18.3 0.0000 0.0000 0.0000 -12.8
S 220400 2 0.0341 22.0 0.0000 0.0000 0.0000 -13.4
S 221403 2 0.0195 25.0 0.0000 0.0685 0.0000 -13.7
S 222405 2 0.0135 31.3 0.0000 0.0000 0.0000 -14.2
S 223410 2 0.0168 31.3 0.0000 0.0000 0.0000 -14.2
S 224410 2 0.0223 32.5 0.0000 0.0000 0.0000 -14.0
S 225413 2 0.0138 33.4 0.0000 0.0000 0.0000 -14.1
R 225413 0 0.0646 0.0005 0.1328 0.0000 -14.0 0.45 765 106.6 0.0000 0
R 225413 1 0.0323 0.0000 0.0032 0.0000 -14.5 0.18 252 99.5 0.0666 69
R 225413 2 0.0414 0.0006 0.0116 0.0033 -14.3 0.71 617 0.0 0.0172 74
R 225413 3 0.0080 0.0000 0.0131 0.0183 -14.9 0.14 381 6.4 0.0034 115
R 225413 4 0.0077 0.0000 0.0575 0.0131 -20.0 0.82 242 7.1 0.0144 94
R 225413 5 0.0171 0.0012 0.0068 0.0000 -28.1 1.38 603 46.2 0.0033 50
E 226116 2 3 promote 0.0147 32.8 -14.1
R 226116 0 0.0646 0.0005 0.1328 0.0000 -14.0 0.45 765 107.3 0.0000 0
R 226116 1 0.0323 0.0000 0.0032 0.0000 -14.5 0.18 252 100.2 0.0666 69
R 226116 2 0.0411 0.0006 0.0116 0.0033 -14.3 0.71 631 0.0 0.0172 74
R 226116 3 0.0080 0.0000 0.0131 0.0183 -14.9 0.14 381 7.1 0.0037 129
R 226116 4 0.0077 0.0000 0.0575 0.0131 -20.0 0.82 242 7.8 0.0144 94
R 226116 5 0.0171 0.0012 0.0068 0.0000 -28.1 1.38 603 47.0 0.0033 50
P 226116 3 pass 32.8 0.0000 2017 -14.1
S 226413 3 0.0076 33.8 0.0000 0.0000 0.0000 -15.0
S 227414 3 0.0020 32.5 0.0000 0.0188 0.0000 -14.9
S 228419 3 0.0112 30.7 0.0000 0.0169 0.0000 -15.0
S 229419 3 0.0123 29.2 0.0000 0.0240 0.0000 -15.0
S 230419 3 0.0050 30.4 0.0000 0.0000 0.0000 -14.9
S 231419 3 0.0075 24.0 0.0000 0.0000 0.0000 -14.6
S 232424 3 0.0103 17.9 0.0000 0.0000 0.0000 -13.8
P 232456 4 fail 19.0 0.2937 1284 -14.0
N 232456 4 1 242456
S 233426 3 0.0110 21.9 0.0000 0.0510 0.0000 -14.3
S 234426 3 0.0134 21.9 0.0000 0.0492 0.0000 -14.5
S 235430 3 0.0171 20.6 0.0000 0.0000 0.0000 -14.2
R 235430 0 0.0646 0.0005 0.1328 0.0000 -14.0 0.45 765 116.6 0.0000 0
R 235430 1 0.0323 0.0000 0.0032 0.0000 -14.5 0.18 252 109.5 0.0666 69
R 235430 2 0.0411 0.0006 0.0116 0.0033 -14.3 0.71 631 9.3 0.0172 74
R 235430 3 0.0085 0.0000 0.0148 0.0155 -14.8 0.22 547 0.0 0.0037 129
R 235430 4 0.0077 0.0000 0.0575 0.0131 -20.0 0.82 242 17.1 0.0156 116
R 235430 5 0.0171 0.0012 0.0068 0.0000 -28.1 1.38 603 56.3 0.0033 50
S 236431 3 0.0312 19.2 0.0000 0.1002 0.0000 -14.1
S 237431 3 0.0070 27.3 0.0000 0.0138 0.0000 -14.9
S 238431 3 0.0132 23.6 0.0000 0.0000 0.0000 -14.7
S 239431 3 0.0171 23.6 0.0000 0.0197 0.0000 -14.7
S 240431 3 0.0621 21.5 0.0000 0.0651 0.0000 -14.6
S 241432 3 0.0185 19.2 0.0000 0.0407 0.0000 -14.3
S 242439 3 0.0482 20.6 0.0000 0.0193 0.0000 -14.4
E 242796 3 2 residual 0.1142 16.5 -13.8
R 242796 0 0.0646 0.0005 0.1328 0.0000 -14.0 0.45 765 124.0 0.0000 0
R 242796 1 0.0323 0.0000 0.0032 0.0000 -14.5 0.18 252 116.9 0.0666 69
R 242796 2 0.0411 0.0006 0.0116 0.0033 -14.3 0.71 631 16.7 0.0172 74
R 242796 3 0.0110 0.0012 0.0167 0.0132 -14.8 0.26 686 0.0 0.0037 129
R 242796 4 0.0077 0.0000 0.0575 0.0131 -20.0 0.82 242 24.5 0.0156 117
R 242796 5 0.0171 0.0012 0.0068 0.0000 -28.1 1.38 603 63.6 0.0033 50
P 242796 4 abort 16.5 0.0000 307 -13.8
E 242956 2 1 residual 0.2171 15.0 -11.9
R 242956 0 0.0646 0.0005 0.1328 0.0000 -14.0 0.45 765 124.1 0.0000 0
R 242956 1 0.0323 0.0000 0.0032 0.0000 -14.5 0.18 252 117.0 0.0666 69
R 242956 2 0.0411 0.0006 0.0116 0.0033 -14.3 0.71 631 16.8 0.0172 74
R 242956 3 0.0110 0.0012 0.0167 0.0132 -14.8 0.26 686 0.2 0.0037 129
R 242956 4 0.0077 0.0000 0.0575 0.0131 -20.0 0.82 242 24.6 0.0156 117
R 242956 5 0.0171 0.0012 0.0068 0.0000 -28.1 1.38 603 63.8 0.0033 50
S 243439 1 0.2890 13.4 0.0000 0.3631 0.2415 -11.6
E 243661 1 0 s3_util 0.9386 14.0 -11.7
R 243661 0 0.0646 0.0005 0.1328 0.0000 -14.0 0.45 765 124.8 0.0000 0
R 243661 1 0.0342 0.0000 0.0072 0.0058 -14.5 0.38 258 0.0 0.0666 69
R 243661 2 0.0411 0.0006 0.0116 0.0033 -14.3 0.71 631 17.5 0.0172 74
R 243661 3 0.0110 0.0012 0.0167 0.0132 -14.8 0.26 686 0.9 0.0037 129
R 243661 4 0.0077 0.0000 0.0575 0.0131 -20.0 0.82 242 25.3 0.0156 117
R 243661 5 0.0171 0.0012 0.0068 0.0000 -28.1 1.38 603 64.5 0.0033 50
S 244439 0 0.0507 13.7 0.0000 0.0909 0.0000 -10.8
S 245444 0 0.0423 2.2 0.0000 0.0000 0.0000 -6.5
R 245444 0 0.0638 0.0005 0.1335 0.0034 -13.8 0.98 792 0.0 0.0000 0
R 245444 1 0.0342 0.0000 0.0072 0.0058 -14.5 0.38 258 1.8 0.0666 69
R 245444 2 0.0411 0.0006 0.0116 0.0033 -14.3 0.71 631 19.3 0.0172 74
R 245444 3 0.0110 0.0012 0.0167 0.0132 -14.8 0.26 686 2.6 0.0037 129
R 245444 4 0.0077 0.0000 0.0575 0.0131 -20.0 0.82 242 27.1 0.0156 117
R 245444 5 0.0171 0.0012 0.0068 0.0000 -28.1 1.38 603 66.3 0.0033 50
S 246446 0 0.0000 13.1 0.0000 0.0000 0.0000 -9.7
S 247452 0 0.0000 12.0 0.0000 0.0000 0.0000 -8.8
S 248453 0 0.0000 12.4 0.0000 0.0000 0.0000 -10.0
E 248964 0 1 promote 0.0000 12.6 -9.0
R 248964 0 0.0593 0.0004 0.1335 0.0034 -13.5 1.59 858 0.0 0.0000 0
R 248964 1 0.0342 0.0000 0.0072 0.0058 -14.5 0.38 258 5.3 0.0666 69
R 248964 2 0.0411 0.0006 0.0116 0.0033 -14.3 0.71 631 22.8 0.0172 74
R 248964 3 0.0110 0.0012 0.0167 0.0132 -14.8 0.26 686 6.2 0.0037 129
R 248964 4 0.0077 0.0000 0.0575 0.0131 -20.0 0.82 242 30.6 0.0156 117
R 248964 5 0.0171 0.0012 0.0068 0.0000 -28.1 1.38 603 69.8 0.0033 50
S 249453 1 0.0076 10.8 0.0000 0.0396 0.0000 -9.4
S 250457 1 0.0174 13.2 0.0000 0.0157 0.0000 -10.1
S 251457 1 0.0135 12.1 0.0000 0.0292 0.0000 -9.8
S 252457 1 0.0209 12.1 0.0000 0.0000 0.0000 -9.4
S 253458 1 0.0479 12.2 0.0000 0.0161 0.0000 -9.3
S 254458 1 0.0188 12.2 0.0000 0.0000 0.0000 -10.2
P 255156 2 fail 13.3 0.2260 1089 -9.8
N 255156 2 1 265156
S 255459 1 0.0453 11.0 0.0000 0.0000 0.0000 -9.2
R 255459 0 0.0593 0.0004 0.1335 0.0034 -13.5 1.59 858 6.5 0.0000 0
R 255459 1 0.0328 0.0000 0.0079 0.0052 -13.9 1.61 367 0.3 0.0666 69
R 255459 2 0.0411 0.0006 0.0116 0.0033 -14.3 0.71 631 29.3 0.0179 93
R 255459 3 0.0110 0.0012 0.0167 0.0132 -14.8 0.26 686 12.7 0.0037 129
R 255459 4 0.0077 0.0000 0.0575 0.0131 -20.0 0.82 242 37.1 0.0156 117
R 255459 5 0.0171 0.0012 0.0068 0.0000 -28.1 1.38 603 76.3 0.0033 50
E 256303 1 0 s3_util 0.7200 14.0 -10.2
R 256303 0 0.0593 0.0004 0.1335 0.0034 -13.5 1.59 858 7.3 0.0000 0
R 256303 1 0.0326 0.0000 0.0126 0.0131 -13.8 1.67 384 0.0 0.0666 69
R 256303 2 0.0411 0.0006 0.0116 0.0033 -14.3 0.71 631 30.2 0.0179 93
R 256303 3 0.0110 0.0012 0.0167 0.0132 -14.8 0.26 686 13.5 0.0037 129
R 256303 4 0.0077 0.0000 0.0575 0.0131 -20.0 0.82 242 38.0 0.0156 117
R 256303 5 0.0171 0.0012 0.0068 0.0000 -28.1 1.38 603 77.1 0.0033 50
S 256459 0 0.0057 12.2 0.0000 0.0000 0.3423 -9.8
S 257459 0 0.0647 12.1 0.0000 0.0421 0.0000 -9.3
S 258459 0 0.0469 14.4 0.0000 0.0000 0.0000 -9.5
S 259464 0 0.0395 12.4 0.0000 0.0000 0.0000 -9.9
S 260464 0 0.0373 12.1 0.0000 0.0146 0.0000 -9.8
S 261464 0 0.0189 11.0 0.0000 0.0000 0.0000 -10.0
P 262449 1 abort 7.3 0.0000 1071 -7.4
S 262466 0 0.0411 7.3 0.0000 0.0000 0.0000 -7.4
S 263477 0 0.0411 7.3 0.0000 0.0000 0.0000 -7.4
S 264485 0 0.0411 7.3 0.0000 0.0000 0.0000 -7.4
S 265489 0 0.0411 7.3 0.0000 0.0000 0.0000 -7.4
R 265489 0 0.0569 0.0015 0.1236 0.0072 -13.1 1.98 954 3.4 0.0000 0
R 265489 1 0.0326 0.0000 0.0126 0.0131 -13.8 1.67 384 9.2 0.0663 76
R 265489 2 0.0411 0.0006 0.0116 0.0033 -14.3 0.71 631 39.4 0.0179 93
R 265489 3 0.0110 0.0012 0.0167 0.0132 -14.8 0.26 686 22.7 0.0037 129
R 265489 4 0.0077 0.0000 0.0575 0.0131 -20.0 0.82 242 47.2 0.0156 117
R 265489 5 0.0171 0.0012 0.0068 0.0000 -28.1 1.38 603 86.3 0.0033 50
S 266500 0 0.0411 7.3 0.0000 0.0000 0.9789 -7.4
S 267513 0 1.4880 7.3 0.0000 0.0000 0.9902 -7.4
S 268524 0 1.4880 7.3 0.0000 0.0000 0.0000 -7.4
S 269538 0 1.4964 5.7 0.0000 0.0000 0.9015 -7.2
S 270548 0 1.3364 4.2 0.0000 0.0000 0.9513 -6.9
S 271550 0 1.4758 2.0 0.0000 0.0000 0.9148 -6.5
S 272559 0 1.4605 0.9 0.0000 0.0000 0.9592 -6.3
S 273568 0 1.4605 0.9 0.0000 0.0000 0.0000 -6.3
S 274577 0 1.4605 0.9 0.0000 0.0000 0.0000 -6.3
S 275579 0 1.4605 0.9 0.0000 0.0000 0.0000 -6.3
R 275579 0 0.0680 0.0061 0.1340 0.0130 -13.0 2.04 961 3.5 0.0000 0
R 275579 1 0.0326 0.0000 0.0126 0.0131 -13.8 1.67 384 19.3 0.0663 76
R 275579 2 0.0411 0.0006 0.0116 0.0033 -14.3 0.71 631 49.5 0.0179 93
R 275579 3 0.0110 0.0012 0.0167 0.0132 -14.8 0.26 686 32.8 0.0037 129
R 275579 4 0.0077 0.0000 0.0575 0.0131 -20.0 0.82 242 57.3 0.0156 117
R 275579 5 0.0171 0.0012 0.0068 0.0000 -28.1 1.38 603 96.4 0.0033 50
S 276584 0 1.4931 0.9 0.0000 0.0000 0.0000 -6.3
S 277585 0 1.4931 0.9 0.0000 0.0000 0.0000 -6.3
S 278590 0 1.4931 0.9 0.0000 0.0000 0.0000 -6.3
S 279595 0 1.4328 0.9 0.0000 0.0000 0.8065 -6.3
S 280600 0 1.4700 0.9 0.0000 0.0000 0.0000 -6.3
S 281601 0 0.9643 0.1 0.0000 1.1953 0.4320 -5.9
S 282606 0 1.3125 -0.6 0.5000 1.6774 0.7500 -5.4
S 283606 0 0.9545 -2.4 0.5000 1.4154 0.5000 -5.6
S 284607 0 0.9265 -1.6 0.0000 0.7647 0.1961 -5.6
S 285611 0 0.8000 2.1 0.0000 1.0448 0.4403 -6.8
R 285611 0 0.1436 0.0309 0.2143 0.0859 -12.4 2.75 1036 0.0 0.0000 0
R 285611 1 0.0326 0.0000 0.0126 0.0131 -13.8 1.67 384 29.3 0.0663 76
R 285611 2 0.0411 0.0006 0.0116 0.0033 -14.3 0.71 631 59.5 0.0179 93
R 285611 3 0.0110 0.0012 0.0167 0.0132 -14.8 0.26 686 42.8 0.0037 129
R 285611 4 0.0077 0.0000 0.0575 0.0131 -20.0 0.82 242 67.3 0.0156 117
R 285611 5 0.0171 0.0012 0.0068 0.0000 -28.1 1.38 603 106.4 0.0033 50
S 286612 0 0.7500 6.0 0.0000 0.0506 0.0000 -7.2
S 287613 0 0.7500 7.4 0.0000 0.0000 0.0000 -8.1
S 288613 0 0.7500 9.2 0.0000 0.0471 0.0000 -8.2
S 289613 0 0.7500 10.3 0.0000 0.0000 0.0000 -9.2
S 290613 0 0.7500 18.6 0.0000 0.0000 0.0000 -12.8
S 291614 0 0.7500 19.7 0.0000 0.0000 0.0000 -13.6
S 292616 0 0.7500 22.4 0.0000 0.0000 0.0000 -13.4
S 293617 0 0.7500 21.5 0.0000 0.0800 0.0000 -13.5
S 294618 0 0.6429 18.5 0.0000 0.0000 0.0000 -13.1
S 295621 0 0.0000 21.9 0.0000 0.0000 0.0000 -13.7
R 295621 0 0.2460 0.0291 0.1891 0.0845 -12.2 2.77 1218 0.0 0.0000 0
R 295621 1 0.0326 0.0000 0.0126 0.0131 -13.8 1.67 384 39.3 0.0663 76
R 295621 2 0.0411 0.0006 0.0116 0.0033 -14.3 0.71 631 69.5 0.0179 93
R 295621 3 0.0110 0.0012 0.0167 0.0132 -14.8 0.26 686 52.8 0.0037 129
R 295621 4 0.0077 0.0000 0.0575 0.0131 -20.0 0.82 242 77.3 0.0156 117
R 295621 5 0.0171 0.0012 0.0068 0.0000 -28.1 1.38 603 116.5 0.0033 50
S 296622 0 0.6346 21.8 0.0000 0.0000 0.0000 -13.8
S 297623 0 0.0000 21.4 0.0000 0.0811 0.0000 -14.1
S 298625 0 0.0000 24.5 0.0000 0.0000 0.0000 -14.1
S 299625 0 0.0000 26.8 0.0000 0.0000 0.0000 -14.4
S 300626 0 0.0000 25.9 0.0000 0.0000 0.0000 -14.3
S 301627 0 0.0000 26.6 0.0000 0.0000 0.0000 -14.6
S 302628 0 0.0000 24.0 0.0000 0.0000 0.0000 -14.2
S 303638 0 0.0000 26.7 0.0000 0.0000 0.0000 -14.5
S 304641 0 0.0000 27.5 0.0000 0.0000 0.0000 -14.4
E 305578 0 1 promote 0.0000 27.7 -14.7
R 305578 0 0.2128 0.0248 0.1614 0.0715 -12.6 2.63 1396 0.0 0.0000 0
R 305578 1 0.0326 0.0000 0.0126 0.0131 -13.8 1.67 384 49.3 0.0637 112
R 305578 2 0.0411 0.0006 0.0116 0.0033 -14.3 0.71 631 79.5 0.0179 93
R 305578 3 0.0110 0.0012 0.0167 0.0132 -14.8 0.26 686 62.8 0.0037 129
R 305578 4 0.0077 0.0000 0.0575 0.0131 -20.0 0.82 242 87.3 0.0156 117
R 305578 5 0.0171 0.0012 0.0068 0.0000 -28.1 1.38 603 126.4 0.0033 50
P 305578 1 pass 27.7 0.0000 2038 -14.7
S 305641 1 0.0000 27.8 0.0000 0.0000 0.0000 -14.6
R 305641 0 0.2128 0.0248 0.1614 0.0715 -12.6 2.63 1396 0.1 0.0000 0
R 305641 1 0.0326 0.0000 0.0126 0.0131 -13.8 1.67 384 49.3 0.0637 112
R 305641 2 0.0411 0.0006 0.0116 0.0033 -14.3 0.71 631 79.5 0.0179 93
R 305641 3 0.0110 0.0012 0.0167 0.0132 -14.8 0.26 686 62.8 0.0037 129
R 305641 4 0.0077 0.0000 0.0575 0.0131 -20.0 0.82 242 87.3 0.0156 117
R 305641 5 0.0171 0.0012 0.0068 0.0000 -28.1 1.38 603 126.5 0.0033 50
S 306649 1 0.0191 28.3 0.0000 0.0524 0.0000 -15.0
S 307653 1 0.0308 29.1 0.0000 0.0426 0.0000 -15.0
S 308655 1 0.0512 28.5 0.0000 0.0208 0.0000 -14.9
S 309655 1 0.0142 29.2 0.0000 0.0000 0.0000 -15.0
S 310656 1 0.0148 32.8 0.0000 0.0000 0.0000 -14.8
S 311657 1 0.0000 30.9 0.0000 0.0000 0.0000 -15.0
S 312659 1 0.0302 32.0 0.0000 0.0000 0.0000 -14.9
E 312686 1 2 promote 0.0300 32.1 -15.0
R 312686 0 0.2128 0.0248 0.1614 0.0715 -12.6 2.63 1396 7.1 0.0000 0
R 312686 1 0.0308 0.0000 0.0134 0.0118 -14.0 1.61 511 0.0 0.0637 112
R 312686 2 0.0411 0.0006 0.0116 0.0033 -14.3 0.71 631 86.6 0.0172 129
R 312686 3 0.0110 0.0012 0.0167 0.0132 -14.8 0.26 686 69.9 0.0037 129
R 312686 4 0.0077 0.0000 0.0575 0.0131 -20.0 0.82 242 94.4 0.0156 117
R 312686 5 0.0171 0.0012 0.0068 0.0000 -28.1 1.38 603 133.5 0.0033 50
P 312686 2 pass 32.1 0.0000 2003 -15.0
S 313659 2 0.0071 33.9 0.0000 0.0000 0.0000 -14.9
S 314665 2 0.0000 33.0 0.0000 0.0559 0.0000 -14.8
S 315665 2 0.0302 33.4 0.0000 0.0280 0.0000 -14.9
R 315665 0 0.2128 0.0248 0.1614 0.0715 -12.6 2.63 1396 10.1 0.0000 0
R 315665 1 0.0308 0.0000 0.0134 0.0118 -14.0 1.61 511 3.0 0.0637 112
R 315665 2 0.0396 0.0006 0.0125 0.0031 -14.3 0.70 682 0.0 0.0172 129
R 315665 3 0.0110 0.0012 0.0167 0.0132 -14.8 0.26 686 72.9 0.0037 129
R 315665 4 0.0077 0.0000 0.0575 0.0131 -20.0 0.82 242 97.3 0.0156 117
R 315665 5 0.0171 0.0012 0.0068 0.0000 -28.1 1.38 603 136.5 0.0033 50
S 316666 2 0.0431 33.9 0.0000 0.0282 0.0000 -15.0
S 317666 2 0.0167 34.1 0.0000 0.0000 0.0000 -15.0
S 318666 2 0.0147 35.0 0.0000 0.0000 0.0000 -14.9
S 319666 2 0.0176 33.8 0.0000 0.0000 0.0000 -14.9
E 319785 2 3 promote 0.0199 34.0 -15.0
R 319785 0 0.2128 0.0248 0.1614 0.0715 -12.6 2.63 1396 14.2 0.0000 0
R 319785 1 0.0308 0.0000 0.0134 0.0118 -14.0 1.61 511 7.1 0.0637 112
R 319785 2 0.0383 0.0005 0.0133 0.0030 -14.4 0.71 758 0.0 0.0172 129
R 319785 3 0.0110 0.0012 0.0167 0.0132 -14.8 0.26 686 77.0 0.0038 166
R 319785 4 0.0077 0.0000 0.0575 0.0131 -20.0 0.82 242 101.5 0.0156 117
R 319785 5 0.0171 0.0012 0.0068 0.0000 -28.1 1.38 603 140.6 0.0033 50
P 319785 3 pass 34.0 0.0000 2043 -15.0
S 320667 3 0.0099 34.6 0.0000 0.0450 0.0000 -15.0
S 321667 3 0.0081 36.0 0.0000 0.0155 0.0000 -15.0
S 322667 3 0.0208 36.8 0.0000 0.0085 0.0000 -15.0
S 323667 3 0.0126 35.8 0.0000 0.0472 0.0000 -16.2
S 324669 3 0.0063 35.4 0.0000 0.0000 0.0000 -15.1
E 325578 3 0 starved 0.0000 34.9 -15.0
R 325578 0 0.2128 0.0248 0.1614 0.0715 -12.6 2.63 1396 20.0 0.0000 0
R 325578 1 0.0308 0.0000 0.0134 0.0118 -14.0 1.61 511 12.9 0.0637 112
R 325578 2 0.0383 0.0005 0.0133 0.0030 -14.4 0.71 758 5.8 0.0172 129
R 325578 3 0.0112 0.0010 0.0170 0.0118 -14.8 0.27 781 0.4 0.0038 166
R 325578 4 0.0077 0.0000 0.0575 0.0131 -20.0 0.82 242 107.3 0.0156 120
R 325578 5 0.0171 0.0012 0.0068 0.0000 -28.1 1.38 603 146.4 0.0033 50
P 325578 4 abort 34.9 0.0000 705 -15.0
S 325679 0 0.0215 34.9 0.0000 0.0000 0.0000 -15.0
R 325679 0 0.2128 0.0248 0.1614 0.0715 -12.6 2.63 1396 20.1 0.0000 0
R 325679 1 0.0308 0.0000 0.0134 0.0118 -14.0 1.61 511 13.0 0.0637 112
R 325679 2 0.0383 0.0005 0.0133 0.0030 -14.4 0.71 758 5.9 0.0172 129
R 325679 3 0.0112 0.0010 0.0170 0.0118 -14.8 0.27 781 0.5 0.0038 166
R 325679 4 0.0077 0.0000 0.0575 0.0131 -20.0 0.82 242 107.4 0.0156 120
R 325679 5 0.0171 0.0012 0.0068 0.0000 -28.1 1.38 603 146.5 0.0033 50
S 326684 0 0.0215 34.9 0.0000 0.0000 0.0000 -15.0
S 327691 0 0.0215 34.9 0.0000 0.0000 0.0000 -15.0
S 328691 0 0.0215 34.9 0.0000 0.0000 0.0000 -15.0
S 329695 0 0.0215 34.9 0.0000 0.0000 0.0000 -15.0
S 330697 0 0.0215 34.9 0.0000 0.0000 0.0000 -15.0
S 331698 0 0.0215 34.9 0.0000 0.0000 0.0000 -15.0
S 332699 0 0.0215 34.9 0.0000 0.0000 0.0000 -15.0
S 333707 0 0.0215 34.9 0.0000 0.0000 0.0000 -15.0
S 334713 0 0.0215 34.9 0.0000 0.0000 0.0000 -15.0
S 335713 0 0.0215 34.9 0.0000 0.0000 0.0000 -15.0
R 335713 0 0.2128 0.0248 0.1614 0.0715 -12.6 2.63 1396 30.1 0.0000 0
R 335713 1 0.0308 0.0000 0.0134 0.0118 -14.0 1.61 511 23.0 0.0637 112
R 335713 2 0.0383 0.0005 0.0133 0.0030 -14.4 0.71 758 15.9 0.0172 129
R 335713 3 0.0112 0.0010 0.0170 0.0118 -14.8 0.27 781 10.5 0.0038 166
R 335713 4 0.0077 0.0000 0.0575 0.0131 -20.0 0.82 242 117.4 0.0156 120
R 335713 5 0.0171 0.0012 0.0068 0.0000 -28.1 1.38 603 156.5 0.0033 50
S 336719 0 0.0215 34.9 0.0000 0.0000 0.0000 -15.0
S 337724 0 0.0215 34.9 0.0000 0.0000 0.0000 -15.0
S 338724 0 0.0215 34.9 0.0000 0.0000 0.0000 -15.0
S 339730 0 0.0215 34.9 0.0000 0.0000 0.0000 -15.0
S 340730 0 0.0215 34.9 0.0000 0.0000 0.0000 -15.0
