ctllog 1 ladder=0/100,1/100,2/50,3/50,4/25,5/25 down_util=0.35 up_util=0.15
S 8911 0 0.0000 nan 0.0000 0.0000 0.0000 nan
S 14968 0 0.0000 nan 0.0000 0.0000 0.0000 nan
S 15977 0 0.0000 nan 0.0000 0.0000 0.0000 nan
S 16990 0 0.0000 nan 0.0000 0.0000 0.0000 nan
S 17996 0 0.0000 nan 0.0000 0.0000 0.0000 nan
S 19009 0 0.0000 nan 0.0000 0.0000 0.0000 nan
S 20009 0 0.0000 nan 0.0000 0.0000 0.0000 nan
S 21017 0 0.0000 nan 0.0000 0.0000 0.0000 nan
S 22021 0 0.0000 nan 0.0000 0.0000 0.0000 nan
S 23031 0 0.0000 nan 0.0000 0.0000 0.0000 nan
S 24033 0 0.0000 nan 0.0000 0.0000 0.0000 nan
S 25040 0 0.0000 nan 0.0000 0.0000 0.0000 nan
S 26044 0 0.0000 nan 0.0000 0.0000 0.0000 nan
S 27049 0 0.0000 nan 0.0000 0.0000 0.0000 nan
S 28057 0 0.0000 nan 0.0000 0.0000 0.0000 nan
S 29057 0 0.0000 nan 0.0000 0.0000 0.0000 nan
S 30067 0 0.0000 nan 0.0000 0.0000 0.0000 nan
S 31069 0 0.0000 nan 0.0000 0.0000 0.0000 nan
S 32070 0 0.0000 nan 0.0000 0.0000 0.0000 nan
S 33075 0 0.1324 33.5 0.0000 0.0548 0.0000 -14.5
S 34076 0 0.1827 34.3 0.0000 0.0000 0.0000 -14.8
S 35077 0 0.0000 33.5 0.0000 0.0645 0.0000 -14.3
R 35077 0 0.0108 0.0022 0.1567 0.0000 -13.5 0.27 51 0.0 0.0000 0
S 36079 0 0.0276 34.4 0.0000 0.0449 0.0000 -15.1
S 37087 0 0.0000 34.4 0.0000 0.0632 0.0000 -14.7
S 38088 0 0.0355 33.5 0.0000 0.0465 0.0000 -14.9
S 39089 0 0.0290 34.8 0.0000 0.0000 0.0000 -14.2
S 40090 0 0.0368 33.8 0.0000 0.0000 0.0000 -14.3
S 41091 0 0.0484 33.1 0.0000 0.0000 0.0000 -14.9
E 41645 0 1 promote 0.0616 34.7 -14.7
R 41645 0 0.0149 0.0019 0.1450 0.0000 -13.7 0.49 171 0.0 0.0000 0
R 41645 1 0.0000 0.0000 0.0000 0.0000 nan nan 0 -1.0 0.0662 37
P 41645 1 pass 34.7 0.0000 2046 -14.7
S 42091 1 0.0188 32.9 0.0000 0.0000 0.0000 -14.9
S 43100 1 0.0280 34.1 0.0000 0.0000 0.0000 -15.0
S 44103 1 0.0495 34.4 0.0000 0.0185 0.0000 -14.7
S 45103 1 0.0262 33.2 0.0000 0.0000 0.0000 -14.9
R 45103 0 0.0149 0.0019 0.1450 0.0000 -13.7 0.49 171 3.5 0.0000 0
R 45103 1 0.0260 0.0000 0.0006 0.0000 -14.9 0.02 61 0.0 0.0662 37
S 46109 1 0.0156 34.5 0.0000 0.0000 0.0000 -15.0
S 47109 1 0.0242 33.4 0.0000 0.0000 0.0000 -15.0
S 48110 1 0.0205 34.4 0.0000 0.0000 0.0000 -15.0
E 48754 1 2 promote 0.0055 35.0 -14.8
R 48754 0 0.0149 0.0019 0.1450 0.0000 -13.7 0.49 171 7.1 0.0000 0
R 48754 1 0.0255 0.0000 0.0008 0.0000 -14.9 0.03 127 0.0 0.0662 37
R 48754 2 0.0000 0.0000 0.0000 0.0000 nan nan 0 -1.0 0.0366 37
P 48754 2 pass 35.0 0.0000 2010 -14.8
S 49118 2 0.0061 34.3 0.0000 0.0000 0.0000 -14.9
S 50118 2 0.0251 33.2 0.0000 0.0000 0.0000 -15.0
S 51118 2 0.0161 34.1 0.0000 0.0144 0.0000 -16.1
S 52118 2 0.0165 33.6 0.0000 0.0103 0.0000 -15.4
S 53118 2 0.0155 34.1 0.0000 0.0332 0.0000 -15.0
S 54118 2 0.0059 34.4 0.0000 0.0000 0.0000 -15.0
S 55125 2 0.0096 35.9 0.0000 0.0000 0.0000 -15.4
R 55125 0 0.0149 0.0019 0.1450 0.0000 -13.7 0.49 171 13.5 0.0000 0
R 55125 1 0.0255 0.0000 0.0008 0.0000 -14.9 0.03 127 6.4 0.0662 37
R 55125 2 0.0080 0.0000 0.0020 0.0000 -15.0 0.09 114 0.0 0.0366 37
R 55125 3 0.0000 0.0000 0.0000 0.0000 nan nan 0 -1.0 0.0101 22
E 55898 2 3 promote 0.0138 34.0 -14.7
R 55898 0 0.0149 0.0019 0.1450 0.0000 -13.7 0.49 171 14.3 0.0000 0
R 55898 1 0.0255 0.0000 0.0008 0.0000 -14.9 0.03 127 7.1 0.0662 37
R 55898 2 0.0081 0.0000 0.0020 0.0000 -15.0 0.11 130 0.0 0.0366 37
R 55898 3 0.0000 0.0000 0.0000 0.0000 nan nan 0 -1.0 0.0103 38
P 55898 3 pass 34.0 0.0187 2037 -14.7
S 56125 3 0.0159 34.9 0.0000 0.0000 0.0000 -15.2
S 57125 3 0.0042 35.0 0.0000 0.0325 0.0000 -15.1
S 58125 3 0.0117 34.7 0.0000 0.0573 0.0000 -15.1
S 59125 3 0.0179 33.9 0.0000 0.0600 0.0000 -15.1
S 60125 3 0.0129 34.3 0.0000 0.0361 0.0000 -15.2
S 61126 3 0.0042 35.5 0.0000 0.0000 0.0000 -15.0
S 62128 3 0.0190 34.9 0.0000 0.0000 0.0000 -15.0
E 62992 3 4 promote 0.0070 34.8 -15.0
R 62992 0 0.0149 0.0019 0.1450 0.0000 -13.7 0.49 171 21.3 0.0000 0
R 62992 1 0.0255 0.0000 0.0008 0.0000 -14.9 0.03 127 14.2 0.0662 37
R 62992 2 0.0081 0.0000 0.0020 0.0000 -15.0 0.11 130 7.1 0.0366 37
R 62992 3 0.0173 0.0000 0.0213 0.0000 -15.0 0.07 129 0.0 0.0103 38
R 62992 4 0.0000 0.0000 0.0000 0.0000 nan nan 0 -1.0 0.0098 37
P 62992 4 pass 34.8 0.0240 2008 -15.0
S 63128 4 0.0227 33.5 0.0000 0.0000 0.0000 -15.0
S 64128 4 0.0198 33.3 0.0000 0.0225 0.0000 -19.8
S 65129 4 0.0024 34.6 0.0000 0.0228 0.0000 -19.8
R 65129 0 0.0149 0.0019 0.1450 0.0000 -13.7 0.49 171 23.5 0.0000 0
R 65129 1 0.0255 0.0000 0.0008 0.0000 -14.9 0.03 127 16.4 0.0662 37
R 65129 2 0.0081 0.0000 0.0020 0.0000 -15.0 0.11 130 9.2 0.0366 37
R 65129 3 0.0173 0.0000 0.0213 0.0000 -15.0 0.07 129 2.1 0.0103 38
R 65129 4 0.0204 0.0000 0.0328 0.0000 -19.7 0.05 36 0.0 0.0098 37
S 66129 4 0.0123 33.2 0.0000 0.0258 0.0000 -19.7
S 67133 4 0.0067 32.8 0.0000 0.0275 0.0000 -19.8
S 68133 4 0.0000 34.0 0.0000 0.0000 0.0000 -19.7
S 69133 4 0.0440 32.3 0.0000 0.0000 0.0000 -19.6
E 70061 4 5 promote 0.0129 32.0 -19.4
R 70061 0 0.0149 0.0019 0.1450 0.0000 -13.7 0.49 171 28.4 0.0000 0
R 70061 1 0.0255 0.0000 0.0008 0.0000 -14.9 0.03 127 21.3 0.0662 37
R 70061 2 0.0081 0.0000 0.0020 0.0000 -15.0 0.11 130 14.2 0.0366 37
R 70061 3 0.0173 0.0000 0.0213 0.0000 -15.0 0.07 129 7.1 0.0103 38
R 70061 4 0.0203 0.0000 0.0318 0.0000 -19.7 0.08 125 0.0 0.0098 37
R 70061 5 0.0000 0.0000 0.0000 0.0000 nan nan 0 -1.0 0.0002 36
P 70061 5 pass 32.0 0.0000 2015 -19.4
S 70134 5 0.0079 32.5 0.0000 0.0000 0.0000 -19.7
S 71134 5 0.0217 29.6 0.0000 0.0243 0.0000 -27.1
S 72134 5 0.0000 28.7 0.0000 0.0000 0.0000 -26.0
S 73138 5 0.0050 27.2 0.0000 0.0217 0.0000 -25.0
S 74138 5 0.0084 26.9 0.0000 0.0000 0.0000 -25.9
S 75139 5 0.0000 23.1 0.0000 0.0251 0.0000 -22.6
R 75139 0 0.0149 0.0019 0.1450 0.0000 -13.7 0.49 171 33.5 0.0000 0
R 75139 1 0.0255 0.0000 0.0008 0.0000 -14.9 0.03 127 26.4 0.0662 37
R 75139 2 0.0081 0.0000 0.0020 0.0000 -15.0 0.11 130 19.2 0.0366 37
R 75139 3 0.0173 0.0000 0.0213 0.0000 -15.0 0.07 129 12.1 0.0103 38
R 75139 4 0.0203 0.0000 0.0318 0.0000 -19.7 0.08 125 5.1 0.0098 37
R 75139 5 0.0188 0.0000 0.0013 0.0000 -27.1 0.60 91 0.0 0.0002 36
S 76139 5 0.0153 29.1 0.0000 0.0000 0.0000 -26.5
S 77140 5 0.0159 28.8 0.0000 0.0236 0.0000 -25.9
S 78141 5 0.0182 21.7 0.0000 0.0684 0.0000 -22.1
S 79142 5 0.0283 26.2 0.0000 0.0155 0.0000 -24.1
S 80142 5 0.1207 23.3 0.0000 0.1630 0.0000 -22.0
E 80805 5 4 residual 0.1487 20.9 -21.0
R 80805 0 0.0149 0.0019 0.1450 0.0000 -13.7 0.49 171 39.2 0.0000 0
R 80805 1 0.0255 0.0000 0.0008 0.0000 -14.9 0.03 127 32.1 0.0662 37
R 80805 2 0.0081 0.0000 0.0020 0.0000 -15.0 0.11 130 24.9 0.0366 37
R 80805 3 0.0173 0.0000 0.0213 0.0000 -15.0 0.07 129 17.8 0.0103 38
R 80805 4 0.0203 0.0000 0.0318 0.0000 -19.7 0.08 125 10.7 0.0098 37
R 80805 5 0.0237 0.0012 0.0076 0.0023 -26.7 1.38 199 0.0 0.0002 36
S 81143 4 0.1507 26.4 0.0000 0.4707 0.0539 -18.7
E 81391 4 3 s3_util 0.2750 25.2 -18.8
R 81391 0 0.0149 0.0019 0.1450 0.0000 -13.7 0.49 171 39.7 0.0000 0
R 81391 1 0.0255 0.0000 0.0008 0.0000 -14.9 0.03 127 32.6 0.0662 37
R 81391 2 0.0081 0.0000 0.0020 0.0000 -15.0 0.11 130 25.5 0.0366 37
R 81391 3 0.0173 0.0000 0.0213 0.0000 -15.0 0.07 129 18.4 0.0103 38
R 81391 4 0.0212 0.0000 0.0337 0.0069 -19.7 0.11 131 0.0 0.0098 37
R 81391 5 0.0237 0.0012 0.0076 0.0023 -26.7 1.38 199 0.6 0.0002 36
S 82144 3 0.0070 23.9 0.0000 0.0210 0.0000 -14.9
S 83144 3 0.0000 27.2 0.0000 0.0354 0.0000 -14.9
S 84144 3 0.0164 19.7 0.0000 0.0246 0.0000 -14.3
E 85066 3 2 s3_util 0.2771 20.4 -14.2
R 85066 0 0.0149 0.0019 0.1450 0.0000 -13.7 0.49 171 43.4 0.0000 0
R 85066 1 0.0255 0.0000 0.0008 0.0000 -14.9 0.03 127 36.3 0.0662 37
R 85066 2 0.0081 0.0000 0.0020 0.0000 -15.0 0.11 130 29.2 0.0366 37
R 85066 3 0.0171 0.0000 0.0227 0.0000 -15.0 0.14 196 0.0 0.0103 38
R 85066 4 0.0212 0.0000 0.0337 0.0069 -19.7 0.11 131 3.7 0.0098 37
R 85066 5 0.0237 0.0012 0.0076 0.0023 -26.7 1.38 199 4.3 0.0002 36
S 85144 2 0.0367 16.2 0.0000 0.0000 0.0000 -14.1
R 85144 0 0.0149 0.0019 0.1450 0.0000 -13.7 0.49 171 43.5 0.0000 0
R 85144 1 0.0255 0.0000 0.0008 0.0000 -14.9 0.03 127 36.4 0.0662 37
R 85144 2 0.0081 0.0000 0.0020 0.0000 -15.0 0.11 130 29.2 0.0366 37
R 85144 3 0.0171 0.0000 0.0227 0.0000 -15.0 0.14 196 0.1 0.0103 38
R 85144 4 0.0212 0.0000 0.0337 0.0069 -19.7 0.11 131 3.8 0.0098 37
R 85144 5 0.0237 0.0012 0.0076 0.0023 -26.7 1.38 199 4.3 0.0002 36
S 86144 2 0.0263 15.3 0.0000 0.0000 0.0000 -12.3
S 87144 2 0.0126 17.7 0.0000 0.0192 0.0000 -12.4
S 88151 2 0.0243 12.1 0.0000 0.0857 0.0000 -11.5
S 89152 2 0.0237 18.6 0.0000 0.1142 0.0000 -12.6
S 90152 2 0.0161 12.3 0.0000 0.0457 0.0000 -9.9
S 91152 2 0.0158 24.2 0.0000 0.0000 0.0506 -13.7
S 92158 2 0.0190 20.3 0.0000 0.0000 0.0000 -12.5
E 92171 2 3 promote 0.0160 20.9 -12.8
R 92171 0 0.0149 0.0019 0.1450 0.0000 -13.7 0.49 171 50.5 0.0000 0
R 92171 1 0.0255 0.0000 0.0008 0.0000 -14.9 0.03 127 43.4 0.0662 37
R 92171 2 0.0105 0.0000 0.0070 0.0000 -14.7 0.83 258 0.0 0.0366 37
R 92171 3 0.0171 0.0000 0.0227 0.0000 -15.0 0.14 196 7.1 0.0129 75
R 92171 4 0.0212 0.0000 0.0337 0.0069 -19.7 0.11 131 10.8 0.0098 37
R 92171 5 0.0237 0.0012 0.0076 0.0023 -26.7 1.38 199 11.4 0.0002 36
P 92171 3 pass 20.9 0.0000 2017 -12.8
S 93158 3 0.0082 18.7 0.0000 0.0387 0.0000 -14.3
S 94158 3 0.0025 24.2 0.0000 0.0195 0.0000 -14.7
S 95158 3 0.0192 24.2 0.0000 0.0345 0.0000 -14.9
R 95158 0 0.0149 0.0019 0.1450 0.0000 -13.7 0.49 171 53.5 0.0000 0
R 95158 1 0.0255 0.0000 0.0008 0.0000 -14.9 0.03 127 46.4 0.0662 37
R 95158 2 0.0105 0.0000 0.0070 0.0000 -14.7 0.83 258 3.0 0.0366 37
R 95158 3 0.0167 0.0000 0.0229 0.0000 -15.0 0.15 249 0.0 0.0129 75
R 95158 4 0.0212 0.0000 0.0337 0.0069 -19.7 0.11 131 13.8 0.0098 37
R 95158 5 0.0237 0.0012 0.0076 0.0023 -26.7 1.38 199 14.4 0.0002 36
S 96158 3 0.0026 23.0 0.0000 0.0000 0.0000 -14.9
S 97158 3 0.0097 21.3 0.0000 0.0481 0.0000 -14.8
S 98160 3 0.0249 23.7 0.0000 0.0000 0.0000 -14.8
S 99161 3 0.0000 28.3 0.0000 0.0000 0.0000 -15.0
E 99248 3 4 promote 0.0023 25.6 -14.8
R 99248 0 0.0149 0.0019 0.1450 0.0000 -13.7 0.49 171 57.6 0.0000 0
R 99248 1 0.0255 0.0000 0.0008 0.0000 -14.9 0.03 127 50.5 0.0662 37
R 99248 2 0.0105 0.0000 0.0070 0.0000 -14.7 0.83 258 7.1 0.0366 37
R 99248 3 0.0164 0.0000 0.0229 0.0000 -15.0 0.15 324 0.0 0.0129 75
R 99248 4 0.0212 0.0000 0.0337 0.0069 -19.7 0.11 131 17.9 0.0101 73
R 99248 5 0.0237 0.0012 0.0076 0.0023 -26.7 1.38 199 18.4 0.0002 36
P 99248 4 pass 25.6 0.0263 2023 -14.8
S 100163 4 0.0265 24.4 0.0000 0.0496 0.0000 -18.2
S 101166 4 0.0726 24.7 0.0000 0.0701 0.0000 -18.0
S 102166 4 0.0133 18.3 0.0000 0.0382 0.0000 -16.6
E 102845 4 3 s3_util 0.7041 19.8 -16.7
R 102845 0 0.0149 0.0019 0.1450 0.0000 -13.7 0.49 171 61.2 0.0000 0
R 102845 1 0.0255 0.0000 0.0008 0.0000 -14.9 0.03 127 54.1 0.0662 37
R 102845 2 0.0105 0.0000 0.0070 0.0000 -14.7 0.83 258 10.7 0.0366 37
R 102845 3 0.0164 0.0000 0.0229 0.0000 -15.0 0.15 324 3.6 0.0129 75
R 102845 4 0.0229 0.0000 0.0387 0.0122 -19.6 0.56 194 0.0 0.0101 73
R 102845 5 0.0237 0.0012 0.0076 0.0023 -26.7 1.38 199 22.0 0.0002 36
S 103166 3 0.1101 16.9 0.0000 0.9574 0.2261 -13.8
E 103421 3 2 s3_util 0.9187 20.5 -14.4
R 103421 0 0.0149 0.0019 0.1450 0.0000 -13.7 0.49 171 61.8 0.0000 0
R 103421 1 0.0255 0.0000 0.0008 0.0000 -14.9 0.03 127 54.7 0.0662 37
R 103421 2 0.0105 0.0000 0.0070 0.0000 -14.7 0.83 258 11.2 0.0366 37
R 103421 3 0.0187 0.0000 0.0296 0.0069 -15.0 0.17 330 0.0 0.0129 75
R 103421 4 0.0229 0.0000 0.0387 0.0122 -19.6 0.56 194 0.6 0.0101 73
R 103421 5 0.0237 0.0012 0.0076 0.0023 -26.7 1.38 199 22.6 0.0002 36
E 103994 2 1 s3_util 0.7994 16.1 -12.1
R 103994 0 0.0149 0.0019 0.1450 0.0000 -13.7 0.49 171 62.3 0.0000 0
R 103994 1 0.0255 0.0000 0.0008 0.0000 -14.9 0.03 127 55.2 0.0662 37
R 103994 2 0.0110 0.0000 0.0125 0.0069 -14.7 0.85 264 0.0 0.0366 37
R 103994 3 0.0187 0.0000 0.0296 0.0069 -15.0 0.17 330 0.6 0.0129 75
R 103994 4 0.0229 0.0000 0.0387 0.0122 -19.6 0.56 194 1.1 0.0101 73
R 103994 5 0.0237 0.0012 0.0076 0.0023 -26.7 1.38 199 23.2 0.0002 36
S 104167 1 0.0036 18.1 0.0000 0.0000 0.0648 -12.7
S 105167 1 0.0161 20.2 0.0000 0.0271 0.0000 -13.3
R 105167 0 0.0149 0.0019 0.1450 0.0000 -13.7 0.49 171 63.5 0.0000 0
R 105167 1 0.0252 0.0000 0.0013 0.0034 -14.9 0.30 144 0.0 0.0662 37
R 105167 2 0.0110 0.0000 0.0125 0.0069 -14.7 0.85 264 1.2 0.0366 37
R 105167 3 0.0187 0.0000 0.0296 0.0069 -15.0 0.17 330 1.7 0.0129 75
R 105167 4 0.0229 0.0000 0.0387 0.0122 -19.6 0.56 194 2.3 0.0101 73
R 105167 5 0.0237 0.0012 0.0076 0.0023 -26.7 1.38 199 24.4 0.0002 36
S 106167 1 0.0660 17.0 0.0000 0.0000 0.0000 -11.9
S 107169 1 0.0252 19.1 0.0000 0.0000 0.0000 -12.5
S 108169 1 0.0000 21.6 0.0000 0.0000 0.0000 -12.9
E 109071 1 2 promote 0.0800 28.2 -13.5
R 109071 0 0.0149 0.0019 0.1450 0.0000 -13.7 0.49 171 67.4 0.0000 0
R 109071 1 0.0258 0.0000 0.0023 0.0031 -14.7 0.56 216 0.0 0.0662 37
R 109071 2 0.0110 0.0000 0.0125 0.0069 -14.7 0.85 264 5.1 0.0366 37
R 109071 3 0.0187 0.0000 0.0296 0.0069 -15.0 0.17 330 5.7 0.0129 75
R 109071 4 0.0229 0.0000 0.0387 0.0122 -19.6 0.56 194 6.2 0.0101 73
R 109071 5 0.0237 0.0012 0.0076 0.0023 -26.7 1.38 199 28.3 0.0002 36
S 109172 2 0.0000 27.0 0.0000 0.0000 0.0000 -13.6
S 110174 2 0.0257 16.0 0.0000 0.0326 0.0000 -12.3
S 111174 2 0.0143 15.4 0.0000 0.0387 0.0000 -12.4
S 112174 2 0.0060 18.6 0.0000 0.0326 0.0000 -13.2
S 113174 2 0.0034 14.8 0.0000 0.0188 0.0000 -11.6
S 114174 2 0.0132 21.4 0.0000 0.0000 0.0000 -13.2
P 114992 3 fail 18.3 0.2219 819 -13.1
N 114992 3 1 124992
S 115174 2 0.0121 16.0 0.0000 0.0000 0.0000 -11.9
R 115174 0 0.0149 0.0019 0.1450 0.0000 -13.7 0.49 171 73.5 0.0000 0
R 115174 1 0.0258 0.0000 0.0023 0.0031 -14.7 0.56 216 6.1 0.0662 37
R 115174 2 0.0114 0.0000 0.0141 0.0062 -14.5 0.99 369 0.2 0.0366 37
R 115174 3 0.0187 0.0000 0.0296 0.0069 -15.0 0.17 330 11.8 0.0146 89
R 115174 4 0.0229 0.0000 0.0387 0.0122 -19.6 0.56 194 12.3 0.0101 73
R 115174 5 0.0237 0.0012 0.0076 0.0023 -26.7 1.38 199 34.4 0.0002 36
S 116174 2 0.0184 13.6 0.0000 0.0000 0.0000 -11.7
S 117174 2 0.0248 25.5 0.0000 0.0000 0.0000 -14.0
S 118174 2 0.0915 23.7 0.0000 0.0863 0.0000 -13.7
S 119174 2 0.0111 24.1 0.0000 0.0472 0.0000 -13.7
S 120174 2 0.0121 24.9 0.0000 0.0241 0.0000 -13.6
S 121174 2 0.0230 21.4 0.0000 0.0282 0.0000 -13.2
S 122174 2 0.0289 26.9 0.0000 0.0000 0.0000 -14.0
S 123179 2 0.0170 21.2 0.0000 0.0308 0.0000 -13.4
S 124180 2 0.0121 30.0 0.0000 0.0000 0.0000 -14.1
S 125180 2 0.0273 22.9 0.0000 0.0000 0.0000 -13.4
R 125180 0 0.0149 0.0019 0.1450 0.0000 -13.7 0.49 171 83.5 0.0000 0
R 125180 1 0.0258 0.0000 0.0023 0.0031 -14.7 0.56 216 16.1 0.0662 37
R 125180 2 0.0131 0.0000 0.0174 0.0050 -14.3 1.02 560 0.2 0.0366 37
R 125180 3 0.0187 0.0000 0.0296 0.0069 -15.0 0.17 330 21.8 0.0146 90
R 125180 4 0.0229 0.0000 0.0387 0.0122 -19.6 0.56 194 22.3 0.0101 73
R 125180 5 0.0237 0.0012 0.0076 0.0023 -26.7 1.38 199 44.4 0.0002 36
S 126180 2 0.0227 21.7 0.0000 0.0000 0.0000 -13.5
E 127034 2 3 promote 0.0161 16.6 -12.5
R 127034 0 0.0149 0.0019 0.1450 0.0000 -13.7 0.49 171 85.4 0.0000 0
R 127034 1 0.0258 0.0000 0.0023 0.0031 -14.7 0.56 216 18.0 0.0662 37
R 127034 2 0.0132 0.0000 0.0174 0.0050 -14.2 1.06 594 0.0 0.0366 37
R 127034 3 0.0187 0.0000 0.0296 0.0069 -15.0 0.17 330 23.6 0.0164 126
R 127034 4 0.0229 0.0000 0.0387 0.0122 -19.6 0.56 194 24.2 0.0101 73
R 127034 5 0.0237 0.0012 0.0076 0.0023 -26.7 1.38 199 46.2 0.0002 36
P 127034 3 pass 16.6 0.1340 2005 -12.5
S 127186 3 0.0135 14.8 0.0000 0.0000 0.0000 -13.8
E 127606 3 2 s3_util 0.6573 14.4 -13.7
R 127606 0 0.0149 0.0019 0.1450 0.0000 -13.7 0.49 171 86.0 0.0000 0
R 127606 1 0.0258 0.0000 0.0023 0.0031 -14.7 0.56 216 18.5 0.0662 37
R 127606 2 0.0132 0.0000 0.0174 0.0050 -14.2 1.06 594 0.6 0.0366 37
R 127606 3 0.0197 0.0000 0.0329 0.0138 -15.0 0.19 336 0.0 0.0164 126
R 127606 4 0.0229 0.0000 0.0387 0.0122 -19.6 0.56 194 24.8 0.0101 73
R 127606 5 0.0237 0.0012 0.0076 0.0023 -26.7 1.38 199 46.8 0.0002 36
N 127606 3 2 147606
S 128188 2 0.0072 13.3 0.0000 0.1887 0.0651 -11.3
S 129189 2 0.0223 14.7 0.0000 0.0328 0.0000 -11.5
S 130189 2 0.0189 15.1 0.0000 0.0420 0.0000 -12.3
S 131189 2 0.0205 20.2 0.0000 0.0431 0.0000 -13.4
S 132192 2 0.0064 18.9 0.0000 0.0321 0.0000 -12.5
S 133193 2 0.0061 18.2 0.0000 0.1739 0.0000 -12.6
S 134193 2 0.0159 19.3 0.0000 0.0250 0.0000 -13.0
S 135193 2 0.0305 16.1 0.0000 0.0249 0.0000 -11.8
R 135193 0 0.0149 0.0019 0.1450 0.0000 -13.7 0.49 171 93.5 0.0000 0
R 135193 1 0.0258 0.0000 0.0023 0.0031 -14.7 0.56 216 26.1 0.0662 37
R 135193 2 0.0145 0.0000 0.0257 0.0131 -14.0 1.16 736 0.0 0.0366 37
R 135193 3 0.0197 0.0000 0.0329 0.0138 -15.0 0.19 336 7.6 0.0164 126
R 135193 4 0.0229 0.0000 0.0387 0.0122 -19.6 0.56 194 32.3 0.0101 73
R 135193 5 0.0237 0.0012 0.0076 0.0023 -26.7 1.38 199 54.4 0.0002 36
S 136193 2 0.0240 20.9 0.0000 0.0318 0.0000 -13.4
S 137194 2 0.0093 23.3 0.0000 0.0352 0.0000 -13.7
S 138194 2 0.0101 24.6 0.0000 0.0430 0.0000 -14.2
S 139194 2 0.0096 30.2 0.0000 0.0171 0.0000 -14.0
S 140194 2 0.0172 25.2 0.0000 0.0000 0.0000 -14.0
S 141195 2 0.0107 29.8 0.0000 0.0444 0.0000 -13.9
S 142195 2 0.0166 28.1 0.0000 0.0464 0.0000 -13.9
S 143195 2 0.0093 28.5 0.0000 0.0492 0.0000 -14.1
S 144195 2 0.0105 29.9 0.0000 0.0460 0.0000 -13.9
S 145197 2 0.0118 34.1 0.0000 0.0244 0.0000 -14.1
R 145197 0 0.0149 0.0019 0.1450 0.0000 -13.7 0.49 171 103.6 0.0000 0
R 145197 1 0.0258 0.0000 0.0023 0.0031 -14.7 0.56 216 36.1 0.0662 37
R 145197 2 0.0147 0.0000 0.0268 0.0104 -13.9 1.05 932 0.0 0.0366 37
R 145197 3 0.0197 0.0000 0.0329 0.0138 -15.0 0.19 336 17.6 0.0164 126
R 145197 4 0.0229 0.0000 0.0387 0.0122 -19.6 0.56 194 42.4 0.0101 73
R 145197 5 0.0237 0.0012 0.0076 0.0023 -26.7 1.38 199 64.4 0.0002 36
S 146200 2 0.0075 29.8 0.0000 0.0000 0.0000 -14.2
S 147200 2 0.0097 25.5 0.0000 0.0284 0.0000 -13.8
S 148200 2 0.0293 23.6 0.0000 0.0000 0.0000 -13.8
S 149200 2 0.0151 23.5 0.0000 0.0000 0.0000 -13.5
E 149644 2 3 promote 0.0343 24.9 -13.6
R 149644 0 0.0149 0.0019 0.1450 0.0000 -13.7 0.49 171 108.0 0.0000 0
R 149644 1 0.0258 0.0000 0.0023 0.0031 -14.7 0.56 216 40.6 0.0662 37
R 149644 2 0.0153 0.0000 0.0271 0.0099 -13.9 1.01 1013 0.0 0.0366 37
R 149644 3 0.0197 0.0000 0.0329 0.0138 -15.0 0.19 336 22.0 0.0162 162
R 149644 4 0.0229 0.0000 0.0387 0.0122 -19.6 0.56 194 46.8 0.0101 73
R 149644 5 0.0237 0.0012 0.0076 0.0023 -26.7 1.38 199 68.8 0.0002 36
P 149644 3 pass 24.9 0.0000 2017 -13.6
S 150200 3 0.0098 21.2 0.0000 0.0000 0.0000 -14.4
S 151200 3 0.0160 19.9 0.0000 0.0470 0.0000 -14.2
S 152201 3 0.0123 21.6 0.0000 0.0554 0.0000 -14.4
S 153201 3 0.0411 21.8 0.0000 0.0000 0.0000 -14.5
S 154201 3 0.0606 20.4 0.0000 0.1093 0.0000 -14.2
E 154828 3 2 s3_util 0.3348 17.5 -14.1
R 154828 0 0.0149 0.0019 0.1450 0.0000 -13.7 0.49 171 113.2 0.0000 0
R 154828 1 0.0258 0.0000 0.0023 0.0031 -14.7 0.56 216 45.8 0.0662 37
R 154828 2 0.0153 0.0000 0.0271 0.0099 -13.9 1.01 1013 5.2 0.0366 37
R 154828 3 0.0222 0.0000 0.0364 0.0123 -14.9 0.29 433 0.0 0.0162 162
R 154828 4 0.0229 0.0000 0.0387 0.0122 -19.6 0.56 194 52.0 0.0101 73
R 154828 5 0.0237 0.0012 0.0076 0.0023 -26.7 1.38 199 74.0 0.0002 36
S 155201 2 0.0411 20.7 0.0000 0.1643 0.0000 -13.4
R 155201 0 0.0149 0.0019 0.1450 0.0000 -13.7 0.49 171 113.6 0.0000 0
R 155201 1 0.0258 0.0000 0.0023 0.0031 -14.7 0.56 216 46.1 0.0662 37
R 155201 2 0.0153 0.0000 0.0274 0.0099 -13.9 1.00 1015 0.0 0.0366 37
R 155201 3 0.0222 0.0000 0.0364 0.0123 -14.9 0.29 433 0.4 0.0162 162
R 155201 4 0.0229 0.0000 0.0387 0.0122 -19.6 0.56 194 52.4 0.0101 73
R 155201 5 0.0237 0.0012 0.0076 0.0023 -26.7 1.38 199 74.4 0.0002 36
S 156201 2 0.0297 16.8 0.0000 0.0565 0.0000 -13.0
S 157206 2 0.0464 11.6 0.0000 0.0000 0.0000 -10.1
S 158215 2 0.0250 22.1 0.0000 0.0178 0.0000 -13.4
S 159215 2 0.0132 23.2 0.0000 0.0000 0.0000 -13.7
S 160215 2 0.0345 24.4 0.0000 0.0000 0.0000 -13.7
S 161215 2 0.0217 27.8 0.0000 0.0000 0.0000 -13.7
E 161993 2 3 promote 0.0223 27.0 -13.5
R 161993 0 0.0149 0.0019 0.1450 0.0000 -13.7 0.49 171 120.3 0.0000 0
R 161993 1 0.0258 0.0000 0.0023 0.0031 -14.7 0.56 216 52.9 0.0662 37
R 161993 2 0.0167 0.0000 0.0277 0.0089 -13.8 1.08 1142 0.0 0.0366 37
R 161993 3 0.0222 0.0000 0.0364 0.0123 -14.9 0.29 433 7.2 0.0159 199
R 161993 4 0.0229 0.0000 0.0387 0.0122 -19.6 0.56 194 59.1 0.0101 73
R 161993 5 0.0237 0.0012 0.0076 0.0023 -26.7 1.38 199 81.2 0.0002 36
P 161993 3 pass 27.0 0.0147 2008 -13.5
S 162215 3 0.0197 29.4 0.0000 0.0000 0.0000 -13.8
S 163216 3 0.0140 32.2 0.0000 0.0630 0.0000 -15.0
S 164217 3 0.0148 33.0 0.0000 0.0325 0.0000 -15.1
S 165217 3 0.0108 33.1 0.0000 0.0578 0.0000 -15.0
R 165217 0 0.0149 0.0019 0.1450 0.0000 -13.7 0.49 171 123.6 0.0000 0
R 165217 1 0.0258 0.0000 0.0023 0.0031 -14.7 0.56 216 56.1 0.0662 37
R 165217 2 0.0167 0.0000 0.0277 0.0089 -13.8 1.08 1142 3.2 0.0366 37
R 165217 3 0.0217 0.0000 0.0362 0.0115 -14.9 0.28 489 0.0 0.0159 199
R 165217 4 0.0229 0.0000 0.0387 0.0122 -19.6 0.56 194 62.4 0.0101 73
R 165217 5 0.0237 0.0012 0.0076 0.0023 -26.7 1.38 199 84.4 0.0002 36
S 166221 3 0.0074 33.3 0.0000 0.0273 0.0000 -14.9
S 167222 3 0.0180 30.4 0.0000 0.0000 0.0000 -15.0
S 168222 3 0.0141 32.2 0.0000 0.0000 0.0000 -14.9
E 169109 3 4 promote 0.0127 31.7 -14.9
R 169109 0 0.0149 0.0019 0.1450 0.0000 -13.7 0.49 171 127.5 0.0000 0
R 169109 1 0.0258 0.0000 0.0023 0.0031 -14.7 0.56 216 60.0 0.0662 37
R 169109 2 0.0167 0.0000 0.0277 0.0089 -13.8 1.08 1142 7.1 0.0366 37
R 169109 3 0.0210 0.0000 0.0361 0.0111 -14.9 0.27 561 0.0 0.0159 199
R 169109 4 0.0229 0.0000 0.0387 0.0122 -19.6 0.56 194 66.3 0.0099 111
R 169109 5 0.0237 0.0012 0.0076 0.0023 -26.7 1.38 199 88.3 0.0002 36
P 169109 4 pass 31.7 0.0000 2044 -14.9
S 169223 4 0.0208 32.7 0.0000 0.0000 0.0000 -15.0
S 170231 4 0.0277 32.1 0.0000 0.0080 0.0000 -19.2
S 171236 4 0.0308 29.5 0.0000 0.0000 0.0000 -19.2
S 172238 4 0.0098 27.0 0.0000 0.0000 0.0000 -19.5
S 173238 4 0.0128 29.7 0.0000 0.0578 0.0000 -18.8
S 174238 4 0.0069 24.1 0.0000 0.0000 0.0000 -18.3
P 175200 5 fail 26.2 0.2981 997 -18.1
N 175200 5 1 185200
S 175238 4 0.0284 23.6 0.0000 0.0000 0.1063 -17.8
R 175238 0 0.0149 0.0019 0.1450 0.0000 -13.7 0.49 171 133.6 0.0000 0
R 175238 1 0.0258 0.0000 0.0023 0.0031 -14.7 0.56 216 66.2 0.0662 37
R 175238 2 0.0167 0.0000 0.0277 0.0089 -13.8 1.08 1142 13.2 0.0366 37
R 175238 3 0.0210 0.0000 0.0361 0.0111 -14.9 0.27 561 6.1 0.0159 199
R 175238 4 0.0223 0.0000 0.0369 0.0109 -19.5 0.60 301 0.0 0.0099 111
R 175238 5 0.0237 0.0012 0.0076 0.0023 -26.7 1.38 199 94.4 0.0009 52
E 175775 4 3 s3_util 0.9823 24.1 -18.1
R 175775 0 0.0149 0.0019 0.1450 0.0000 -13.7 0.49 171 134.1 0.0000 0
R 175775 1 0.0258 0.0000 0.0023 0.0031 -14.7 0.56 216 66.7 0.0662 37
R 175775 2 0.0167 0.0000 0.0277 0.0089 -13.8 1.08 1142 13.8 0.0366 37
R 175775 3 0.0210 0.0000 0.0361 0.0111 -14.9 0.27 561 6.7 0.0159 199
R 175775 4 0.0223 0.0000 0.0457 0.0178 -19.5 0.60 307 0.0 0.0099 111
R 175775 5 0.0237 0.0012 0.0076 0.0023 -26.7 1.38 199 95.0 0.0009 52
S 176247 3 0.0134 25.7 0.0000 0.0193 0.0000 -14.6
S 177247 3 0.0020 29.3 0.0000 0.0365 0.0000 -15.0
S 178254 3 0.0075 27.5 0.0000 0.0256 0.0000 -14.8
S 179257 3 0.0134 26.4 0.0000 0.0000 0.0000 -14.7
S 180259 3 0.0077 24.0 0.0000 0.0258 0.0000 -14.9
S 181260 3 0.0089 29.6 0.0000 0.0000 0.0000 -15.0
S 182266 3 0.0137 27.5 0.0000 0.0000 0.0000 -15.0
E 182879 3 4 promote 0.0183 31.1 -15.0
R 182879 0 0.0149 0.0019 0.1450 0.0000 -13.7 0.49 171 141.2 0.0000 0
R 182879 1 0.0258 0.0000 0.0023 0.0031 -14.7 0.56 216 73.8 0.0662 37
R 182879 2 0.0167 0.0000 0.0277 0.0089 -13.8 1.08 1142 20.9 0.0366 37
R 182879 3 0.0200 0.0000 0.0350 0.0130 -14.9 0.26 689 0.0 0.0159 199
R 182879 4 0.0223 0.0000 0.0457 0.0178 -19.5 0.60 307 7.1 0.0101 148
R 182879 5 0.0237 0.0012 0.0076 0.0023 -26.7 1.38 199 102.1 0.0009 52
P 182879 4 pass 31.1 0.0319 2024 -15.0
S 183266 4 0.0000 29.0 0.0000 0.0443 0.0000 -19.9
S 184266 4 0.0170 31.4 0.0000 0.0000 0.0000 -19.5
S 185266 4 0.0257 30.3 0.0000 0.0328 0.0000 -19.1
R 185266 0 0.0149 0.0019 0.1450 0.0000 -13.7 0.49 171 143.6 0.0000 0
R 185266 1 0.0258 0.0000 0.0023 0.0031 -14.7 0.56 216 76.2 0.0662 37
R 185266 2 0.0167 0.0000 0.0277 0.0089 -13.8 1.08 1142 23.3 0.0366 37
R 185266 3 0.0200 0.0000 0.0350 0.0130 -14.9 0.26 689 2.4 0.0159 199
R 185266 4 0.0222 0.0000 0.0439 0.0170 -19.5 0.59 348 0.0 0.0101 148
R 185266 5 0.0237 0.0012 0.0076 0.0023 -26.7 1.38 199 104.5 0.0009 52
S 186266 4 0.0123 29.3 0.0000 0.0251 0.0000 -19.0
S 187267 4 0.0197 28.5 0.0000 0.0228 0.0000 -19.3
S 188271 4 0.0052 24.8 0.0000 0.0000 0.0000 -18.3
P 188728 5 fail 24.6 0.2764 783 -18.2
N 188728 5 2 208728
S 189271 4 0.0237 19.1 0.0000 0.9339 0.1511 -16.2
E 189305 4 3 s3_util 0.8174 20.2 -17.1
R 189305 0 0.0149 0.0019 0.1450 0.0000 -13.7 0.49 171 147.7 0.0000 0
R 189305 1 0.0258 0.0000 0.0023 0.0031 -14.7 0.56 216 80.2 0.0662 37
R 189305 2 0.0167 0.0000 0.0277 0.0089 -13.8 1.08 1142 27.3 0.0366 37
R 189305 3 0.0200 0.0000 0.0350 0.0130 -14.9 0.26 689 6.4 0.0159 199
R 189305 4 0.0218 0.0000 0.0503 0.0228 -19.4 0.64 416 0.0 0.0101 148
R 189305 5 0.0237 0.0012 0.0076 0.0023 -26.7 1.38 199 108.5 0.0025 65
S 190272 3 0.0071 20.4 0.0000 0.0544 0.0000 -14.3
S 191273 3 0.0078 21.9 0.0000 0.0407 0.0000 -14.7
S 192273 3 0.0213 19.8 0.0000 0.0674 0.0000 -14.3
S 193273 3 0.0165 18.7 0.0000 0.1645 0.0546 -14.3
S 194273 3 0.0177 20.9 0.0000 0.0000 0.0000 -14.6
S 195273 3 0.0204 23.2 0.0000 0.0000 0.0000 -14.5
R 195273 0 0.0149 0.0019 0.1450 0.0000 -13.7 0.49 171 153.6 0.0000 0
R 195273 1 0.0258 0.0000 0.0023 0.0031 -14.7 0.56 216 86.2 0.0662 37
R 195273 2 0.0167 0.0000 0.0277 0.0089 -13.8 1.08 1142 33.3 0.0366 37
R 195273 3 0.0195 0.0000 0.0364 0.0271 -14.8 0.28 796 0.0 0.0159 199
R 195273 4 0.0218 0.0000 0.0503 0.0228 -19.4 0.64 416 6.0 0.0114 163
R 195273 5 0.0237 0.0012 0.0076 0.0023 -26.7 1.38 199 114.5 0.0025 65
P 195574 4 fail 24.8 0.2685 1172 -14.7
N 195574 4 1 205574
E 196145 3 2 s3_util 0.2879 21.5 -14.4
R 196145 0 0.0149 0.0019 0.1450 0.0000 -13.7 0.49 171 154.5 0.0000 0
R 196145 1 0.0258 0.0000 0.0023 0.0031 -14.7 0.56 216 87.1 0.0662 37
R 196145 2 0.0167 0.0000 0.0277 0.0089 -13.8 1.08 1142 34.2 0.0366 37
R 196145 3 0.0194 0.0000 0.0387 0.0338 -14.8 0.28 808 0.0 0.0159 199
R 196145 4 0.0218 0.0000 0.0503 0.0228 -19.4 0.64 416 6.8 0.0125 169
R 196145 5 0.0237 0.0012 0.0076 0.0023 -26.7 1.38 199 115.3 0.0025 65
S 196274 2 0.0000 19.5 0.0000 0.0000 0.0412 -14.3
S 197275 2 0.0000 20.3 0.0000 0.0236 0.0000 -13.1
S 198275 2 0.0411 27.5 0.0000 0.0000 0.0000 -13.7
S 199275 2 0.0082 26.4 0.0000 0.0000 0.0000 -14.0
S 200275 2 0.0126 25.0 0.0000 0.0712 0.0000 -13.8
S 201275 2 0.0246 26.0 0.0000 0.0000 0.0000 -13.9
S 202278 2 0.0239 30.1 0.0000 0.0000 0.0000 -13.7
E 203214 2 3 promote 0.0237 30.2 -14.1
R 203214 0 0.0149 0.0019 0.1450 0.0000 -13.7 0.49 171 161.6 0.0000 0
R 203214 1 0.0258 0.0000 0.0023 0.0031 -14.7 0.56 216 94.1 0.0662 37
R 203214 2 0.0170 0.0000 0.0280 0.0079 -13.8 1.00 1270 0.0 0.0366 37
R 203214 3 0.0194 0.0000 0.0387 0.0338 -14.8 0.28 808 7.1 0.0158 236
R 203214 4 0.0218 0.0000 0.0503 0.0228 -19.4 0.64 416 13.9 0.0125 169
R 203214 5 0.0237 0.0012 0.0076 0.0023 -26.7 1.38 199 122.4 0.0025 65
P 203214 3 pass 30.2 0.0141 2008 -14.1
S 203278 3 0.0236 30.2 0.0000 0.0000 0.0000 -14.1
S 204278 3 0.0279 31.8 0.0000 0.0000 0.0000 -14.8
S 205278 3 0.0048 30.7 0.0000 0.0000 0.0000 -14.8
R 205278 0 0.0149 0.0019 0.1450 0.0000 -13.7 0.49 171 163.6 0.0000 0
R 205278 1 0.0258 0.0000 0.0023 0.0031 -14.7 0.56 216 96.2 0.0662 37
R 205278 2 0.0170 0.0000 0.0280 0.0079 -13.8 1.00 1270 2.1 0.0366 37
R 205278 3 0.0195 0.0000 0.0375 0.0325 -14.8 0.27 843 0.0 0.0158 236
R 205278 4 0.0218 0.0000 0.0503 0.0228 -19.4 0.64 416 16.0 0.0125 169
R 205278 5 0.0237 0.0012 0.0076 0.0023 -26.7 1.38 199 124.5 0.0025 65
S 206278 3 0.0116 31.7 0.0000 0.0199 0.0000 -14.9
S 207278 3 0.0097 32.7 0.0000 0.0500 0.0000 -14.9
S 208278 3 0.0139 31.4 0.0000 0.0000 0.0000 -14.9
S 209278 3 0.0175 32.4 0.0000 0.0000 0.0000 -14.8
S 210284 3 0.0094 32.6 0.0000 0.0000 0.0000 -14.8
E 210288 3 4 promote 0.0095 32.6 -14.8
R 210288 0 0.0149 0.0019 0.1450 0.0000 -13.7 0.49 171 168.6 0.0000 0
R 210288 1 0.0258 0.0000 0.0023 0.0031 -14.7 0.56 216 101.2 0.0662 37
R 210288 2 0.0170 0.0000 0.0280 0.0079 -13.8 1.00 1270 7.1 0.0366 37
R 210288 3 0.0189 0.0000 0.0360 0.0303 -14.8 0.26 936 0.0 0.0158 236
R 210288 4 0.0218 0.0000 0.0503 0.0228 -19.4 0.64 416 21.0 0.0125 206
R 210288 5 0.0237 0.0012 0.0076 0.0023 -26.7 1.38 199 129.5 0.0025 65
P 210288 4 pass 32.6 0.0000 2012 -14.8
S 211287 4 0.0267 33.1 0.0000 0.0000 0.0000 -19.8
S 212293 4 0.0209 32.5 0.0000 0.0237 0.0000 -19.3
S 213294 4 0.0224 29.3 0.0000 0.0000 0.0000 -19.1
S 214296 4 0.0147 32.2 0.0000 0.0000 0.0000 -19.0
S 215298 4 0.0107 32.2 0.0000 0.0000 0.0000 -19.4
R 215298 0 0.0149 0.0019 0.1450 0.0000 -13.7 0.49 171 173.7 0.0000 0
R 215298 1 0.0258 0.0000 0.0023 0.0031 -14.7 0.56 216 106.2 0.0662 37
R 215298 2 0.0170 0.0000 0.0280 0.0079 -13.8 1.00 1270 12.1 0.0366 37
R 215298 3 0.0189 0.0000 0.0360 0.0303 -14.8 0.26 936 5.0 0.0158 236
R 215298 4 0.0212 0.0000 0.0472 0.0205 -19.4 0.62 506 0.0 0.0125 206
R 215298 5 0.0237 0.0012 0.0076 0.0023 -26.7 1.38 199 134.5 0.0025 65
S 216299 4 0.0237 34.9 0.0000 0.0000 0.0000 -19.2
S 217299 4 0.0233 34.1 0.0000 0.0000 0.0000 -18.8
E 217414 4 5 promote 0.0106 34.1 -18.8
R 217414 0 0.0149 0.0019 0.1450 0.0000 -13.7 0.49 171 175.8 0.0000 0
R 217414 1 0.0258 0.0000 0.0023 0.0031 -14.7 0.56 216 108.3 0.0662 37
R 217414 2 0.0170 0.0000 0.0280 0.0079 -13.8 1.00 1270 14.2 0.0366 37
R 217414 3 0.0189 0.0000 0.0360 0.0303 -14.8 0.26 936 7.1 0.0158 236
R 217414 4 0.0212 0.0000 0.0470 0.0205 -19.4 0.61 542 0.0 0.0125 206
R 217414 5 0.0237 0.0012 0.0076 0.0023 -26.7 1.38 199 136.6 0.0031 101
P 217414 5 pass 34.1 0.0000 2044 -18.8
S 218301 5 0.0050 33.6 0.0000 0.0000 0.0000 -25.8
S 219303 5 0.0201 34.2 0.0000 0.0000 0.0000 -27.5
S 220314 5 0.0117 35.4 0.0000 0.0887 0.0177 -28.0
S 221314 5 0.0184 32.4 0.0000 0.0181 0.0000 -28.5
S 222317 5 0.0364 31.4 0.0000 0.0283 0.0000 -27.5
S 223317 5 0.0226 32.2 0.0000 0.0250 0.0000 -27.8
S 224319 5 0.0284 33.5 0.0000 0.0000 0.0000 -27.7
S 225319 5 0.0511 30.1 0.0000 0.0000 0.0000 -26.8
R 225319 0 0.0149 0.0019 0.1450 0.0000 -13.7 0.49 171 183.7 0.0000 0
R 225319 1 0.0258 0.0000 0.0023 0.0031 -14.7 0.56 216 116.2 0.0662 37
R 225319 2 0.0170 0.0000 0.0280 0.0079 -13.8 1.00 1270 22.1 0.0366 37
R 225319 3 0.0189 0.0000 0.0360 0.0303 -14.8 0.26 936 15.0 0.0158 236
R 225319 4 0.0212 0.0000 0.0470 0.0205 -19.4 0.61 542 7.9 0.0125 206
R 225319 5 0.0229 0.0010 0.0099 0.0113 -26.8 1.34 344 0.0 0.0031 101
S 226321 5 0.0191 29.1 0.0000 0.0261 0.0000 -24.4
S 227322 5 0.0126 27.8 0.0000 0.0497 0.0000 -25.2
E 228058 5 4 residual 0.0420 22.3 -20.9
R 228058 0 0.0149 0.0019 0.1450 0.0000 -13.7 0.49 171 186.4 0.0000 0
R 228058 1 0.0258 0.0000 0.0023 0.0031 -14.7 0.56 216 119.0 0.0662 37
R 228058 2 0.0170 0.0000 0.0280 0.0079 -13.8 1.00 1270 24.8 0.0366 37
R 228058 3 0.0189 0.0000 0.0360 0.0303 -14.8 0.26 936 17.8 0.0158 236
R 228058 4 0.0212 0.0000 0.0470 0.0205 -19.4 0.61 542 10.6 0.0125 206
R 228058 5 0.0226 0.0021 0.0108 0.0106 -26.7 1.44 397 0.0 0.0031 101
E 228159 4 3 residual 0.0939 22.2 -17.9
R 228159 0 0.0149 0.0019 0.1450 0.0000 -13.7 0.49 171 186.5 0.0000 0
R 228159 1 0.0258 0.0000 0.0023 0.0031 -14.7 0.56 216 119.1 0.0662 37
R 228159 2 0.0170 0.0000 0.0280 0.0079 -13.8 1.00 1270 24.9 0.0366 37
R 228159 3 0.0189 0.0000 0.0360 0.0303 -14.8 0.26 936 17.9 0.0158 236
R 228159 4 0.0212 0.0000 0.0470 0.0205 -19.4 0.61 542 10.7 0.0125 206
R 228159 5 0.0226 0.0021 0.0108 0.0106 -26.7 1.44 397 0.1 0.0031 101
E 228213 3 2 residual 0.0691 23.2 -17.6
R 228213 0 0.0149 0.0019 0.1450 0.0000 -13.7 0.49 171 186.6 0.0000 0
R 228213 1 0.0258 0.0000 0.0023 0.0031 -14.7 0.56 216 119.1 0.0662 37
R 228213 2 0.0170 0.0000 0.0280 0.0079 -13.8 1.00 1270 25.0 0.0366 37
R 228213 3 0.0189 0.0000 0.0360 0.0303 -14.8 0.26 936 17.9 0.0158 236
R 228213 4 0.0212 0.0000 0.0470 0.0205 -19.4 0.61 542 10.8 0.0125 206
R 228213 5 0.0226 0.0021 0.0108 0.0106 -26.7 1.44 397 0.2 0.0031 101
S 228323 2 0.0769 23.1 0.0000 0.0000 0.0000 -13.7
E 228965 2 1 s3_util 0.2966 22.1 -13.3
R 228965 0 0.0149 0.0019 0.1450 0.0000 -13.7 0.49 171 187.3 0.0000 0
R 228965 1 0.0258 0.0000 0.0023 0.0031 -14.7 0.56 216 119.9 0.0662 37
R 228965 2 0.0194 0.0000 0.0298 0.0159 -13.8 1.00 1280 0.0 0.0366 37
R 228965 3 0.0189 0.0000 0.0360 0.0303 -14.8 0.26 936 18.7 0.0158 236
R 228965 4 0.0212 0.0000 0.0470 0.0205 -19.4 0.61 542 11.6 0.0125 206
R 228965 5 0.0226 0.0021 0.0108 0.0106 -26.7 1.44 397 0.9 0.0031 101
S 229323 1 0.0203 21.9 0.0000 0.0321 0.0000 -13.1
S 230325 1 0.0142 19.9 0.0000 0.0377 0.0000 -13.1
S 231326 1 0.0000 20.5 0.0000 0.0000 0.0000 -12.9
S 232327 1 0.0000 23.1 0.0000 0.0000 0.0000 -13.3
S 233329 1 0.0000 22.6 0.0000 0.0000 0.0000 -13.2
E 234029 1 2 promote 0.0000 21.1 -12.8
R 234029 0 0.0149 0.0019 0.1450 0.0000 -13.7 0.49 171 192.4 0.0000 0
R 234029 1 0.0247 0.0000 0.0028 0.0029 -14.6 0.72 304 0.0 0.0662 37
R 234029 2 0.0194 0.0000 0.0298 0.0159 -13.8 1.00 1280 5.1 0.0366 37
R 234029 3 0.0189 0.0000 0.0360 0.0303 -14.8 0.26 936 23.7 0.0158 236
R 234029 4 0.0212 0.0000 0.0470 0.0205 -19.4 0.61 542 16.6 0.0125 206
R 234029 5 0.0226 0.0021 0.0108 0.0106 -26.7 1.44 397 6.0 0.0031 101
S 234330 2 0.0561 19.3 0.0000 0.0000 0.0000 -13.0
S 235330 2 0.0203 20.6 0.0000 0.0000 0.0000 -12.8
R 235330 0 0.0149 0.0019 0.1450 0.0000 -13.7 0.49 171 193.7 0.0000 0
R 235330 1 0.0247 0.0000 0.0028 0.0029 -14.6 0.72 304 1.3 0.0662 37
R 235330 2 0.0197 0.0000 0.0301 0.0155 -13.8 0.99 1300 0.0 0.0366 37
R 235330 3 0.0189 0.0000 0.0360 0.0303 -14.8 0.26 936 25.0 0.0158 236
R 235330 4 0.0212 0.0000 0.0470 0.0205 -19.4 0.61 542 17.9 0.0125 206
R 235330 5 0.0226 0.0021 0.0108 0.0106 -26.7 1.44 397 7.3 0.0031 101
S 236330 2 0.0036 26.7 0.0000 0.0254 0.0000 -14.0
S 237330 2 0.0127 33.0 0.0000 0.0282 0.0000 -14.5
S 238332 2 0.0035 33.6 0.0000 0.0178 0.0000 -14.2
S 239332 2 0.0119 32.9 0.0000 0.0000 0.0000 -14.4
S 240333 2 0.0283 30.0 0.0000 0.0000 0.0000 -13.9
E 241124 2 3 promote 0.0121 29.6 -13.6
R 241124 0 0.0149 0.0019 0.1450 0.0000 -13.7 0.49 171 199.5 0.0000 0
R 241124 1 0.0247 0.0000 0.0028 0.0029 -14.6 0.72 304 7.1 0.0662 37
R 241124 2 0.0189 0.0000 0.0299 0.0143 -13.8 0.95 1408 0.0 0.0366 37
R 241124 3 0.0189 0.0000 0.0360 0.0303 -14.8 0.26 936 30.8 0.0154 273
R 241124 4 0.0212 0.0000 0.0470 0.0205 -19.4 0.61 542 23.7 0.0125 206
R 241124 5 0.0226 0.0021 0.0108 0.0106 -26.7 1.44 397 13.1 0.0031 101
P 241124 3 pass 29.6 0.0137 2016 -13.6
S 241333 3 0.0178 30.0 0.0000 0.0000 0.0000 -15.0
S 242337 3 0.0081 29.0 0.0000 0.0000 0.0000 -14.7
S 243337 3 0.0054 28.6 0.0000 0.0000 0.0000 -14.9
S 244342 3 0.0195 25.4 0.0000 0.0311 0.0000 -14.6
S 245344 3 0.0069 24.1 0.0000 0.0161 0.0000 -14.7
R 245344 0 0.0149 0.0019 0.1450 0.0000 -13.7 0.49 171 203.7 0.0000 0
R 245344 1 0.0247 0.0000 0.0028 0.0029 -14.6 0.72 304 11.3 0.0662 37
R 245344 2 0.0189 0.0000 0.0299 0.0143 -13.8 0.95 1408 4.2 0.0366 37
R 245344 3 0.0182 0.0000 0.0347 0.0277 -14.8 0.25 1013 0.0 0.0154 273
R 245344 4 0.0212 0.0000 0.0470 0.0205 -19.4 0.61 542 27.9 0.0125 206
R 245344 5 0.0226 0.0021 0.0108 0.0106 -26.7 1.44 397 17.3 0.0031 101
S 246344 3 0.0049 24.6 0.0000 0.0000 0.0000 -14.6
S 247344 3 0.0267 21.2 0.0000 0.0000 0.0000 -14.3
P 247495 4 fail 17.5 0.2138 1269 -14.0
N 247495 4 1 257495
E 248051 3 2 s3_util 0.4476 19.7 -14.0
R 248051 0 0.0149 0.0019 0.1450 0.0000 -13.7 0.49 171 206.4 0.0000 0
R 248051 1 0.0247 0.0000 0.0028 0.0029 -14.6 0.72 304 14.0 0.0662 37
R 248051 2 0.0189 0.0000 0.0299 0.0143 -13.8 0.95 1408 6.9 0.0366 37
R 248051 3 0.0181 0.0000 0.0371 0.0328 -14.8 0.26 1056 0.0 0.0154 273
R 248051 4 0.0212 0.0000 0.0470 0.0205 -19.4 0.61 542 30.6 0.0137 229
R 248051 5 0.0226 0.0021 0.0108 0.0106 -26.7 1.44 397 20.0 0.0031 101
S 248345 2 0.0211 18.3 0.0000 0.0000 0.2308 -12.7
E 248615 2 1 s3_util 0.2301 19.1 -12.8
R 248615 0 0.0149 0.0019 0.1450 0.0000 -13.7 0.49 171 207.0 0.0000 0
R 248615 1 0.0247 0.0000 0.0028 0.0029 -14.6 0.72 304 14.6 0.0662 37
R 248615 2 0.0189 0.0000 0.0330 0.0211 -13.8 0.95 1414 0.0 0.0366 37
R 248615 3 0.0181 0.0000 0.0371 0.0328 -14.8 0.26 1056 0.6 0.0154 273
R 248615 4 0.0212 0.0000 0.0470 0.0205 -19.4 0.61 542 31.2 0.0137 229
R 248615 5 0.0226 0.0021 0.0108 0.0106 -26.7 1.44 397 20.6 0.0031 101
S 249345 1 0.0180 13.3 0.0000 0.0000 0.0000 -10.9
S 250346 1 0.0188 17.8 0.0000 0.0000 0.0000 -12.2
S 251346 1 0.0085 22.1 0.0000 0.0158 0.0000 -13.0
S 252346 1 0.0316 23.4 0.0000 0.0376 0.0000 -13.4
S 253347 1 0.0324 25.1 0.0000 0.0000 0.0000 -13.6
S 254350 1 0.0066 27.2 0.0000 0.0000 0.0000 -13.6
S 255350 1 0.0218 25.5 0.0000 0.0000 0.0000 -14.3
R 255350 0 0.0149 0.0019 0.1450 0.0000 -13.7 0.49 171 213.7 0.0000 0
R 255350 1 0.0245 0.0000 0.0037 0.0026 -14.4 0.90 424 0.0 0.0662 37
R 255350 2 0.0189 0.0000 0.0330 0.0211 -13.8 0.95 1414 6.7 0.0359 66
R 255350 3 0.0181 0.0000 0.0371 0.0328 -14.8 0.26 1056 7.3 0.0154 273
R 255350 4 0.0212 0.0000 0.0470 0.0205 -19.4 0.61 542 37.9 0.0137 229
R 255350 5 0.0226 0.0021 0.0108 0.0106 -26.7 1.44 397 27.3 0.0031 101
E 255742 1 2 promote 0.0177 29.2 -13.9
R 255742 0 0.0149 0.0019 0.1450 0.0000 -13.7 0.49 171 214.1 0.0000 0
R 255742 1 0.0245 0.0000 0.0037 0.0026 -14.4 0.90 432 0.0 0.0662 37
R 255742 2 0.0189 0.0000 0.0330 0.0211 -13.8 0.95 1414 7.1 0.0358 74
R 255742 3 0.0181 0.0000 0.0371 0.0328 -14.8 0.26 1056 7.7 0.0154 273
R 255742 4 0.0212 0.0000 0.0470 0.0205 -19.4 0.61 542 38.3 0.0137 229
R 255742 5 0.0226 0.0021 0.0108 0.0106 -26.7 1.44 397 27.7 0.0031 101
P 255742 2 pass 29.2 0.0505 2037 -13.9
S 256350 2 0.0000 26.0 0.0000 0.0231 0.0000 -13.8
S 257350 2 0.0056 22.6 0.0000 0.0448 0.0000 -13.8
S 258351 2 0.0287 26.8 0.0000 0.0000 0.0000 -13.7
S 259351 2 0.0098 20.9 0.0000 0.0000 0.0000 -13.2
S 260351 2 0.0213 17.4 0.0000 0.0095 0.0000 -12.5
S 261351 2 0.0186 17.2 0.0000 0.0000 0.0000 -12.4
P 261835 3 fail 15.2 0.2338 1022 -12.0
N 261835 3 1 271835
S 262351 2 0.0739 20.3 0.0000 0.2017 0.0000 -13.0
E 262393 2 1 s3_util 0.3271 23.9 -13.5
R 262393 0 0.0149 0.0019 0.1450 0.0000 -13.7 0.49 171 220.7 0.0000 0
R 262393 1 0.0245 0.0000 0.0037 0.0026 -14.4 0.90 432 6.7 0.0662 37
R 262393 2 0.0193 0.0000 0.0337 0.0200 -13.7 0.97 1528 0.0 0.0358 74
R 262393 3 0.0181 0.0000 0.0371 0.0328 -14.8 0.26 1056 14.3 0.0166 291
R 262393 4 0.0212 0.0000 0.0470 0.0205 -19.4 0.61 542 45.0 0.0137 229
R 262393 5 0.0226 0.0021 0.0108 0.0106 -26.7 1.44 397 34.3 0.0031 101
S 263358 1 0.0044 19.6 0.0000 0.0476 0.0000 -13.2
S 264358 1 0.0295 24.6 0.0000 0.0093 0.0000 -13.7
S 265362 1 0.0000 24.0 0.0000 0.0000 0.0000 -13.2
R 265362 0 0.0149 0.0019 0.1450 0.0000 -13.7 0.49 171 223.7 0.0000 0
R 265362 1 0.0241 0.0000 0.0072 0.0134 -14.3 0.94 484 0.0 0.0662 37
R 265362 2 0.0193 0.0000 0.0337 0.0200 -13.7 0.97 1528 3.0 0.0358 74
R 265362 3 0.0181 0.0000 0.0371 0.0328 -14.8 0.26 1056 17.3 0.0166 291
R 265362 4 0.0212 0.0000 0.0470 0.0205 -19.4 0.61 542 47.9 0.0137 229
R 265362 5 0.0226 0.0021 0.0108 0.0106 -26.7 1.44 397 37.3 0.0031 101
S 266364 1 0.0000 27.5 0.0000 0.0000 0.0000 -13.5
S 267366 1 0.0390 29.0 0.0000 0.0000 0.0000 -13.8
S 268366 1 0.0288 28.4 0.0000 0.0000 0.0000 -13.1
S 269374 1 0.0000 32.6 0.0000 0.0000 0.0000 -13.5
E 269513 1 2 promote 0.0000 32.5 -13.4
R 269513 0 0.0149 0.0019 0.1450 0.0000 -13.7 0.49 171 227.9 0.0000 0
R 269513 1 0.0243 0.0000 0.0069 0.0128 -14.2 0.93 555 0.0 0.0662 37
R 269513 2 0.0193 0.0000 0.0337 0.0200 -13.7 0.97 1528 7.1 0.0346 103
R 269513 3 0.0181 0.0000 0.0371 0.0328 -14.8 0.26 1056 21.5 0.0166 291
R 269513 4 0.0212 0.0000 0.0470 0.0205 -19.4 0.61 542 52.1 0.0137 229
R 269513 5 0.0226 0.0021 0.0108 0.0106 -26.7 1.44 397 41.5 0.0031 101
P 269513 2 pass 32.5 0.0000 2038 -13.4
S 270381 2 0.0055 31.8 0.0000 0.0149 0.0000 -14.2
S 271381 2 0.0111 31.5 0.0000 0.0000 0.0000 -14.2
S 272384 2 0.0148 31.0 0.0000 0.0000 0.0000 -14.1
S 273385 2 0.0282 33.1 0.0000 0.0000 0.0000 -13.9
S 274385 2 0.0197 35.1 0.0000 0.0000 0.0000 -14.0
S 275386 2 0.0062 32.7 0.0000 0.0000 0.0000 -14.4
R 275386 0 0.0149 0.0019 0.1450 0.0000 -13.7 0.49 171 233.7 0.0000 0
R 275386 1 0.0243 0.0000 0.0069 0.0128 -14.2 0.93 555 5.9 0.0662 37
R 275386 2 0.0188 0.0000 0.0318 0.0179 -13.8 0.92 1631 0.0 0.0346 103
R 275386 3 0.0181 0.0000 0.0371 0.0328 -14.8 0.26 1056 27.3 0.0165 304
R 275386 4 0.0212 0.0000 0.0470 0.0205 -19.4 0.61 542 58.0 0.0137 229
R 275386 5 0.0226 0.0021 0.0108 0.0106 -26.7 1.44 397 47.3 0.0031 101
S 276386 2 0.0290 34.5 0.0000 0.0000 0.0000 -14.1
E 276638 2 3 promote 0.0111 33.6 -14.1
R 276638 0 0.0149 0.0019 0.1450 0.0000 -13.7 0.49 171 235.0 0.0000 0
R 276638 1 0.0243 0.0000 0.0069 0.0128 -14.2 0.93 555 7.1 0.0662 37
R 276638 2 0.0186 0.0000 0.0318 0.0179 -13.8 0.92 1656 0.0 0.0346 103
R 276638 3 0.0181 0.0000 0.0371 0.0328 -14.8 0.26 1056 28.6 0.0163 329
R 276638 4 0.0212 0.0000 0.0470 0.0205 -19.4 0.61 542 59.2 0.0137 229
R 276638 5 0.0226 0.0021 0.0108 0.0106 -26.7 1.44 397 48.6 0.0031 101
P 276638 3 pass 33.6 0.0085 2043 -14.1
S 277390 3 0.0084 34.3 0.0000 0.0168 0.0000 -14.8
S 278390 3 0.0123 33.7 0.0000 0.0419 0.0000 -14.8
S 279390 3 0.0054 34.0 0.0000 0.0380 0.0000 -14.8
S 280394 3 0.0139 34.4 0.0000 0.0352 0.0000 -14.7
S 281394 3 0.0144 33.9 0.0000 0.0000 0.0000 -14.8
S 282396 3 0.0105 34.3 0.0000 0.0000 0.0000 -14.9
S 283397 3 0.0146 34.4 0.0000 0.0000 0.0000 -14.8
E 283729 3 4 promote 0.0174 34.1 -15.0
R 283729 0 0.0149 0.0019 0.1450 0.0000 -13.7 0.49 171 242.1 0.0000 0
R 283729 1 0.0243 0.0000 0.0069 0.0128 -14.2 0.93 555 14.2 0.0662 37
R 283729 2 0.0186 0.0000 0.0318 0.0179 -13.8 0.92 1656 7.1 0.0346 103
R 283729 3 0.0175 0.0000 0.0357 0.0294 -14.8 0.25 1183 0.0 0.0163 329
R 283729 4 0.0212 0.0000 0.0470 0.0205 -19.4 0.61 542 66.3 0.0134 265
R 283729 5 0.0226 0.0021 0.0108 0.0106 -26.7 1.44 397 55.7 0.0031 101
P 283729 4 pass 34.1 0.0000 2018 -15.0
S 284397 4 0.0149 34.6 0.0000 0.0616 0.0000 -19.4
S 285397 4 0.0298 33.7 0.0000 0.0000 0.0000 -19.9
R 285397 0 0.0149 0.0019 0.1450 0.0000 -13.7 0.49 171 243.8 0.0000 0
R 285397 1 0.0243 0.0000 0.0069 0.0128 -14.2 0.93 555 15.9 0.0662 37
R 285397 2 0.0186 0.0000 0.0318 0.0179 -13.8 0.92 1656 8.8 0.0346 103
R 285397 3 0.0175 0.0000 0.0357 0.0294 -14.8 0.25 1183 1.7 0.0163 329
R 285397 4 0.0214 0.0000 0.0463 0.0199 -19.4 0.61 568 0.0 0.0134 265
R 285397 5 0.0226 0.0021 0.0108 0.0106 -26.7 1.44 397 57.3 0.0031 101
S 286400 4 0.0138 33.9 0.0000 0.0755 0.0000 -19.5
S 287400 4 0.0167 33.4 0.0000 0.0000 0.0000 -19.4
S 288403 4 0.0096 34.0 0.0000 0.0000 0.0000 -19.5
S 289403 4 0.0101 33.6 0.0000 0.0000 0.0000 -19.4
S 290405 4 0.0349 35.1 0.0000 0.0000 0.0000 -19.0
E 290827 4 5 promote 0.0342 33.7 -19.3
R 290827 0 0.0149 0.0019 0.1450 0.0000 -13.7 0.49 171 249.2 0.0000 0
R 290827 1 0.0243 0.0000 0.0069 0.0128 -14.2 0.93 555 21.3 0.0662 37
R 290827 2 0.0186 0.0000 0.0318 0.0179 -13.8 0.92 1656 14.2 0.0346 103
R 290827 3 0.0175 0.0000 0.0357 0.0294 -14.8 0.25 1183 7.1 0.0163 329
R 290827 4 0.0212 0.0000 0.0444 0.0184 -19.4 0.58 668 0.0 0.0134 265
R 290827 5 0.0226 0.0021 0.0108 0.0106 -26.7 1.44 397 62.8 0.0036 138
P 290827 5 pass 33.7 0.0070 2023 -19.3
S 291406 5 0.0281 34.6 0.0000 0.0000 0.0000 -28.6
S 292409 5 0.0286 34.1 0.0000 0.0493 0.0000 -28.1
S 293410 5 0.0066 33.3 0.0000 0.0000 0.0000 -30.8
S 294411 5 0.0316 34.0 0.0000 0.0246 0.0000 -28.1
