ctllog 1 ladder=0/100,1/100,2/50,3/50,4/25,5/25 down_util=0.20 up_util=0.15
S 8993 0 0.0000 34.4 0.1232 0.0000 0.0000 -14.0
S 15416 0 0.0000 33.7 0.1206 0.0000 0.0000 -14.0
S 16417 0 0.0387 34.0 0.0000 0.0696 0.0000 -14.2
S 17421 0 0.0378 35.4 0.0000 0.0325 0.0000 -14.1
S 18421 0 0.0333 34.5 0.0000 0.0000 0.0000 -14.2
S 19423 0 0.0000 34.7 0.0000 0.0893 0.0000 -14.0
S 20423 0 0.0300 34.1 0.0000 0.0698 0.0000 -13.8
S 21433 0 0.0000 33.9 0.0000 0.0000 0.0000 -14.6
S 22435 0 0.0405 33.9 0.0000 0.0000 0.0000 -13.9
E 22473 0 1 promote 0.0402 34.1 -13.8
R 22473 0 0.0041 0.8665 0.7452 0.0000 -14.0 0.11 125 0.0 0.0000 0
R 22473 1 0.0000 0.0000 0.0000 0.0000 nan nan 0 -1.0 0.0504 36
P 22473 1 pass 34.1 0.0000 2038 -13.8
S 23437 1 0.0000 35.2 0.0000 0.0000 0.0000 -15.1
S 24445 1 0.0224 34.5 0.0000 0.0175 0.0000 -14.2
S 25449 1 0.0293 34.5 0.0000 0.0000 0.0000 -14.0
R 25449 0 0.0041 0.8665 0.7452 0.0000 -14.0 0.11 125 3.0 0.0000 0
R 25449 1 0.0160 0.0000 0.0794 0.0000 -14.2 0.06 51 0.0 0.0504 36
S 26449 1 0.0331 34.3 0.0000 0.0177 0.0000 -14.1
S 27449 1 0.0000 34.9 0.0000 0.0000 0.0000 -13.9
S 28449 1 0.0228 35.0 0.0000 0.0000 0.0000 -13.9
S 29449 1 0.0116 35.0 0.0000 0.0000 0.0000 -14.0
E 29559 1 2 promote 0.0283 34.3 -15.3
R 29559 0 0.0041 0.8665 0.7452 0.0000 -14.0 0.11 125 7.1 0.0000 0
R 29559 1 0.0165 0.0000 0.0766 0.0000 -14.2 0.16 126 0.0 0.0504 36
R 29559 2 0.0000 0.0000 0.0000 0.0000 nan nan 0 -1.0 0.0003 36
P 29559 2 pass 34.3 0.0317 2017 -15.3
S 30449 2 0.0259 34.3 0.0000 0.0000 0.0000 -14.1
S 31450 2 0.0139 34.9 0.0000 0.0000 0.0000 -14.1
S 32450 2 0.0292 33.8 0.0000 0.0220 0.0000 -14.0
S 33451 2 0.0159 35.5 0.0000 0.0381 0.0000 -14.1
S 34451 2 0.0226 33.9 0.0000 0.0806 0.0000 -14.3
S 35453 2 0.0491 33.5 0.0000 0.0000 0.0000 -14.1
R 35453 0 0.0041 0.8665 0.7452 0.0000 -14.0 0.11 125 13.0 0.0000 0
R 35453 1 0.0165 0.0000 0.0766 0.0000 -14.2 0.16 126 5.9 0.0504 36
R 35453 2 0.0341 0.0000 0.0422 0.0000 -15.3 0.39 101 0.0 0.0003 36
R 35453 3 0.0000 0.0000 0.0000 0.0000 nan nan 0 -1.0 0.0004 13
S 36461 2 0.0147 35.7 0.0000 0.0000 0.0000 -14.3
E 36635 2 3 promote 0.0168 35.5 -14.4
R 36635 0 0.0041 0.8665 0.7452 0.0000 -14.0 0.11 125 14.2 0.0000 0
R 36635 1 0.0165 0.0000 0.0766 0.0000 -14.2 0.16 126 7.1 0.0504 36
R 36635 2 0.0337 0.0000 0.0422 0.0000 -15.3 0.41 124 0.0 0.0003 36
R 36635 3 0.0000 0.0000 0.0000 0.0000 nan nan 0 -1.0 0.0007 36
P 36635 3 pass 35.5 0.0000 2002 -14.4
S 37467 3 0.0359 35.0 0.0000 0.0256 0.0000 -15.0
S 38470 3 0.0129 35.3 0.0000 0.0141 0.0000 -14.9
S 39470 3 0.0139 34.1 0.0000 0.0184 0.0000 -15.0
S 40470 3 0.0246 34.5 0.0000 0.0337 0.0000 -15.0
S 41472 3 0.0125 34.5 0.0000 0.0384 0.0000 -15.8
S 42473 3 0.0248 35.2 0.0000 0.0000 0.0000 -15.0
S 43473 3 0.0084 34.1 0.0000 0.0000 0.0000 -15.4
E 43773 3 4 promote 0.0095 34.4 -15.1
R 43773 0 0.0041 0.8665 0.7452 0.0000 -14.0 0.11 125 21.3 0.0000 0
R 43773 1 0.0165 0.0000 0.0766 0.0000 -14.2 0.16 126 14.2 0.0504 36
R 43773 2 0.0337 0.0000 0.0422 0.0000 -15.3 0.41 124 7.1 0.0003 36
R 43773 3 0.0232 0.0000 0.0415 0.0000 -14.9 0.11 127 0.0 0.0007 36
R 43773 4 0.0000 0.0000 0.0000 0.0000 nan nan 0 -1.0 0.0253 37
P 43773 4 pass 34.4 0.0262 2048 -15.1
S 44476 4 0.0124 33.2 0.0000 0.0000 0.0000 -19.9
S 45479 4 0.0523 33.2 0.0000 0.0000 0.0000 -19.9
R 45479 0 0.0041 0.8665 0.7452 0.0000 -14.0 0.11 125 23.0 0.0000 0
R 45479 1 0.0165 0.0000 0.0766 0.0000 -14.2 0.16 126 15.9 0.0504 36
R 45479 2 0.0337 0.0000 0.0422 0.0000 -15.3 0.41 124 8.8 0.0003 36
R 45479 3 0.0232 0.0000 0.0415 0.0000 -14.9 0.11 127 1.7 0.0007 36
R 45479 4 0.0161 0.0000 0.0000 0.0000 -19.9 0.02 27 0.0 0.0253 37
S 46486 4 0.0163 33.7 0.0000 0.0608 0.0000 -19.9
S 47486 4 0.0098 33.2 0.0000 0.0000 0.0000 -20.1
S 48490 4 0.0210 34.0 0.0000 0.0000 0.0000 -20.1
S 49493 4 0.0084 34.8 0.0000 0.0000 0.0000 -19.7
S 50501 4 0.0242 34.0 0.0000 0.0000 0.0000 -19.8
E 50864 4 5 promote 0.0106 33.3 -20.2
R 50864 0 0.0041 0.8665 0.7452 0.0000 -14.0 0.11 125 28.4 0.0000 0
R 50864 1 0.0165 0.0000 0.0766 0.0000 -14.2 0.16 126 21.3 0.0504 36
R 50864 2 0.0337 0.0000 0.0422 0.0000 -15.3 0.41 124 14.2 0.0003 36
R 50864 3 0.0232 0.0000 0.0415 0.0000 -14.9 0.11 127 7.1 0.0007 36
R 50864 4 0.0164 0.0000 0.0031 0.0000 -19.9 0.09 126 0.0 0.0253 37
R 50864 5 0.0000 0.0000 0.0000 0.0000 nan nan 0 -1.0 0.0095 36
P 50864 5 pass 33.3 0.0297 2015 -20.2
S 51501 5 0.0471 34.1 0.0000 0.0292 0.0000 -29.5
S 52501 5 0.0081 33.3 0.0000 0.0492 0.0000 -29.2
S 53502 5 0.0080 33.1 0.0000 0.0529 0.0000 -29.1
S 54502 5 0.0102 33.3 0.0000 0.0000 0.0000 -28.8
S 55504 5 0.0267 33.3 0.0000 0.0000 0.0000 -29.2
R 55504 0 0.0041 0.8665 0.7452 0.0000 -14.0 0.11 125 33.0 0.0000 0
R 55504 1 0.0165 0.0000 0.0766 0.0000 -14.2 0.16 126 25.9 0.0504 36
R 55504 2 0.0337 0.0000 0.0422 0.0000 -15.3 0.41 124 18.9 0.0003 36
R 55504 3 0.0232 0.0000 0.0415 0.0000 -14.9 0.11 127 11.7 0.0007 36
R 55504 4 0.0164 0.0000 0.0031 0.0000 -19.9 0.09 126 4.6 0.0253 37
R 55504 5 0.0410 0.0000 0.0304 0.0000 -29.4 0.17 83 0.0 0.0095 36
S 56505 5 0.0559 32.4 0.0000 0.0780 0.0000 -29.1
S 57505 5 0.0224 33.5 0.0000 0.0000 0.0000 -29.0
S 58506 5 0.0290 33.6 0.0000 0.0468 0.0000 -29.0
S 59509 5 0.0167 34.8 0.0000 0.0426 0.0000 -29.0
S 60510 5 0.0152 33.7 0.0000 0.0242 0.0000 -28.8
S 61510 5 0.0224 34.8 0.0000 0.0576 0.0000 -28.8
S 62510 5 0.0172 33.5 0.0000 0.0372 0.0000 -29.0
S 63511 5 0.0247 35.1 0.0000 0.0639 0.0000 -28.7
S 64512 5 0.0072 34.3 0.0000 0.0180 0.0000 -29.0
S 65512 5 0.0000 33.8 0.0000 0.0293 0.0000 -29.4
R 65512 0 0.0041 0.8665 0.7452 0.0000 -14.0 0.11 125 43.0 0.0000 0
R 65512 1 0.0165 0.0000 0.0766 0.0000 -14.2 0.16 126 36.0 0.0504 36
R 65512 2 0.0337 0.0000 0.0422 0.0000 -15.3 0.41 124 28.9 0.0003 36
R 65512 3 0.0232 0.0000 0.0415 0.0000 -14.9 0.11 127 21.7 0.0007 36
R 65512 4 0.0164 0.0000 0.0031 0.0000 -19.9 0.09 126 14.6 0.0253 37
R 65512 5 0.0367 0.0000 0.0310 0.0000 -29.3 0.26 275 0.0 0.0095 36
S 66515 5 0.0344 33.3 0.0000 0.0000 0.0000 -28.6
S 67516 5 0.0115 33.5 0.0000 0.0000 0.0000 -28.7
S 68517 5 0.0166 34.1 0.0000 0.0000 0.0000 -28.7
S 69520 5 0.0000 33.8 0.0000 0.0175 0.0000 -28.5
S 70521 5 0.0391 32.9 0.0000 0.0000 0.0000 -27.7
S 71521 5 0.0343 33.4 0.0000 0.0000 0.0000 -28.4
S 72523 5 0.0123 33.7 0.0000 0.0330 0.0000 -28.4
S 73523 5 0.0217 33.2 0.0000 0.0000 0.0000 -27.9
S 74523 5 0.0352 32.8 0.0000 0.0000 0.0000 -27.5
S 75525 5 0.0124 32.6 0.0000 0.0185 0.0000 -28.3
R 75525 0 0.0041 0.8665 0.7452 0.0000 -14.0 0.11 125 53.1 0.0000 0
R 75525 1 0.0165 0.0000 0.0766 0.0000 -14.2 0.16 126 46.0 0.0504 36
R 75525 2 0.0337 0.0000 0.0422 0.0000 -15.3 0.41 124 38.9 0.0003 36
R 75525 3 0.0232 0.0000 0.0415 0.0000 -14.9 0.11 127 31.8 0.0007 36
R 75525 4 0.0164 0.0000 0.0031 0.0000 -19.9 0.09 126 24.7 0.0253 37
R 75525 5 0.0326 0.0000 0.0271 0.0000 -29.1 0.45 465 0.0 0.0095 36
S 76528 5 0.0131 32.6 0.0000 0.0000 0.0000 -28.1
S 77529 5 0.0049 32.6 0.0000 0.0000 0.0000 -28.5
S 78529 5 0.0136 32.6 0.0000 0.0000 0.0000 -28.1
S 79529 5 0.0441 33.1 0.0000 0.0000 0.0000 -28.1
S 80529 5 0.0157 34.4 0.0000 0.0000 0.0000 -28.6
S 81534 5 0.0103 32.8 0.0000 0.0000 0.0000 -28.4
S 82534 5 0.0048 32.4 0.0000 0.0146 0.0000 -28.3
S 83535 5 0.0072 32.3 0.0000 0.0000 0.0000 -28.3
S 84538 5 0.0226 33.1 0.0000 0.0000 0.0000 -27.9
S 85538 5 0.0333 24.0 0.0000 0.0000 0.0000 -22.7
R 85538 0 0.0041 0.8665 0.7452 0.0000 -14.0 0.11 125 63.1 0.0000 0
R 85538 1 0.0165 0.0000 0.0766 0.0000 -14.2 0.16 126 56.0 0.0504 36
R 85538 2 0.0337 0.0000 0.0422 0.0000 -15.3 0.41 124 48.9 0.0003 36
R 85538 3 0.0232 0.0000 0.0415 0.0000 -14.9 0.11 127 41.8 0.0007 36
R 85538 4 0.0164 0.0000 0.0031 0.0000 -19.9 0.09 126 34.7 0.0253 37
R 85538 5 0.0296 0.0000 0.0236 0.0000 -28.9 0.91 655 0.0 0.0095 36
S 86539 5 0.0133 24.9 0.0000 0.0965 0.0000 -23.1
S 87548 5 0.0184 22.6 0.0000 0.0000 0.0000 -22.1
S 88554 5 0.0392 22.9 0.0000 0.0506 0.0000 -21.8
S 89561 5 0.0836 18.5 0.0000 0.0597 0.0000 -20.4
E 90276 5 4 s3_util 0.5295 23.0 -21.2
R 90276 0 0.0041 0.8665 0.7452 0.0000 -14.0 0.11 125 67.8 0.0000 0
R 90276 1 0.0165 0.0000 0.0766 0.0000 -14.2 0.16 126 60.7 0.0504 36
R 90276 2 0.0337 0.0000 0.0422 0.0000 -15.3 0.41 124 53.6 0.0003 36
R 90276 3 0.0232 0.0000 0.0415 0.0000 -14.9 0.11 127 46.5 0.0007 36
R 90276 4 0.0164 0.0000 0.0031 0.0000 -19.9 0.09 126 39.4 0.0253 37
R 90276 5 0.0323 0.0000 0.0278 0.0081 -28.2 2.18 746 0.0 0.0095 36
S 90563 4 0.0780 24.6 0.0000 0.0000 0.0275 -18.1
S 91568 4 0.0157 22.9 0.0000 0.0241 0.0000 -18.2
S 92572 4 0.0193 21.2 0.0000 0.0000 0.0000 -17.1
S 93575 4 0.0255 21.9 0.0000 0.2656 0.0333 -18.0
E 93775 4 3 s3_util 0.2920 19.4 -16.4
R 93775 0 0.0041 0.8665 0.7452 0.0000 -14.0 0.11 125 71.3 0.0000 0
R 93775 1 0.0165 0.0000 0.0766 0.0000 -14.2 0.16 126 64.2 0.0504 36
R 93775 2 0.0337 0.0000 0.0422 0.0000 -15.3 0.41 124 57.1 0.0003 36
R 93775 3 0.0232 0.0000 0.0415 0.0000 -14.9 0.11 127 50.0 0.0007 36
R 93775 4 0.0168 0.0000 0.0081 0.0177 -19.7 0.59 188 0.0 0.0253 37
R 93775 5 0.0323 0.0000 0.0278 0.0081 -28.2 2.18 746 3.5 0.0095 36
S 94575 3 0.0089 21.7 0.0000 0.0338 0.0000 -14.5
S 95575 3 0.0150 20.7 0.0000 0.0732 0.0000 -14.2
R 95575 0 0.0041 0.8665 0.7452 0.0000 -14.0 0.11 125 73.1 0.0000 0
R 95575 1 0.0165 0.0000 0.0766 0.0000 -14.2 0.16 126 66.0 0.0504 36
R 95575 2 0.0337 0.0000 0.0422 0.0000 -15.3 0.41 124 58.9 0.0003 36
R 95575 3 0.0228 0.0000 0.0414 0.0000 -14.9 0.15 157 0.0 0.0007 36
R 95575 4 0.0168 0.0000 0.0081 0.0177 -19.7 0.59 188 1.8 0.0253 37
R 95575 5 0.0323 0.0000 0.0278 0.0081 -28.2 2.18 746 5.3 0.0095 36
S 96575 3 0.0416 19.1 0.0000 0.0390 0.0000 -14.2
E 97100 3 2 s3_util 0.3974 19.6 -14.2
R 97100 0 0.0041 0.8665 0.7452 0.0000 -14.0 0.11 125 74.6 0.0000 0
R 97100 1 0.0165 0.0000 0.0766 0.0000 -14.2 0.16 126 67.5 0.0504 36
R 97100 2 0.0337 0.0000 0.0422 0.0000 -15.3 0.41 124 60.5 0.0003 36
R 97100 3 0.0235 0.0000 0.0433 0.0000 -14.9 0.20 187 0.0 0.0007 36
R 97100 4 0.0168 0.0000 0.0081 0.0177 -19.7 0.59 188 3.3 0.0253 37
R 97100 5 0.0323 0.0000 0.0278 0.0081 -28.2 2.18 746 6.8 0.0095 36
S 97576 2 0.0201 15.7 0.0000 0.0702 0.0000 -12.0
S 98576 2 0.0218 18.5 0.0000 0.1496 0.0000 -12.6
S 99577 2 0.0416 19.8 0.0000 0.0226 0.0000 -13.3
S 100577 2 0.0000 14.5 0.0000 0.0265 0.0000 -12.0
S 101583 2 0.0234 20.0 0.0000 0.0000 0.0000 -13.1
S 102583 2 0.0316 19.1 0.0000 0.0000 0.0000 -13.1
P 103151 3 fail 21.1 0.2391 985 -13.2
N 103151 3 1 113151
S 103583 2 0.0143 25.0 0.0000 0.9174 0.2510 -13.7
E 103704 2 1 s3_util 0.9074 22.2 -13.3
R 103704 0 0.0041 0.8665 0.7452 0.0000 -14.0 0.11 125 81.2 0.0000 0
R 103704 1 0.0165 0.0000 0.0766 0.0000 -14.2 0.16 126 74.1 0.0504 36
R 103704 2 0.0325 0.0000 0.0473 0.0069 -14.9 1.01 238 0.0 0.0003 36
R 103704 3 0.0235 0.0000 0.0433 0.0000 -14.9 0.20 187 6.6 0.0017 53
R 103704 4 0.0168 0.0000 0.0081 0.0177 -19.7 0.59 188 9.9 0.0253 37
R 103704 5 0.0323 0.0000 0.0278 0.0081 -28.2 2.18 746 13.4 0.0095 36
S 104583 1 0.0179 15.3 0.0000 0.0000 0.0000 -11.6
S 105583 1 0.0152 24.2 0.0000 0.0000 0.0000 -13.5
R 105583 0 0.0041 0.8665 0.7452 0.0000 -14.0 0.11 125 83.1 0.0000 0
R 105583 1 0.0165 0.0000 0.0755 0.0045 -14.1 0.31 157 0.0 0.0504 36
R 105583 2 0.0325 0.0000 0.0473 0.0069 -14.9 1.01 238 1.9 0.0003 36
R 105583 3 0.0235 0.0000 0.0433 0.0000 -14.9 0.20 187 8.5 0.0017 53
R 105583 4 0.0168 0.0000 0.0081 0.0177 -19.7 0.59 188 11.8 0.0253 37
R 105583 5 0.0323 0.0000 0.0278 0.0081 -28.2 2.18 746 15.3 0.0095 36
S 106584 1 0.0549 22.6 0.0000 0.0000 0.0000 -13.5
E 107073 1 0 residual 0.0738 22.7 -13.4
R 107073 0 0.0041 0.8665 0.7452 0.0000 -14.0 0.11 125 84.6 0.0000 0
R 107073 1 0.0171 0.0012 0.0738 0.0044 -14.1 0.37 185 0.0 0.0504 36
R 107073 2 0.0325 0.0000 0.0473 0.0069 -14.9 1.01 238 3.4 0.0003 36
R 107073 3 0.0235 0.0000 0.0433 0.0000 -14.9 0.20 187 10.0 0.0017 53
R 107073 4 0.0168 0.0000 0.0081 0.0177 -19.7 0.59 188 13.3 0.0253 37
R 107073 5 0.0323 0.0000 0.0278 0.0081 -28.2 2.18 746 16.8 0.0095 36
S 107585 0 0.0361 24.8 0.0000 0.0000 0.0000 -14.2
S 108585 0 0.0533 16.0 0.0000 0.0328 0.0000 -12.2
S 109586 0 0.0455 17.5 0.0000 0.0000 0.0000 -12.9
S 110592 0 0.0000 17.5 0.0000 0.0000 0.0000 -12.2
S 111593 0 0.0000 17.3 0.0000 0.0000 0.0000 -11.8
E 112528 0 1 promote 0.0000 16.7 -11.8
R 112528 0 0.0071 0.7738 0.7011 0.0000 -13.8 0.53 223 0.0 0.0000 0
R 112528 1 0.0171 0.0012 0.0738 0.0044 -14.1 0.37 185 5.5 0.0504 36
R 112528 2 0.0325 0.0000 0.0473 0.0069 -14.9 1.01 238 8.8 0.0003 36
R 112528 3 0.0235 0.0000 0.0433 0.0000 -14.9 0.20 187 15.4 0.0017 53
R 112528 4 0.0168 0.0000 0.0081 0.0177 -19.7 0.59 188 18.8 0.0253 37
R 112528 5 0.0323 0.0000 0.0278 0.0081 -28.2 2.18 746 22.3 0.0095 36
S 112593 1 0.0000 18.0 0.0000 0.0000 0.0000 -12.2
S 113593 1 0.0265 17.1 0.0000 0.0288 0.0000 -12.5
S 114602 1 0.0302 12.7 0.0000 0.0000 0.0000 -10.8
S 115602 1 0.0163 16.1 0.0000 0.0000 0.0000 -12.3
R 115602 0 0.0071 0.7738 0.7011 0.0000 -13.8 0.53 223 3.1 0.0000 0
R 115602 1 0.0178 0.0011 0.0708 0.0041 -14.0 0.54 237 0.0 0.0504 36
R 115602 2 0.0325 0.0000 0.0473 0.0069 -14.9 1.01 238 11.9 0.0003 36
R 115602 3 0.0235 0.0000 0.0433 0.0000 -14.9 0.20 187 18.5 0.0017 53
R 115602 4 0.0168 0.0000 0.0081 0.0177 -19.7 0.59 188 21.8 0.0253 37
R 115602 5 0.0323 0.0000 0.0278 0.0081 -28.2 2.18 746 25.3 0.0095 36
S 116603 1 0.0000 25.7 0.0000 0.0000 0.0000 -13.8
S 117610 1 0.0000 15.1 0.0000 0.0000 0.0000 -11.5
P 118179 2 abort 22.2 0.0000 561 -13.3
S 118613 1 0.0000 22.0 0.0000 0.0000 0.0000 -13.3
S 119613 1 0.0000 23.0 0.0000 0.0000 0.0000 -13.3
S 120619 1 0.0000 19.2 0.0000 0.0000 0.0000 -12.8
S 121620 1 0.0000 16.1 0.0000 0.0000 0.0000 -12.1
S 122621 1 0.0000 17.1 0.0000 0.0000 0.0000 -12.1
S 123621 1 0.0849 18.4 0.0000 0.0000 0.0000 -13.0
S 124622 1 0.0000 19.5 0.0000 0.0000 0.0000 -13.3
E 125275 1 2 promote 0.0341 21.2 -13.1
R 125275 0 0.0071 0.7738 0.7011 0.0000 -13.8 0.53 223 12.7 0.0000 0
R 125275 1 0.0170 0.0009 0.0657 0.0038 -13.8 0.73 398 0.0 0.0504 36
R 125275 2 0.0325 0.0000 0.0473 0.0069 -14.9 1.01 238 21.6 0.0003 71
R 125275 3 0.0235 0.0000 0.0433 0.0000 -14.9 0.20 187 28.2 0.0017 53
R 125275 4 0.0168 0.0000 0.0081 0.0177 -19.7 0.59 188 31.5 0.0253 37
R 125275 5 0.0323 0.0000 0.0278 0.0081 -28.2 2.18 746 35.0 0.0095 36
P 125275 2 pass 21.2 0.0000 2010 -13.1
S 125622 2 0.0227 24.8 0.0000 0.0000 0.0000 -13.8
R 125622 0 0.0071 0.7738 0.7011 0.0000 -13.8 0.53 223 13.1 0.0000 0
R 125622 1 0.0170 0.0009 0.0657 0.0038 -13.8 0.73 398 0.3 0.0504 36
R 125622 2 0.0325 0.0000 0.0473 0.0069 -14.9 1.01 239 0.0 0.0003 71
R 125622 3 0.0235 0.0000 0.0433 0.0000 -14.9 0.20 187 28.5 0.0017 53
R 125622 4 0.0168 0.0000 0.0081 0.0177 -19.7 0.59 188 31.8 0.0253 37
R 125622 5 0.0323 0.0000 0.0278 0.0081 -28.2 2.18 746 35.3 0.0095 36
S 126625 2 0.0085 24.3 0.0000 0.0000 0.0000 -14.1
S 127625 2 0.0167 21.7 0.0000 0.0228 0.0000 -13.5
S 128628 2 0.0230 21.2 0.0000 0.0000 0.0000 -13.8
S 129633 2 0.0141 24.7 0.0000 0.0153 0.0000 -13.7
S 130640 2 0.0202 22.9 0.0000 0.0000 0.0000 -13.7
S 131640 2 0.0135 18.5 0.0000 0.0000 0.0000 -12.9
E 132423 2 3 promote 0.0298 22.2 -13.4
R 132423 0 0.0071 0.7738 0.7011 0.0000 -13.8 0.53 223 19.9 0.0000 0
R 132423 1 0.0170 0.0009 0.0657 0.0038 -13.8 0.73 398 7.1 0.0504 36
R 132423 2 0.0311 0.0000 0.0459 0.0062 -14.7 1.07 367 0.0 0.0003 71
R 132423 3 0.0235 0.0000 0.0433 0.0000 -14.9 0.20 187 35.3 0.0026 90
R 132423 4 0.0168 0.0000 0.0081 0.0177 -19.7 0.59 188 38.6 0.0253 37
R 132423 5 0.0323 0.0000 0.0278 0.0081 -28.2 2.18 746 42.1 0.0095 36
P 132423 3 pass 22.2 0.0322 2045 -13.4
S 132640 3 0.0403 21.3 0.0000 0.0000 0.0000 -14.4
S 133646 3 0.0400 16.5 0.0000 0.0183 0.0000 -14.1
S 134646 3 0.0112 21.0 0.0000 0.0184 0.0000 -14.2
S 135646 3 0.0406 20.0 0.0000 0.0488 0.0000 -14.3
R 135646 0 0.0071 0.7738 0.7011 0.0000 -13.8 0.53 223 23.1 0.0000 0
R 135646 1 0.0170 0.0009 0.0657 0.0038 -13.8 0.73 398 10.4 0.0504 36
R 135646 2 0.0311 0.0000 0.0459 0.0062 -14.7 1.07 367 3.2 0.0003 71
R 135646 3 0.0236 0.0000 0.0458 0.0112 -14.8 0.25 243 0.0 0.0026 90
R 135646 4 0.0168 0.0000 0.0081 0.0177 -19.7 0.59 188 41.9 0.0253 37
R 135646 5 0.0323 0.0000 0.0278 0.0081 -28.2 2.18 746 45.4 0.0095 36
E 136453 3 2 s3_util 0.4824 16.8 -13.9
R 136453 0 0.0071 0.7738 0.7011 0.0000 -13.8 0.53 223 23.9 0.0000 0
R 136453 1 0.0170 0.0009 0.0657 0.0038 -13.8 0.73 398 11.2 0.0504 36
R 136453 2 0.0311 0.0000 0.0459 0.0062 -14.7 1.07 367 4.0 0.0003 71
R 136453 3 0.0246 0.0000 0.0485 0.0167 -14.8 0.27 259 0.0 0.0026 90
R 136453 4 0.0168 0.0000 0.0081 0.0177 -19.7 0.59 188 42.7 0.0253 37
R 136453 5 0.0323 0.0000 0.0278 0.0081 -28.2 2.18 746 46.2 0.0095 36
S 136646 2 0.0125 16.2 0.0000 0.0000 0.0954 -13.8
S 137646 2 0.0159 16.9 0.0000 0.0243 0.0000 -12.9
S 138652 2 0.0195 19.7 0.0000 0.1176 0.0000 -12.1
S 139655 2 0.0182 13.8 0.0000 0.2975 0.0000 -10.9
E 139876 2 1 s3_util 0.2137 10.9 -10.5
R 139876 0 0.0071 0.7738 0.7011 0.0000 -13.8 0.53 223 27.3 0.0000 0
R 139876 1 0.0170 0.0009 0.0657 0.0038 -13.8 0.73 398 14.6 0.0504 36
R 139876 2 0.0299 0.0000 0.0505 0.0188 -14.5 1.29 429 0.0 0.0003 71
R 139876 3 0.0246 0.0000 0.0485 0.0167 -14.8 0.27 259 3.4 0.0026 90
R 139876 4 0.0168 0.0000 0.0081 0.0177 -19.7 0.59 188 46.1 0.0253 37
R 139876 5 0.0323 0.0000 0.0278 0.0081 -28.2 2.18 746 49.6 0.0095 36
S 140655 1 0.0096 15.7 0.0000 0.0483 0.0000 -11.9
S 141663 1 0.0263 15.2 0.0000 0.0120 0.0000 -11.4
S 142664 1 0.0208 16.0 0.0000 0.0000 0.0000 -11.2
S 143664 1 0.0507 15.9 0.0000 0.0385 0.0000 -11.5
S 144666 1 0.0372 17.7 0.0000 0.0000 0.0000 -12.1
S 145675 1 0.0000 16.5 0.0000 0.0000 0.0000 -12.2
R 145675 0 0.0071 0.7738 0.7011 0.0000 -13.8 0.53 223 33.1 0.0000 0
R 145675 1 0.0174 0.0008 0.0605 0.0034 -13.6 1.01 495 0.0 0.0504 36
R 145675 2 0.0299 0.0000 0.0505 0.0188 -14.5 1.29 429 5.8 0.0003 81
R 145675 3 0.0246 0.0000 0.0485 0.0167 -14.8 0.27 259 9.2 0.0026 90
R 145675 4 0.0168 0.0000 0.0081 0.0177 -19.7 0.59 188 51.9 0.0253 37
R 145675 5 0.0323 0.0000 0.0278 0.0081 -28.2 2.18 746 55.4 0.0095 36
S 146676 1 0.0000 21.1 0.0000 0.0000 0.0000 -13.3
E 147022 1 2 promote 0.0000 25.1 -13.6
R 147022 0 0.0071 0.7738 0.7011 0.0000 -13.8 0.53 223 34.5 0.0000 0
R 147022 1 0.0169 0.0008 0.0605 0.0034 -13.5 1.00 520 0.0 0.0504 36
R 147022 2 0.0299 0.0000 0.0505 0.0188 -14.5 1.29 429 7.1 0.0004 104
R 147022 3 0.0246 0.0000 0.0485 0.0167 -14.8 0.27 259 10.6 0.0026 90
R 147022 4 0.0168 0.0000 0.0081 0.0177 -19.7 0.59 188 53.2 0.0253 37
R 147022 5 0.0323 0.0000 0.0278 0.0081 -28.2 2.18 746 56.7 0.0095 36
P 147022 2 pass 25.1 0.0529 2048 -13.6
S 147680 2 0.0499 21.1 0.0000 0.0304 0.0000 -13.7
S 148680 2 0.0100 15.5 0.0000 0.0265 0.0000 -12.7
S 149680 2 0.0033 24.6 0.0000 0.0000 0.0000 -14.0
S 150680 2 0.0166 21.1 0.0000 0.0000 0.0000 -13.6
S 151681 2 0.0190 23.0 0.0000 0.0304 0.0000 -13.8
S 152681 2 0.0206 23.1 0.0000 0.0000 0.0000 -13.6
S 153682 2 0.0181 19.8 0.0000 0.0000 0.0000 -12.4
E 154126 2 3 promote 0.0275 15.4 -12.6
R 154126 0 0.0071 0.7738 0.7011 0.0000 -13.8 0.53 223 41.6 0.0000 0
R 154126 1 0.0169 0.0008 0.0605 0.0034 -13.5 1.00 520 7.1 0.0504 36
R 154126 2 0.0284 0.0000 0.0475 0.0169 -14.4 1.27 557 0.0 0.0004 104
R 154126 3 0.0246 0.0000 0.0485 0.0167 -14.8 0.27 259 17.7 0.0037 127
R 154126 4 0.0168 0.0000 0.0081 0.0177 -19.7 0.59 188 60.4 0.0253 37
R 154126 5 0.0323 0.0000 0.0278 0.0081 -28.2 2.18 746 63.9 0.0095 36
P 154126 3 pass 15.4 0.1620 2026 -12.6
E 154591 3 2 residual 0.3028 15.6 -13.9
R 154591 0 0.0071 0.7738 0.7011 0.0000 -13.8 0.53 223 42.1 0.0000 0
R 154591 1 0.0169 0.0008 0.0605 0.0034 -13.5 1.00 520 7.6 0.0504 36
R 154591 2 0.0284 0.0000 0.0475 0.0169 -14.4 1.27 557 0.5 0.0004 104
R 154591 3 0.0252 0.0012 0.0495 0.0167 -14.8 0.27 263 0.0 0.0037 127
R 154591 4 0.0168 0.0000 0.0081 0.0177 -19.7 0.59 188 60.8 0.0253 37
R 154591 5 0.0323 0.0000 0.0278 0.0081 -28.2 2.18 746 64.3 0.0095 36
N 154591 3 1 164591
E 154646 2 1 residual 0.3669 14.7 -13.7
R 154646 0 0.0071 0.7738 0.7011 0.0000 -13.8 0.53 223 42.1 0.0000 0
R 154646 1 0.0169 0.0008 0.0605 0.0034 -13.5 1.00 520 7.6 0.0504 36
R 154646 2 0.0284 0.0000 0.0475 0.0169 -14.4 1.27 557 0.5 0.0004 104
R 154646 3 0.0252 0.0012 0.0495 0.0167 -14.8 0.27 263 0.1 0.0037 127
R 154646 4 0.0168 0.0000 0.0081 0.0177 -19.7 0.59 188 60.9 0.0253 37
R 154646 5 0.0323 0.0000 0.0278 0.0081 -28.2 2.18 746 64.4 0.0095 36
S 154685 1 0.3669 14.4 0.0000 0.0000 0.0000 -13.7
E 155055 1 0 util 0.6256 16.9 -14.0
R 155055 0 0.0071 0.7738 0.7011 0.0000 -13.8 0.53 223 42.5 0.0000 0
R 155055 1 0.0176 0.0008 0.0607 0.0034 -13.5 1.00 521 0.0 0.0504 36
R 155055 2 0.0284 0.0000 0.0475 0.0169 -14.4 1.27 557 0.9 0.0004 104
R 155055 3 0.0252 0.0012 0.0495 0.0167 -14.8 0.27 263 0.5 0.0037 127
R 155055 4 0.0168 0.0000 0.0081 0.0177 -19.7 0.59 188 61.3 0.0253 37
R 155055 5 0.0323 0.0000 0.0278 0.0081 -28.2 2.18 746 64.8 0.0095 36
S 155685 0 0.1926 20.7 0.0000 0.0000 0.4344 -13.4
R 155685 0 0.0081 0.7702 0.7002 0.0046 -13.8 0.53 227 0.1 0.0000 0
R 155685 1 0.0176 0.0008 0.0607 0.0034 -13.5 1.00 521 0.6 0.0504 36
R 155685 2 0.0284 0.0000 0.0475 0.0169 -14.4 1.27 557 1.6 0.0004 104
R 155685 3 0.0252 0.0012 0.0495 0.0167 -14.8 0.27 263 1.1 0.0037 127
R 155685 4 0.0168 0.0000 0.0081 0.0177 -19.7 0.59 188 61.9 0.0253 37
R 155685 5 0.0323 0.0000 0.0278 0.0081 -28.2 2.18 746 65.4 0.0095 36
S 156686 0 0.1418 16.1 0.0000 0.0000 0.0000 -12.7
S 157686 0 0.0389 13.3 0.0000 0.0000 0.0000 -10.9
S 158687 0 0.0163 23.8 0.0000 0.0000 0.0000 -13.4
S 159693 0 0.0577 21.8 0.0000 0.0000 0.0000 -13.0
S 160694 0 0.0000 23.9 0.0000 0.0000 0.0000 -13.1
S 161694 0 0.0000 27.0 0.0000 0.0000 0.0000 -13.5
E 162361 0 1 promote 0.0000 28.1 -13.7
R 162361 0 0.0157 0.6756 0.6967 0.0160 -13.7 0.62 343 0.0 0.0000 0
R 162361 1 0.0176 0.0008 0.0607 0.0034 -13.5 1.00 521 7.3 0.0504 36
R 162361 2 0.0284 0.0000 0.0475 0.0169 -14.4 1.27 557 8.2 0.0004 104
R 162361 3 0.0252 0.0012 0.0495 0.0167 -14.8 0.27 263 7.8 0.0037 127
R 162361 4 0.0168 0.0000 0.0081 0.0177 -19.7 0.59 188 68.6 0.0253 37
R 162361 5 0.0323 0.0000 0.0278 0.0081 -28.2 2.18 746 72.1 0.0095 36
S 162694 1 0.0120 29.5 0.0000 0.0000 0.0000 -14.4
S 163695 1 0.0172 28.6 0.0000 0.1452 0.0945 -14.5
E 163977 1 0 s3_util 0.5512 25.7 -14.5
R 163977 0 0.0157 0.6756 0.6967 0.0160 -13.7 0.62 343 1.6 0.0000 0
R 163977 1 0.0177 0.0008 0.0635 0.0114 -13.6 1.00 547 0.0 0.0504 36
R 163977 2 0.0284 0.0000 0.0475 0.0169 -14.4 1.27 557 9.9 0.0004 104
R 163977 3 0.0252 0.0012 0.0495 0.0167 -14.8 0.27 263 9.4 0.0037 127
R 163977 4 0.0168 0.0000 0.0081 0.0177 -19.7 0.59 188 70.2 0.0253 37
R 163977 5 0.0323 0.0000 0.0278 0.0081 -28.2 2.18 746 73.7 0.0095 36
N 163977 1 1 173977
S 164695 0 0.0233 26.7 0.0000 0.0147 0.0000 -14.5
S 165699 0 0.0726 25.7 0.0000 0.0000 0.0000 -13.7
R 165699 0 0.0166 0.6572 0.6873 0.0157 -13.7 0.62 367 0.0 0.0000 0
R 165699 1 0.0177 0.0008 0.0635 0.0114 -13.6 1.00 547 1.7 0.0504 36
R 165699 2 0.0284 0.0000 0.0475 0.0169 -14.4 1.27 557 11.6 0.0004 104
R 165699 3 0.0252 0.0012 0.0495 0.0167 -14.8 0.27 263 11.1 0.0037 127
R 165699 4 0.0168 0.0000 0.0081 0.0177 -19.7 0.59 188 71.9 0.0253 37
R 165699 5 0.0323 0.0000 0.0278 0.0081 -28.2 2.18 746 75.4 0.0095 36
S 166700 0 0.0127 23.5 0.0000 0.0000 0.0000 -13.5
S 167701 0 0.0283 25.2 0.0000 0.0000 0.0000 -14.0
S 168710 0 0.0000 25.7 0.0000 0.0000 0.0000 -13.5
S 169718 0 0.0000 26.4 0.0000 0.0000 0.0000 -13.4
S 170721 0 0.0000 25.8 0.0000 0.0000 0.0000 -13.5
S 171723 0 0.0203 25.9 0.0000 0.0000 0.0000 -13.8
S 172731 0 0.0000 25.0 0.0000 0.0000 0.0000 -13.8
S 173733 0 0.0000 26.2 0.0000 0.0000 0.0000 -13.9
E 173982 0 1 promote 0.0000 27.3 -13.9
R 173982 0 0.0170 0.5488 0.6480 0.0148 -13.7 0.57 523 0.0 0.0000 0
R 173982 1 0.0177 0.0008 0.0635 0.0114 -13.6 1.00 547 10.0 0.0504 36
R 173982 2 0.0284 0.0000 0.0475 0.0169 -14.4 1.27 557 19.9 0.0004 104
R 173982 3 0.0252 0.0012 0.0495 0.0167 -14.8 0.27 263 19.4 0.0037 127
R 173982 4 0.0168 0.0000 0.0081 0.0177 -19.7 0.59 188 80.2 0.0253 37
R 173982 5 0.0323 0.0000 0.0278 0.0081 -28.2 2.18 746 83.7 0.0095 36
S 174733 1 0.0322 28.3 0.0000 0.0347 0.0000 -14.9
S 175743 1 0.0135 25.3 0.0000 0.0184 0.0000 -14.7
R 175743 0 0.0170 0.5488 0.6480 0.0148 -13.7 0.57 523 1.8 0.0000 0
R 175743 1 0.0178 0.0007 0.0626 0.0111 -13.6 1.00 576 0.0 0.0504 36
R 175743 2 0.0284 0.0000 0.0475 0.0169 -14.4 1.27 557 21.6 0.0004 104
R 175743 3 0.0252 0.0012 0.0495 0.0167 -14.8 0.27 263 21.2 0.0037 127
R 175743 4 0.0168 0.0000 0.0081 0.0177 -19.7 0.59 188 82.0 0.0253 37
R 175743 5 0.0323 0.0000 0.0278 0.0081 -28.2 2.18 746 85.5 0.0095 36
S 176744 1 0.0000 25.7 0.0000 0.0000 0.0000 -13.8
S 177752 1 0.0000 24.3 0.0000 0.0000 0.0000 -13.5
S 178758 1 0.0000 25.1 0.0000 0.0000 0.0000 -13.8
S 179758 1 0.0000 27.4 0.0000 0.0000 0.0000 -13.4
S 180761 1 0.0000 24.4 0.0000 0.0000 0.0000 -13.4
E 181099 1 2 promote 0.0000 26.2 -13.5
R 181099 0 0.0170 0.5488 0.6480 0.0148 -13.7 0.57 523 7.1 0.0000 0
R 181099 1 0.0167 0.0007 0.0590 0.0103 -13.6 0.95 672 0.0 0.0504 36
R 181099 2 0.0284 0.0000 0.0475 0.0169 -14.4 1.27 557 27.0 0.0004 140
R 181099 3 0.0252 0.0012 0.0495 0.0167 -14.8 0.27 263 26.5 0.0037 127
R 181099 4 0.0168 0.0000 0.0081 0.0177 -19.7 0.59 188 87.3 0.0253 37
R 181099 5 0.0323 0.0000 0.0278 0.0081 -28.2 2.18 746 90.8 0.0095 36
P 181099 2 pass 26.2 0.0000 2038 -13.5
S 181761 2 0.0157 24.4 0.0000 0.0335 0.0000 -13.6
S 182761 2 0.0112 28.0 0.0000 0.0248 0.0000 -14.1
S 183764 2 0.0208 29.7 0.0000 0.0258 0.0000 -14.1
S 184764 2 0.0145 23.4 0.0000 0.0000 0.0000 -13.7
S 185764 2 0.0133 21.1 0.0000 0.0522 0.0000 -13.5
R 185764 0 0.0170 0.5488 0.6480 0.0148 -13.7 0.57 523 11.8 0.0000 0
R 185764 1 0.0167 0.0007 0.0590 0.0103 -13.6 0.95 672 4.7 0.0504 36
R 185764 2 0.0274 0.0000 0.0446 0.0153 -14.3 1.23 642 0.0 0.0004 140
R 185764 3 0.0252 0.0012 0.0495 0.0167 -14.8 0.27 263 31.2 0.0037 127
R 185764 4 0.0168 0.0000 0.0081 0.0177 -19.7 0.59 188 92.0 0.0253 37
R 185764 5 0.0323 0.0000 0.0278 0.0081 -28.2 2.18 746 95.5 0.0095 36
S 186764 2 0.0059 22.4 0.0000 0.0000 0.0000 -13.2
S 187771 2 0.0174 22.5 0.0000 0.0000 0.0000 -13.8
E 188216 2 3 promote 0.0166 24.7 -13.8
R 188216 0 0.0170 0.5488 0.6480 0.0148 -13.7 0.57 523 14.2 0.0000 0
R 188216 1 0.0167 0.0007 0.0590 0.0103 -13.6 0.95 672 7.1 0.0504 36
R 188216 2 0.0271 0.0000 0.0448 0.0151 -14.3 1.21 684 0.0 0.0004 140
R 188216 3 0.0252 0.0012 0.0495 0.0167 -14.8 0.27 263 33.6 0.0040 163
R 188216 4 0.0168 0.0000 0.0081 0.0177 -19.7 0.59 188 94.4 0.0253 37
R 188216 5 0.0323 0.0000 0.0278 0.0081 -28.2 2.18 746 97.9 0.0095 36
P 188216 3 pass 24.7 0.0000 2021 -13.8
S 188771 3 0.0000 23.2 0.0000 0.0924 0.0000 -14.7
S 189771 3 0.0138 25.1 0.0000 0.0457 0.0000 -14.7
S 190771 3 0.0053 26.8 0.0000 0.0312 0.0000 -14.9
S 191771 3 0.0230 29.5 0.0000 0.0131 0.0000 -14.8
S 192776 3 0.0168 27.3 0.0000 0.0206 0.0000 -14.6
S 193776 3 0.0214 31.5 0.0000 0.0000 0.0000 -14.9
S 194779 3 0.0239 34.2 0.0000 0.0000 0.0000 -14.9
E 195357 3 4 promote 0.0078 33.5 -14.8
R 195357 0 0.0170 0.5488 0.6480 0.0148 -13.7 0.57 523 21.4 0.0000 0
R 195357 1 0.0167 0.0007 0.0590 0.0103 -13.6 0.95 672 14.3 0.0504 36
R 195357 2 0.0271 0.0000 0.0448 0.0151 -14.3 1.21 684 7.1 0.0004 140
R 195357 3 0.0235 0.0010 0.0474 0.0150 -14.8 0.26 392 0.0 0.0040 163
R 195357 4 0.0168 0.0000 0.0081 0.0177 -19.7 0.59 188 101.6 0.0248 75
R 195357 5 0.0323 0.0000 0.0278 0.0081 -28.2 2.18 746 105.1 0.0095 36
P 195357 4 pass 33.5 0.0000 2044 -14.8
S 195784 4 0.0368 33.6 0.0000 0.0310 0.0000 -19.4
R 195784 0 0.0170 0.5488 0.6480 0.0148 -13.7 0.57 523 21.8 0.0000 0
R 195784 1 0.0167 0.0007 0.0590 0.0103 -13.6 0.95 672 14.7 0.0504 36
R 195784 2 0.0271 0.0000 0.0448 0.0151 -14.3 1.21 684 7.6 0.0004 140
R 195784 3 0.0235 0.0010 0.0474 0.0150 -14.8 0.26 392 0.4 0.0040 163
R 195784 4 0.0168 0.0000 0.0082 0.0177 -19.7 0.59 190 0.1 0.0248 75
R 195784 5 0.0323 0.0000 0.0278 0.0081 -28.2 2.18 746 105.5 0.0095 36
S 196784 4 0.0098 31.4 0.0000 0.0263 0.0000 -19.3
S 197784 4 0.0055 30.7 0.0000 0.0308 0.0000 -19.7
S 198784 4 0.0073 30.1 0.0000 0.0000 0.0000 -19.8
S 199784 4 0.0147 33.8 0.0000 0.0234 0.0000 -19.7
S 200786 4 0.0169 32.6 0.0000 0.0000 0.0000 -19.7
S 201787 4 0.0316 33.2 0.0000 0.0000 0.0000 -19.4
E 202471 4 5 promote 0.0155 32.5 -19.3
R 202471 0 0.0170 0.5488 0.6480 0.0148 -13.7 0.57 523 28.5 0.0000 0
R 202471 1 0.0167 0.0007 0.0590 0.0103 -13.6 0.95 672 21.4 0.0504 36
R 202471 2 0.0271 0.0000 0.0448 0.0151 -14.3 1.21 684 14.3 0.0004 140
R 202471 3 0.0235 0.0010 0.0474 0.0150 -14.8 0.26 392 7.1 0.0040 163
R 202471 4 0.0167 0.0000 0.0097 0.0159 -19.7 0.56 315 0.0 0.0248 75
R 202471 5 0.0323 0.0000 0.0278 0.0081 -28.2 2.18 746 112.2 0.0096 73
P 202471 5 pass 32.5 0.0169 2037 -19.3
S 202787 5 0.0080 33.4 0.0000 0.0285 0.0000 -27.6
S 203788 5 0.0391 31.8 0.0000 0.0263 0.0000 -27.9
S 204789 5 0.0231 35.0 0.0000 0.0611 0.0000 -28.0
S 205790 5 0.0130 34.5 0.0000 0.0212 0.0000 -28.2
R 205790 0 0.0170 0.5488 0.6480 0.0148 -13.7 0.57 523 31.8 0.0000 0
R 205790 1 0.0167 0.0007 0.0590 0.0103 -13.6 0.95 672 24.7 0.0504 36
R 205790 2 0.0271 0.0000 0.0448 0.0151 -14.3 1.21 684 17.6 0.0004 140
R 205790 3 0.0235 0.0010 0.0474 0.0150 -14.8 0.26 392 10.4 0.0040 163
R 205790 4 0.0167 0.0000 0.0097 0.0159 -19.7 0.56 315 3.3 0.0248 75
R 205790 5 0.0318 0.0000 0.0280 0.0075 -28.2 2.11 804 0.0 0.0096 73
S 206793 5 0.0132 33.4 0.0000 0.0000 0.0000 -27.9
S 207795 5 0.0162 32.5 0.0000 0.0000 0.0000 -27.5
S 208797 5 0.0240 33.5 0.0000 0.0000 0.0000 -27.4
S 209798 5 0.0122 32.5 0.0000 0.0000 0.0000 -28.0
S 210800 5 0.0103 31.8 0.0000 0.0168 0.0000 -27.8
S 211800 5 0.0138 32.7 0.0000 0.0000 0.0000 -27.6
S 212800 5 0.0112 31.3 0.0000 0.0309 0.0000 -27.5
S 213801 5 0.0000 30.8 0.0000 0.0000 0.0000 -26.3
S 214801 5 0.0071 32.0 0.0000 0.0000 0.0000 -27.4
S 215803 5 0.0093 32.2 0.0000 0.0000 0.0000 -27.5
R 215803 0 0.0170 0.5488 0.6480 0.0148 -13.7 0.57 523 41.8 0.0000 0
R 215803 1 0.0167 0.0007 0.0590 0.0103 -13.6 0.95 672 34.7 0.0504 36
R 215803 2 0.0271 0.0000 0.0448 0.0151 -14.3 1.21 684 27.6 0.0004 140
R 215803 3 0.0235 0.0010 0.0474 0.0150 -14.8 0.26 392 20.4 0.0040 163
R 215803 4 0.0167 0.0000 0.0097 0.0159 -19.7 0.56 315 13.3 0.0248 75
R 215803 5 0.0283 0.0000 0.0241 0.0060 -28.1 1.92 995 0.0 0.0096 73
S 216803 5 0.0000 29.7 0.0000 0.0000 0.0000 -25.9
S 217803 5 0.0190 32.7 0.0000 0.0000 0.0000 -27.5
S 218805 5 0.0083 25.1 0.0000 0.0000 0.0000 -24.0
S 219805 5 0.0249 26.2 0.0000 0.1487 0.0299 -24.1
S 220805 5 0.0050 23.6 0.0000 0.0244 0.0000 -22.8
S 221807 5 0.0139 27.1 0.0000 0.0544 0.0000 -25.6
S 222807 5 0.0896 21.7 0.0000 0.0237 0.0000 -21.7
E 223640 5 4 residual 0.1205 24.1 -23.2
R 223640 0 0.0170 0.5488 0.6480 0.0148 -13.7 0.57 523 49.7 0.0000 0
R 223640 1 0.0167 0.0007 0.0590 0.0103 -13.6 0.95 672 42.5 0.0504 36
R 223640 2 0.0271 0.0000 0.0448 0.0151 -14.3 1.21 684 35.4 0.0004 140
R 223640 3 0.0235 0.0010 0.0474 0.0150 -14.8 0.26 392 28.3 0.0040 163
R 223640 4 0.0167 0.0000 0.0097 0.0159 -19.7 0.56 315 21.2 0.0248 75
R 223640 5 0.0284 0.0012 0.0251 0.0226 -27.5 2.35 1144 0.0 0.0096 73
S 223808 4 0.1239 24.0 0.0000 0.0000 0.0756 -18.1
E 224173 4 3 util 0.2018 26.4 -18.4
R 224173 0 0.0170 0.5488 0.6480 0.0148 -13.7 0.57 523 50.2 0.0000 0
R 224173 1 0.0167 0.0007 0.0590 0.0103 -13.6 0.95 672 43.1 0.0504 36
R 224173 2 0.0271 0.0000 0.0448 0.0151 -14.3 1.21 684 36.0 0.0004 140
R 224173 3 0.0235 0.0010 0.0474 0.0150 -14.8 0.26 392 28.8 0.0040 163
R 224173 4 0.0179 0.0000 0.0117 0.0216 -19.7 0.58 320 0.0 0.0248 75
R 224173 5 0.0284 0.0012 0.0251 0.0226 -27.5 2.35 1144 0.5 0.0096 73
S 224808 3 0.0056 25.4 0.0000 0.0000 0.0000 -15.0
S 225809 3 0.0023 23.3 0.0000 0.0058 0.0000 -14.7
R 225809 0 0.0170 0.5488 0.6480 0.0148 -13.7 0.57 523 51.8 0.0000 0
R 225809 1 0.0167 0.0007 0.0590 0.0103 -13.6 0.95 672 44.7 0.0504 36
R 225809 2 0.0271 0.0000 0.0448 0.0151 -14.3 1.21 684 37.6 0.0004 140
R 225809 3 0.0230 0.0010 0.0463 0.0145 -14.8 0.26 418 0.0 0.0040 163
R 225809 4 0.0179 0.0000 0.0117 0.0216 -19.7 0.58 320 1.6 0.0248 75
R 225809 5 0.0284 0.0012 0.0251 0.0226 -27.5 2.35 1144 2.2 0.0096 73
S 226809 3 0.0202 25.7 0.0000 0.0000 0.0000 -15.0
S 227809 3 0.0191 26.0 0.0000 0.0271 0.0000 -15.0
S 228809 3 0.0026 32.4 0.0000 0.0199 0.0000 -15.0
S 229809 3 0.0087 32.8 0.0000 0.0000 0.0000 -15.0
S 230809 3 0.0097 31.1 0.0000 0.0000 0.0000 -15.0
E 231286 3 4 promote 0.0179 31.3 -15.0
R 231286 0 0.0170 0.5488 0.6480 0.0148 -13.7 0.57 523 57.3 0.0000 0
R 231286 1 0.0167 0.0007 0.0590 0.0103 -13.6 0.95 672 50.2 0.0504 36
R 231286 2 0.0271 0.0000 0.0448 0.0151 -14.3 1.21 684 43.1 0.0004 140
R 231286 3 0.0220 0.0009 0.0449 0.0134 -14.8 0.25 521 0.0 0.0040 163
R 231286 4 0.0179 0.0000 0.0117 0.0216 -19.7 0.58 320 7.1 0.0242 112
R 231286 5 0.0284 0.0012 0.0251 0.0226 -27.5 2.35 1144 7.6 0.0096 73
P 231286 4 pass 31.3 0.0150 2039 -15.0
S 231812 4 0.0083 32.6 0.0000 0.0000 0.0000 -19.6
S 232814 4 0.0213 32.3 0.0000 0.0000 0.0000 -19.8
S 233814 4 0.0230 23.8 0.0000 0.0327 0.0000 -18.2
S 234816 4 0.0169 22.2 0.0000 0.0225 0.0000 -17.9
S 235817 4 0.0248 19.1 0.0000 0.0151 0.0000 -17.2
R 235817 0 0.0170 0.5488 0.6480 0.0148 -13.7 0.57 523 61.8 0.0000 0
R 235817 1 0.0167 0.0007 0.0590 0.0103 -13.6 0.95 672 54.7 0.0504 36
R 235817 2 0.0271 0.0000 0.0448 0.0151 -14.3 1.21 684 47.6 0.0004 140
R 235817 3 0.0220 0.0009 0.0449 0.0134 -14.8 0.25 521 4.5 0.0040 163
R 235817 4 0.0182 0.0000 0.0119 0.0197 -19.6 0.70 401 0.0 0.0242 112
R 235817 5 0.0284 0.0012 0.0251 0.0226 -27.5 2.35 1144 12.2 0.0096 73
P 236810 5 fail 20.0 0.2013 443 -15.9
N 236810 5 1 246810
S 236818 4 0.0583 20.0 0.0000 0.0000 0.0415 -17.2
E 237393 4 3 s3_util 2.0934 21.5 -16.5
R 237393 0 0.0170 0.5488 0.6480 0.0148 -13.7 0.57 523 63.4 0.0000 0
R 237393 1 0.0167 0.0007 0.0590 0.0103 -13.6 0.95 672 56.3 0.0504 36
R 237393 2 0.0271 0.0000 0.0448 0.0151 -14.3 1.21 684 49.2 0.0004 140
R 237393 3 0.0220 0.0009 0.0449 0.0134 -14.8 0.25 521 6.1 0.0040 163
R 237393 4 0.0184 0.0000 0.0267 0.0262 -19.5 0.77 421 0.0 0.0242 112
R 237393 5 0.0284 0.0012 0.0251 0.0226 -27.5 2.35 1144 13.8 0.0105 79
S 237818 3 0.0222 21.2 0.0000 0.3121 0.0822 -14.6
S 238818 3 0.0107 22.0 0.0000 0.0000 0.0000 -14.6
S 239818 3 0.0072 24.6 0.0000 0.0180 0.0000 -14.4
S 240818 3 0.0160 21.5 0.0000 0.0492 0.0000 -14.3
S 241820 3 0.0326 23.1 0.0000 0.0122 0.0000 -14.8
S 242824 3 0.0231 29.8 0.0000 0.0000 0.0000 -15.0
S 243824 3 0.0000 28.2 0.0000 0.0000 0.0000 -14.8
E 244528 3 4 promote 0.0045 28.6 -15.0
R 244528 0 0.0170 0.5488 0.6480 0.0148 -13.7 0.57 523 70.5 0.0000 0
R 244528 1 0.0167 0.0007 0.0590 0.0103 -13.6 0.95 672 63.4 0.0504 36
R 244528 2 0.0271 0.0000 0.0448 0.0151 -14.3 1.21 684 56.3 0.0004 140
R 244528 3 0.0209 0.0007 0.0440 0.0152 -14.8 0.25 650 0.0 0.0040 163
R 244528 4 0.0184 0.0000 0.0267 0.0262 -19.5 0.77 421 7.1 0.0234 150
R 244528 5 0.0284 0.0012 0.0251 0.0226 -27.5 2.35 1144 20.9 0.0105 79
P 244528 4 pass 28.6 0.0199 2048 -15.0
S 244824 4 0.0087 24.3 0.0000 0.0000 0.0000 -18.9
S 245828 4 0.0158 30.5 0.0000 0.0267 0.0000 -19.0
R 245828 0 0.0170 0.5488 0.6480 0.0148 -13.7 0.57 523 71.8 0.0000 0
R 245828 1 0.0167 0.0007 0.0590 0.0103 -13.6 0.95 672 64.7 0.0504 36
R 245828 2 0.0271 0.0000 0.0448 0.0151 -14.3 1.21 684 57.6 0.0004 140
R 245828 3 0.0209 0.0007 0.0440 0.0152 -14.8 0.25 650 1.3 0.0040 163
R 245828 4 0.0182 0.0000 0.0270 0.0256 -19.5 0.77 441 0.0 0.0234 150
R 245828 5 0.0284 0.0012 0.0251 0.0226 -27.5 2.35 1144 22.2 0.0105 79
S 246830 4 0.0145 28.0 0.0000 0.0000 0.0000 -19.0
S 247831 4 0.0296 20.9 0.0000 0.0000 0.0000 -17.3
S 248831 4 0.0295 21.2 0.0000 0.0739 0.0000 -17.0
E 249403 4 3 s3_residual 0.1670 20.4 -17.4
R 249403 0 0.0170 0.5488 0.6480 0.0148 -13.7 0.57 523 75.4 0.0000 0
R 249403 1 0.0167 0.0007 0.0590 0.0103 -13.6 0.95 672 68.3 0.0504 36
R 249403 2 0.0271 0.0000 0.0448 0.0151 -14.3 1.21 684 61.2 0.0004 140
R 249403 3 0.0209 0.0007 0.0440 0.0152 -14.8 0.25 650 4.9 0.0040 163
R 249403 4 0.0190 0.0000 0.0285 0.0362 -19.4 0.89 511 0.0 0.0234 150
R 249403 5 0.0284 0.0012 0.0251 0.0226 -27.5 2.35 1144 25.8 0.0105 79
S 249833 3 0.0415 21.4 0.0000 0.3517 0.0896 -14.5
E 249966 3 2 s3_util 0.3953 20.7 -14.4
R 249966 0 0.0170 0.5488 0.6480 0.0148 -13.7 0.57 523 76.0 0.0000 0
R 249966 1 0.0167 0.0007 0.0590 0.0103 -13.6 0.95 672 68.9 0.0504 36
R 249966 2 0.0271 0.0000 0.0448 0.0151 -14.3 1.21 684 61.8 0.0004 140
R 249966 3 0.0211 0.0007 0.0460 0.0220 -14.8 0.25 656 0.0 0.0040 163
R 249966 4 0.0190 0.0000 0.0285 0.0362 -19.4 0.89 511 0.6 0.0234 150
R 249966 5 0.0284 0.0012 0.0251 0.0226 -27.5 2.35 1144 26.3 0.0105 79
S 250836 2 0.0078 22.7 0.0000 0.0000 0.0000 -13.8
S 251837 2 0.0113 21.1 0.0000 0.0157 0.0000 -13.1
S 252837 2 0.0237 24.0 0.0000 0.0178 0.0000 -13.6
S 253837 2 0.0229 21.1 0.0000 0.0000 0.0000 -13.2
S 254837 2 0.0353 25.6 0.0000 0.0000 0.0000 -13.9
S 255839 2 0.0115 24.6 0.0000 0.0000 0.0000 -13.8
R 255839 0 0.0170 0.5488 0.6480 0.0148 -13.7 0.57 523 81.9 0.0000 0
R 255839 1 0.0167 0.0007 0.0590 0.0103 -13.6 0.95 672 74.7 0.0504 36
R 255839 2 0.0269 0.0000 0.0432 0.0134 -14.2 1.17 789 0.0 0.0004 140
R 255839 3 0.0211 0.0007 0.0460 0.0220 -14.8 0.25 656 5.9 0.0041 169
R 255839 4 0.0190 0.0000 0.0285 0.0362 -19.4 0.89 511 6.4 0.0234 150
R 255839 5 0.0284 0.0012 0.0251 0.0226 -27.5 2.35 1144 32.2 0.0105 79
S 256839 2 0.0296 22.6 0.0000 0.0000 0.0000 -13.5
E 257458 2 3 promote 0.0135 24.0 -13.8
R 257458 0 0.0170 0.5488 0.6480 0.0148 -13.7 0.57 523 83.5 0.0000 0
R 257458 1 0.0167 0.0007 0.0590 0.0103 -13.6 0.95 672 76.4 0.0504 36
R 257458 2 0.0266 0.0000 0.0432 0.0134 -14.2 1.16 821 0.0 0.0004 140
R 257458 3 0.0211 0.0007 0.0460 0.0220 -14.8 0.25 656 7.5 0.0042 201
R 257458 4 0.0190 0.0000 0.0285 0.0362 -19.4 0.89 511 8.1 0.0234 150
R 257458 5 0.0284 0.0012 0.0251 0.0226 -27.5 2.35 1144 33.8 0.0105 79
P 257458 3 pass 24.0 0.0104 2049 -13.8
S 257839 3 0.0157 23.7 0.0000 0.0135 0.0000 -14.7
S 258839 3 0.0240 22.0 0.0000 0.0655 0.0000 -14.6
S 259839 3 0.0180 20.1 0.0000 0.0123 0.0000 -14.4
E 260613 3 2 s3_util 0.2794 18.8 -13.9
R 260613 0 0.0170 0.5488 0.6480 0.0148 -13.7 0.57 523 86.6 0.0000 0
R 260613 1 0.0167 0.0007 0.0590 0.0103 -13.6 0.95 672 79.5 0.0504 36
R 260613 2 0.0266 0.0000 0.0432 0.0134 -14.2 1.16 821 3.2 0.0004 140
R 260613 3 0.0214 0.0007 0.0485 0.0206 -14.8 0.27 712 0.0 0.0042 201
R 260613 4 0.0190 0.0000 0.0285 0.0362 -19.4 0.89 511 11.2 0.0234 150
R 260613 5 0.0284 0.0012 0.0251 0.0226 -27.5 2.35 1144 37.0 0.0105 79
S 260839 2 0.0890 14.6 0.0000 0.0000 0.0000 -11.7
E 261163 2 1 s3_util 0.4087 20.2 -12.9
R 261163 0 0.0170 0.5488 0.6480 0.0148 -13.7 0.57 523 87.2 0.0000 0
R 261163 1 0.0167 0.0007 0.0590 0.0103 -13.6 0.95 672 80.1 0.0504 36
R 261163 2 0.0267 0.0000 0.0454 0.0168 -14.2 1.16 827 0.0 0.0004 140
R 261163 3 0.0214 0.0007 0.0485 0.0206 -14.8 0.27 712 0.6 0.0042 201
R 261163 4 0.0190 0.0000 0.0285 0.0362 -19.4 0.89 511 11.8 0.0234 150
R 261163 5 0.0284 0.0012 0.0251 0.0226 -27.5 2.35 1144 37.5 0.0105 79
E 261719 1 0 s3_util 0.2268 25.1 -13.8
R 261719 0 0.0170 0.5488 0.6480 0.0148 -13.7 0.57 523 87.7 0.0000 0
R 261719 1 0.0167 0.0007 0.0602 0.0171 -13.6 0.95 678 0.0 0.0504 36
R 261719 2 0.0267 0.0000 0.0454 0.0168 -14.2 1.16 827 0.6 0.0004 140
R 261719 3 0.0214 0.0007 0.0485 0.0206 -14.8 0.27 712 1.1 0.0042 201
R 261719 4 0.0190 0.0000 0.0285 0.0362 -19.4 0.89 511 12.3 0.0234 150
R 261719 5 0.0284 0.0012 0.0251 0.0226 -27.5 2.35 1144 38.1 0.0105 79
S 261839 0 0.0000 19.1 0.0000 0.0000 0.0588 -12.0
S 262845 0 0.0386 16.7 0.0000 0.0380 0.0000 -12.6
S 263849 0 0.0275 14.3 0.0000 0.0706 0.0000 -11.1
S 264858 0 0.0000 15.0 0.0000 0.0000 0.0000 -11.6
S 265864 0 0.0000 18.0 0.0000 0.0000 0.0000 -12.3
R 265864 0 0.0170 0.5038 0.5974 0.0147 -13.6 0.76 597 0.1 0.0000 0
R 265864 1 0.0167 0.0007 0.0602 0.0171 -13.6 0.95 678 4.1 0.0504 36
R 265864 2 0.0267 0.0000 0.0454 0.0168 -14.2 1.16 827 4.7 0.0004 140
R 265864 3 0.0214 0.0007 0.0485 0.0206 -14.8 0.27 712 5.3 0.0042 201
R 265864 4 0.0190 0.0000 0.0285 0.0362 -19.4 0.89 511 16.5 0.0234 150
R 265864 5 0.0284 0.0012 0.0251 0.0226 -27.5 2.35 1144 42.2 0.0105 79
S 266866 0 0.1000 19.3 0.0000 0.0000 0.0000 -12.2
S 267867 0 0.0000 17.3 0.0000 0.0000 0.0000 -12.4
E 268834 0 1 promote 0.0000 20.9 -12.6
R 268834 0 0.0165 0.4745 0.5844 0.0144 -13.5 0.83 649 0.0 0.0000 0
R 268834 1 0.0167 0.0007 0.0602 0.0171 -13.6 0.95 678 7.1 0.0499 71
R 268834 2 0.0267 0.0000 0.0454 0.0168 -14.2 1.16 827 7.7 0.0004 140
R 268834 3 0.0214 0.0007 0.0485 0.0206 -14.8 0.27 712 8.2 0.0042 201
R 268834 4 0.0190 0.0000 0.0285 0.0362 -19.4 0.89 511 19.4 0.0234 150
R 268834 5 0.0284 0.0012 0.0251 0.0226 -27.5 2.35 1144 45.2 0.0105 79
P 268834 1 pass 20.9 0.0000 2007 -12.6
S 268868 1 0.0000 20.9 0.0000 0.0000 0.0000 -12.6
S 269868 1 0.0084 24.7 0.0000 0.0328 0.0000 -13.9
S 270869 1 0.0000 24.1 0.0000 0.0000 0.0000 -13.7
S 271872 1 0.0369 26.0 0.0000 0.0000 0.0000 -13.6
S 272875 1 0.0000 17.5 0.0000 0.0984 0.0000 -12.3
S 273885 1 0.0000 21.3 0.0000 0.0000 0.0000 -13.3
S 274885 1 0.0000 20.3 0.0000 0.0000 0.0000 -12.9
S 275890 1 0.1698 23.0 0.0000 0.0000 0.0000 -13.3
R 275890 0 0.0165 0.4745 0.5844 0.0144 -13.5 0.83 649 7.1 0.0000 0
R 275890 1 0.0173 0.0006 0.0557 0.0154 -13.5 0.91 799 0.0 0.0499 71
R 275890 2 0.0267 0.0000 0.0454 0.0168 -14.2 1.16 827 14.7 0.0004 172
R 275890 3 0.0214 0.0007 0.0485 0.0206 -14.8 0.27 712 15.3 0.0042 201
R 275890 4 0.0190 0.0000 0.0285 0.0362 -19.4 0.89 511 26.5 0.0234 150
R 275890 5 0.0284 0.0012 0.0251 0.0226 -27.5 2.35 1144 52.2 0.0105 79
E 276018 1 2 promote 0.1837 23.0 -13.3
R 276018 0 0.0165 0.4745 0.5844 0.0144 -13.5 0.83 649 7.2 0.0000 0
R 276018 1 0.0179 0.0006 0.0557 0.0154 -13.5 0.91 802 0.0 0.0499 71
R 276018 2 0.0267 0.0000 0.0454 0.0168 -14.2 1.16 827 14.9 0.0004 175
R 276018 3 0.0214 0.0007 0.0485 0.0206 -14.8 0.27 712 15.4 0.0042 201
R 276018 4 0.0190 0.0000 0.0285 0.0362 -19.4 0.89 511 26.6 0.0234 150
R 276018 5 0.0284 0.0012 0.0251 0.0226 -27.5 2.35 1144 52.4 0.0105 79
P 276018 2 pass 23.0 0.0000 2002 -13.3
E 276069 2 1 probation 0.2083 23.2 -13.3
R 276069 0 0.0165 0.4745 0.5844 0.0144 -13.5 0.83 649 7.2 0.0000 0
R 276069 1 0.0179 0.0006 0.0557 0.0154 -13.5 0.91 802 0.1 0.0499 71
R 276069 2 0.0267 0.0000 0.0454 0.0168 -14.2 1.16 827 14.9 0.0004 175
R 276069 3 0.0214 0.0007 0.0485 0.0206 -14.8 0.27 712 15.5 0.0042 201
R 276069 4 0.0190 0.0000 0.0285 0.0362 -19.4 0.89 511 26.7 0.0234 150
R 276069 5 0.0284 0.0012 0.0251 0.0226 -27.5 2.35 1144 52.4 0.0105 79
N 276069 2 1 286069
S 276890 1 0.0043 17.1 0.0000 0.0295 0.0000 -12.7
S 277896 1 0.0341 14.1 0.0000 0.0608 0.0000 -11.7
S 278896 1 0.1071 20.5 0.0000 0.0000 0.0000 -13.0
S 279906 1 0.0000 18.8 0.0000 0.0000 0.0000 -12.7
S 280911 1 0.0345 19.3 0.0000 0.0000 0.0000 -12.7
S 281920 1 0.0808 22.3 0.0000 0.0000 0.0000 -13.3
S 282921 1 0.0135 24.3 0.0000 0.0000 0.0000 -13.6
S 283922 1 0.0079 27.2 0.0000 0.0000 0.0000 -14.0
S 284922 1 0.0273 25.7 0.0000 0.0000 0.0000 -13.9
S 285923 1 0.1167 26.6 0.0000 0.0000 0.0000 -13.8
R 285923 0 0.0165 0.4745 0.5844 0.0144 -13.5 0.83 649 17.1 0.0000 0
R 285923 1 0.0212 0.0005 0.0468 0.0126 -13.5 0.89 977 0.0 0.0499 71
R 285923 2 0.0267 0.0000 0.0454 0.0168 -14.2 1.16 827 24.8 0.0004 175
R 285923 3 0.0214 0.0007 0.0485 0.0206 -14.8 0.27 712 25.3 0.0042 201
R 285923 4 0.0190 0.0000 0.0285 0.0362 -19.4 0.89 511 36.5 0.0234 150
R 285923 5 0.0284 0.0012 0.0251 0.0226 -27.5 2.35 1144 62.3 0.0105 79
S 286932 1 0.0000 28.2 0.0000 0.0000 0.0000 -13.8
P 287155 2 abort 27.1 0.0000 1056 -13.7
S 287937 1 0.0000 32.1 0.0000 0.0000 0.0000 -13.9
S 288937 1 0.0000 33.0 0.0000 0.0000 0.0000 -13.8
S 289937 1 0.0000 34.1 0.0000 0.0000 0.0000 -13.7
S 290939 1 0.0000 34.1 0.0000 0.0000 0.0000 -13.8
S 291941 1 0.0000 35.6 0.0000 0.0000 0.0000 -13.8
E 292226 1 2 promote 0.0000 34.6 -13.8
R 292226 0 0.0165 0.4745 0.5844 0.0144 -13.5 0.83 649 23.4 0.0000 0
R 292226 1 0.0192 0.0004 0.0457 0.0123 -13.5 0.84 1084 0.0 0.0499 71
R 292226 2 0.0267 0.0000 0.0454 0.0168 -14.2 1.16 827 31.1 0.0004 183
R 292226 3 0.0214 0.0007 0.0485 0.0206 -14.8 0.27 712 31.6 0.0042 201
R 292226 4 0.0190 0.0000 0.0285 0.0362 -19.4 0.89 511 42.8 0.0234 150
R 292226 5 0.0284 0.0012 0.0251 0.0226 -27.5 2.35 1144 68.6 0.0105 79
S 292941 2 0.0000 34.1 0.0000 0.0000 0.0000 -14.4
S 293941 2 0.0265 33.9 0.0000 0.0000 0.0000 -14.5
S 294941 2 0.0129 35.5 0.0000 0.0000 0.0000 -13.9
S 295941 2 0.0144 35.1 0.0000 0.0659 0.0000 -14.2
R 295941 0 0.0165 0.4745 0.5844 0.0144 -13.5 0.83 649 27.1 0.0000 0
R 295941 1 0.0192 0.0004 0.0457 0.0123 -13.5 0.84 1084 3.7 0.0499 71
R 295941 2 0.0259 0.0000 0.0442 0.0156 -14.2 1.12 893 0.0 0.0004 183
R 295941 3 0.0214 0.0007 0.0485 0.0206 -14.8 0.27 712 35.3 0.0042 201
R 295941 4 0.0190 0.0000 0.0285 0.0362 -19.4 0.89 511 46.5 0.0234 150
R 295941 5 0.0284 0.0012 0.0251 0.0226 -27.5 2.35 1144 72.3 0.0105 79
S 296941 2 0.0184 33.6 0.0000 0.0000 0.0000 -14.7
S 297941 2 0.0159 34.7 0.0000 0.0000 0.0000 -14.3
S 298944 2 0.0327 35.1 0.0000 0.0000 0.0000 -14.1
E 299380 2 3 promote 0.0274 34.4 -14.3
R 299380 0 0.0165 0.4745 0.5844 0.0144 -13.5 0.83 649 30.5 0.0000 0
R 299380 1 0.0192 0.0004 0.0457 0.0123 -13.5 0.84 1084 7.2 0.0499 71
R 299380 2 0.0257 0.0000 0.0434 0.0151 -14.2 1.08 955 0.0 0.0004 183
R 299380 3 0.0214 0.0007 0.0485 0.0206 -14.8 0.27 712 38.8 0.0043 238
R 299380 4 0.0190 0.0000 0.0285 0.0362 -19.4 0.89 511 50.0 0.0234 150
R 299380 5 0.0284 0.0012 0.0251 0.0226 -27.5 2.35 1144 75.7 0.0105 79
P 299380 3 pass 34.4 0.0000 2046 -14.3
S 299945 3 0.0211 33.7 0.0000 0.0328 0.0000 -14.9
S 300946 3 0.0198 34.3 0.0000 0.0596 0.0000 -15.1
S 301946 3 0.0106 35.4 0.0000 0.0374 0.0000 -15.0
S 302946 3 0.0048 35.5 0.0000 0.0204 0.0000 -15.0
S 303946 3 0.0188 33.9 0.0000 0.0149 0.0000 -15.0
S 304953 3 0.0220 35.2 0.0000 0.0000 0.0000 -14.9
S 305953 3 0.0078 35.6 0.0000 0.0000 0.0000 -15.0
R 305953 0 0.0165 0.4745 0.5844 0.0144 -13.5 0.83 649 37.1 0.0000 0
R 305953 1 0.0192 0.0004 0.0457 0.0123 -13.5 0.84 1084 13.7 0.0499 71
R 305953 2 0.0257 0.0000 0.0434 0.0151 -14.2 1.08 955 6.6 0.0004 183
R 305953 3 0.0210 0.0006 0.0468 0.0185 -14.8 0.26 829 0.0 0.0043 238
R 305953 4 0.0190 0.0000 0.0285 0.0362 -19.4 0.89 511 56.5 0.0231 175
R 305953 5 0.0284 0.0012 0.0251 0.0226 -27.5 2.35 1144 82.3 0.0105 79
E 306484 3 4 promote 0.0180 35.5 -14.8
R 306484 0 0.0165 0.4745 0.5844 0.0144 -13.5 0.83 649 37.6 0.0000 0
R 306484 1 0.0192 0.0004 0.0457 0.0123 -13.5 0.84 1084 14.3 0.0499 71
R 306484 2 0.0257 0.0000 0.0434 0.0151 -14.2 1.08 955 7.1 0.0004 183
R 306484 3 0.0209 0.0006 0.0468 0.0185 -14.8 0.26 840 0.0 0.0043 238
R 306484 4 0.0190 0.0000 0.0285 0.0362 -19.4 0.89 511 57.1 0.0229 186
R 306484 5 0.0284 0.0012 0.0251 0.0226 -27.5 2.35 1144 82.8 0.0105 79
P 306484 4 pass 35.5 0.0090 2027 -14.8
S 306957 4 0.0215 35.7 0.0000 0.0577 0.0000 -19.3
S 307957 4 0.0126 33.7 0.0000 0.0000 0.0000 -19.6
S 308957 4 0.0379 36.2 0.0000 0.0000 0.0000 -19.8
S 309957 4 0.0241 34.7 0.0000 0.0000 0.0000 -21.0
S 310959 4 0.0306 35.4 0.0000 0.0481 0.0000 -19.7
S 311962 4 0.0243 35.0 0.0000 0.0000 0.0000 -20.2
E 312769 4 0 starved 0.0000 33.7 -19.8
R 312769 0 0.0165 0.4745 0.5844 0.0144 -13.5 0.83 649 43.9 0.0000 0
R 312769 1 0.0192 0.0004 0.0457 0.0123 -13.5 0.84 1084 20.5 0.0499 71
R 312769 2 0.0257 0.0000 0.0434 0.0151 -14.2 1.08 955 13.4 0.0004 183
R 312769 3 0.0209 0.0006 0.0468 0.0185 -14.8 0.26 840 6.3 0.0043 238
R 312769 4 0.0189 0.0000 0.0282 0.0326 -19.5 0.87 613 0.4 0.0229 186
R 312769 5 0.0284 0.0012 0.0251 0.0226 -27.5 2.35 1144 89.1 0.0104 93
P 312769 5 abort 33.7 0.0000 1224 -19.8
S 312972 0 0.0088 33.7 0.0000 0.0000 0.0000 -19.8
S 313979 0 0.0088 33.7 0.0000 0.0000 0.0000 -19.8
S 314979 0 0.0088 33.7 0.0000 0.0000 0.0000 -19.8
S 315986 0 0.0088 33.7 0.0000 0.0000 0.0000 -19.8
R 315986 0 0.0165 0.4745 0.5844 0.0144 -13.5 0.83 649 47.2 0.0000 0
R 315986 1 0.0192 0.0004 0.0457 0.0123 -13.5 0.84 1084 23.8 0.0499 71
R 315986 2 0.0257 0.0000 0.0434 0.0151 -14.2 1.08 955 16.6 0.0004 183
R 315986 3 0.0209 0.0006 0.0468 0.0185 -14.8 0.26 840 9.5 0.0043 238
R 315986 4 0.0189 0.0000 0.0282 0.0326 -19.5 0.87 613 3.6 0.0229 186
R 315986 5 0.0284 0.0012 0.0251 0.0226 -27.5 2.35 1144 92.3 0.0104 93
S 316986 0 0.0088 33.7 0.0000 0.0000 0.0000 -19.8
S 317995 0 0.0088 33.7 0.0000 0.0000 0.0000 -19.8
S 319002 0 0.0088 33.7 0.0000 0.0000 0.0000 -19.8
S 320008 0 0.0088 33.7 0.0000 0.0000 0.0000 -19.8
S 321017 0 0.0088 33.7 0.0000 0.0000 0.0000 -19.8
S 322025 0 0.0088 33.7 0.0000 0.0000 0.0000 -19.8
S 323030 0 0.0088 33.7 0.0000 0.0000 0.0000 -19.8
S 324031 0 0.0088 33.7 0.0000 0.0000 0.0000 -19.8
S 325032 0 0.0088 33.7 0.0000 0.0000 0.0000 -19.8
S 326032 0 0.0088 33.7 0.0000 0.0000 0.0000 -19.8
R 326032 0 0.0165 0.4745 0.5844 0.0144 -13.5 0.83 649 57.2 0.0000 0
R 326032 1 0.0192 0.0004 0.0457 0.0123 -13.5 0.84 1084 33.8 0.0499 71
R 326032 2 0.0257 0.0000 0.0434 0.0151 -14.2 1.08 955 26.7 0.0004 183
R 326032 3 0.0209 0.0006 0.0468 0.0185 -14.8 0.26 840 19.5 0.0043 238
R 326032 4 0.0189 0.0000 0.0282 0.0326 -19.5 0.87 613 13.7 0.0229 186
R 326032 5 0.0284 0.0012 0.0251 0.0226 -27.5 2.35 1144 102.4 0.0104 93
S 327037 0 0.0088 33.7 0.0000 0.0000 0.0000 -19.8
S 328046 0 0.0088 33.7 0.0000 0.0000 0.0000 -19.8
S 329047 0 0.0088 33.7 0.0000 0.0000 0.0000 -19.8
S 330047 0 0.0088 33.7 0.0000 0.0000 0.0000 -19.8
S 331051 0 0.0088 33.7 0.0000 0.0000 0.0000 -19.8
S 332052 0 0.0088 33.7 0.0000 0.0000 0.0000 -19.8
S 333053 0 0.0088 33.7 0.0000 0.0000 0.0000 -19.8
S 334054 0 0.0088 33.7 0.0000 0.0000 0.0000 -19.8
S 335063 0 0.0088 33.7 0.0000 0.0000 0.0000 -19.8
S 336069 0 0.0088 33.7 0.0000 0.0000 0.0000 -19.8
R 336069 0 0.0165 0.4745 0.5844 0.0144 -13.5 0.83 649 67.2 0.0000 0
R 336069 1 0.0192 0.0004 0.0457 0.0123 -13.5 0.84 1084 43.8 0.0499 71
R 336069 2 0.0257 0.0000 0.0434 0.0151 -14.2 1.08 955 36.7 0.0004 183
R 336069 3 0.0209 0.0006 0.0468 0.0185 -14.8 0.26 840 29.6 0.0043 238
R 336069 4 0.0189 0.0000 0.0282 0.0326 -19.5 0.87 613 23.7 0.0229 186
R 336069 5 0.0284 0.0012 0.0251 0.0226 -27.5 2.35 1144 112.4 0.0104 93
S 337073 0 0.0088 33.7 0.0000 0.0000 0.0000 -19.8
S 338082 0 0.0088 33.7 0.0000 0.0000 0.0000 -19.8
S 339092 0 0.0088 33.7 0.0000 0.0000 0.0000 -19.8
S 340098 0 0.0088 33.7 0.0000 0.0000 0.0000 -19.8
S 341102 0 0.0088 33.7 0.0000 0.0000 0.0000 -19.8
S 342105 0 0.0088 33.7 0.0000 0.0000 0.0000 -19.8
